05-01 02:18:45.682 29182 29284 W NamedFutures: (REDACTED) Timeout future task has been cancelled: %d milliseconds
05-01 02:18:45.689 28600 28600 I SAMSUNGWALLET: [SmpHelper] initialize - finish: 56
05-01 02:18:45.698 28600 28600 I SAMSUNGWALLET: [SamsungPayBaseApplication] init user agent
05-01 02:18:45.719 29182 29182 E A       : (REDACTED) Task %s failed or timed out. Client %d disconnecting from SearchService!
05-01 02:18:45.719 29182 29182 E A       : java.util.concurrent.CancellationException: Task was cancelled.
05-01 02:18:45.719 29182 29182 E A       :      at com.google.common.util.concurrent.d.s(PG:33)
05-01 02:18:45.719 29182 29182 E A       :      at com.google.common.util.concurrent.d.get(PG:3)
05-01 02:18:45.719 29182 29182 E A       :      at com.google.common.util.concurrent.dw.a(PG:2)
05-01 02:18:45.719 29182 29182 E A       :      at com.google.common.util.concurrent.cn.r(PG:10)
05-01 02:18:45.719 29182 29182 E A       :      at com.google.common.util.concurrent.by.run(PG:24)
05-01 02:18:45.719 29182 29182 E A       :      at com.google.android.apps.gsa.shared.util.c.a.az.run(PG:3)
05-01 02:18:45.719 29182 29182 E A       :      at android.os.Handler.handleCallback(Handler.java:938)
05-01 02:18:45.719 29182 29182 E A       :      at android.os.Handler.dispatchMessage(Handler.java:99)
05-01 02:18:45.719 29182 29182 E A       :      at android.os.Looper.loop(Looper.java:246)
05-01 02:18:45.719 29182 29182 E A       :      at android.app.ActivityThread.main(ActivityThread.java:8625)
05-01 02:18:45.719 29182 29182 E A       :      at java.lang.reflect.Method.invoke(Native Method)
05-01 02:18:45.719 29182 29182 E A       :      at com.android.internal.os.RuntimeInit$MethodAndArgsCaller.run(RuntimeInit.java:602)
05-01 02:18:45.719 29182 29182 E A       :      at com.android.internal.os.ZygoteInit.main(ZygoteInit.java:1130)
05-01 02:18:45.731 29182 29276 E A       : (REDACTED) failed to broadcast acl intent %s
05-01 02:18:45.743 29182 29182 I A       : Trimming objects from memory, since app is in the background.
05-01 02:18:45.760  4039  4278 D StorageManagerService: getExternalStorageMountMode: uid=5026 packageName=com.samsung.android.app.sharelive
05-01 02:18:45.761  4039  4278 D CompatibilityChangeReporter: Compat change id reported: 135634846; UID 5026; state: DISABLED
05-01 02:18:45.785  3603  3603 D Zygote  : Forked child process 29335
05-01 02:18:45.803  4039  4068 I ActivityManager: Start proc 29335:com.samsung.android.app.sharelive/5026 for broadcast {com.samsung.android.app.sharelive/com.samsung.android.app.sharelive.presentation.smp.SmpEventReceiver}
05-01 02:18:45.811  4039  4278 W ActivityManager: Background start not allowed: service Intent { cmp=com.google.android.googlequicksearchbox/com.google.android.apps.gsa.shared.util.keepalive.StandaloneKeepAlive$KeepAliveService } to com.google.android.googlequicksearchbox/com.google.android.apps.gsa.shared.util.keepalive.StandaloneKeepAlive$KeepAliveService from pid=29182 uid=15410066 pkg=com.google.android.googlequicksearchbox startFg?=false
05-01 02:18:45.818  4589  4589 I Launcher.NotificationListener: onNotificationPosted : com.google.android.gms number : 0
05-01 02:18:45.819  4589  4683 I Launcher.NotificationListener: notificationIsValidForUI : com.google.android.gms missingTitleAndText : false isGroupHeader : false
05-01 02:18:45.824  4364  4364 D InterruptionStateProvider: No bubble up: not allowed to bubble: 0|com.google.android.gms|3|com.google.android.gms.people.sync.focus.notification.sync_progress.tag.3e56390e833b4567|10038
05-01 02:18:45.832  4364  4364 D InterruptionStateProvider:  no Heads up : edgelighting enabled app. 0|com.google.android.gms|3|com.google.android.gms.people.sync.focus.notification.sync_progress.tag.3e56390e833b4567|10038
05-01 02:18:45.836 29182 29304 W A       : (REDACTED) Attempting to start service when the app is in background is not allowed on Android O+. Intent: %s
05-01 02:18:45.836 29182 29304 W A       : java.lang.IllegalStateException: Not allowed to start service Intent { cmp=com.google.android.googlequicksearchbox/com.google.android.apps.gsa.shared.util.keepalive.StandaloneKeepAlive$KeepAliveService }: app is in background uid UidRecord{c0ac9cf u154a66 CEM  idle change:cached procs:1 seq(0,0,0)}
05-01 02:18:45.836 29182 29304 W A       :      at android.app.ContextImpl.startServiceCommon(ContextImpl.java:1795)
05-01 02:18:45.836 29182 29304 W A       :      at android.app.ContextImpl.startService(ContextImpl.java:1740)
05-01 02:18:45.836 29182 29304 W A       :      at android.content.ContextWrapper.startService(ContextWrapper.java:738)
05-01 02:18:45.836 29182 29304 W A       :      at com.google.android.apps.gsa.shared.util.keepalive.d.g(PG:12)
05-01 02:18:45.836 29182 29304 W A       :      at com.google.android.apps.gsa.shared.util.keepalive.d.e(PG:4)
05-01 02:18:45.836 29182 29304 W A       :      at com.google.android.apps.gsa.search.core.service.be.a(PG:70)
05-01 02:18:45.836 29182 29304 W A       :      at com.google.android.apps.gsa.search.core.service.ai.run(PG:76)
05-01 02:18:45.836 29182 29304 W A       :      at com.google.android.libraries.gsa.h.a.l.run(PG:9)
05-01 02:18:45.836 29182 29304 W A       :      at com.google.android.apps.gsa.shared.util.c.a.cc.b(PG:3)
05-01 02:18:45.836 29182 29304 W A       :      at com.google.android.apps.gsa.shared.util.c.a.cf.run(PG:1)
05-01 02:18:45.836 29182 29304 W A       :      at com.google.android.apps.gsa.shared.util.c.a.ad.run(PG:18)
05-01 02:18:45.836 29182 29304 W A       :      at com.google.android.apps.gsa.shared.util.c.a.am.c(PG:1)
05-01 02:18:45.836 29182 29304 W A       :      at com.google.android.apps.gsa.shared.util.c.a.aj.run(PG:3)
05-01 02:18:45.836 29182 29304 W A       :      at com.google.android.apps.gsa.shared.util.c.a.e.run(PG:12)
05-01 02:18:45.836 29182 29304 W A       :      at java.util.concurrent.Executors$RunnableAdapter.call(Executors.java:462)
05-01 02:18:45.836 29182 29304 W A       :      at java.util.concurrent.FutureTask.run(FutureTask.java:266)
05-01 02:18:45.836 29182 29304 W A       :      at java.util.concurrent.ScheduledThreadPoolExecutor$ScheduledFutureTask.run(ScheduledThreadPoolExecutor.java:301)
05-01 02:18:45.836 29182 29304 W A       :      at java.util.concurrent.ThreadPoolExecutor.runWorker(ThreadPoolExecutor.java:1167)
05-01 02:18:45.836 29182 29304 W A       :      at java.util.concurrent.ThreadPoolExecutor$Worker.run(ThreadPoolExecutor.java:641)
05-01 02:18:45.836 29182 29304 W A       :      at java.lang.Thread.run(Thread.java:923)
05-01 02:18:45.836 29182 29304 W A       :      at com.google.android.apps.gsa.shared.util.c.a.l.run(PG:45)
05-01 02:18:45.837 29335 29335 E d.app.shareliv: Not starting debugger since process cannot load the jdwp agent.
05-01 02:18:45.837 29182 29304 W A       : (REDACTED) Task %s was queued for %dms before starting on executor %s
05-01 02:18:45.845 28600 29333 W ndroid.spaymin: Verification of void com.samsung.android.spay.common.ui.SpayBaseActivity.setBackgroundColor(int) took 105.196ms (912.58 bytecodes/s) (1832B approximate peak alloc)
05-01 02:18:45.864 29335 29335 D ActivityThread: setConscryptValidator
05-01 02:18:45.865 29335 29335 D ActivityThread: setConscryptValidator - put
05-01 02:18:45.870  4039  6286 I ActivityManager: DSS OFF for com.samsung.android.app.sharelive
05-01 02:18:45.878  4039  6286 D ActivityManager: attachApplicationLocked() app=ProcessRecord{9735322 29335:com.samsung.android.app.sharelive/5026} app.isolatedEntryPoint=null instr2=null
05-01 02:18:45.887  4364  4364 E ExpandableNotifRow: onNotificationUpdated() NSSL is null..
05-01 02:18:45.891  4364  4364 D FaceWidgetNotificationManager: updateFaceWidgetMusicNotificationKey() return : mFaceWidgetMusicNotificationKey is empty
05-01 02:18:45.896 29335 29335 D ActivityThread: handleBindApplication()++ app=com.samsung.android.app.sharelive
05-01 02:18:45.899 28685 29156 W .gms.persisten: Verification of void dlfb.d(android.content.Context, dlex, boolean, boolean, dlhk, boolean, dkgs, java.util.concurrent.Executor) took 175.661ms (626.20 bytecodes/s) (2720B approximate peak alloc)
05-01 02:18:45.923 29335 29335 I d.app.shareliv: The ClassLoaderContext is a special shared library.
05-01 02:18:45.935 29335 29335 I d.app.shareliv: The ClassLoaderContext is a special shared library.
05-01 02:18:45.970  3398  3398 I lmkd    : cached 0, sandbox(not0) 0
05-01 02:18:45.974  3398  3398 E libprocessgroup: set_timerslack_ns write failed: No such process
05-01 02:18:45.974  3398  3398 I lmkd    : Reclaim 'com.samsung.android.da.daagent' (28516), uid 1000, oom_adj 915, state 19 to free 41256kB
05-01 02:18:45.975  3398  3398 I lmkd    : Reclaimed 41256kB at oom_adj 850
05-01 02:18:46.002  3603  3603 I Zygote  : Process 28516 exited due to signal 9 (Killed)
05-01 02:18:46.005  4039  6286 I ActivityManager: Process com.samsung.android.da.daagent (pid 28516) has died: cch+15 CEM (40,423)
05-01 02:18:46.025  4039  4070 I libprocessgroup: Successfully killed process cgroup uid 1000 pid 28516 in 2ms
05-01 02:18:46.107 29285 29285 I ProviderInstaller: Installed default security provider GmsCore_OpenSSL
05-01 02:18:46.148 28685 28990 I AlarmManager: set [name: SystemMemoryCache type: 2 triggerAtMillis: 315361494314 windowMillis: -1 intervalMillis: 0]
05-01 02:18:46.152  4039  6286 I SamsungAlarmManager: setLocked to kernel - T:2 / 20240501T021905, set=1513809, now=1494319
05-01 02:18:46.153  4039  6286 I SamsungAlarmManager: setLocked to kernel - T:3 / 20240501T021900, set=1508166, now=1494319
05-01 02:18:46.156  4039  6286 D SamsungAlarmManager: setInexact (T:2/F:0/AC:false) 20340429T021846 now=1494322 - CU:15410038/CP:28685/OP:PendingIntent{29186ea: PendingIntentRecord{a3d7d4f com.google.android.gms/geofencer_provider startService}}
05-01 02:18:46.156  4039  6286 I SamsungAlarmManager: setLocked to kernel - T:2 / 20240501T021905, set=1513809, now=1494323
05-01 02:18:46.157  4039  6286 I SamsungAlarmManager: setLocked to kernel - T:3 / 20240501T021859, set=1508166, now=1494323
05-01 02:18:46.160  4039  6724 D ActivityManager: Received SERVICE intent 0xa3d7d4f Key{startService pkg=com.google.android.gms/geofencer_provider intent=cmp=com.google.android.gms/com.google.android.location.internal.GoogleLocationManagerService flags=0x0 u=154} requestCode=2 from uid 15410038
05-01 02:18:46.183 28600 28600 I WebViewFactory: Loading com.google.android.webview version 124.0.6367.54 (code 636705430)
05-01 02:18:46.227 28685 29310 I TetheringManager: registerTetheringEventCallback:com.google.android.gms
05-01 02:18:46.233 28685 29310 D ConnectivityManager: ConnectivityManager() mContext=co.g.App@1f95de8 getOpPackageName()=com.google.android.gms getBasePackageName()=com.google.android.gms getPackageName()=com.google.android.gms
05-01 02:18:46.286 29182 29355 I BistoSettingsListener: listener created
05-01 02:18:46.306 29335 29335 I FirebaseApp: Device unlocked: initializing all Firebase APIs for app [DEFAULT]
05-01 02:18:46.332  3538  3538 I io_stats: !@ 179,0 r 2869786 44625390 w 142988 2198016 d 22363 538524 f 9168 29797 iot 1033488 885854 th 51200 0 0 pt 0 inp 0 0 1494.497
05-01 02:18:46.386 29335 29335 I FirebaseInitProvider: FirebaseApp initialization successful
05-01 02:18:46.417  4039  6286 I GenerationRegistry: mBackingStore.isClosed() : false
05-01 02:18:46.484 28685 29094 I NearbySharing: (REDACTED) A new client has bound to the NearbySharingService ClientBridge for calling package %s and PID %s
05-01 02:18:46.486 28685 29310 W .gms.persisten: Verification of boolean com.google.android.gms.nearby.sharing.discovery.FastInitiation.v(byii, int) took 112.235ms (4303.44 bytecodes/s) (6608B approximate peak alloc)
05-01 02:18:46.531  4039  4150 D SensorService: [SO] 0.450 0.086 9.787
05-01 02:18:46.569 29285 29285 W dfvs    : Primes not initialized, returning default (no-op) Primes instance which will ignore all calls. Please call Primes.initialize(...) before using any Primes API.
05-01 02:18:46.579 29335 29335 I TetheringManager: registerTetheringEventCallback:com.samsung.android.app.sharelive
05-01 02:18:46.590 29335 29335 I ShareLive:QuickShare: [D2D][main] [GlobalSettingsSearchProvider] secQueryGetFingerprint
05-01 02:18:46.611 28685 29310 W .gms.persisten: Verification of boolean com.google.android.gms.nearby.sharing.discovery.FastInitiation.l(int, bspf, bspe) took 123.804ms (4692.87 bytecodes/s) (8800B approximate peak alloc)
05-01 02:18:46.615 28600 29333 W ndroid.spaymin: Verification of void com.samsung.android.spay.common.idnv.ui.AbstractIdnvVerifyActivity.O(android.content.DialogInterface, int) took 245.469ms (211.84 bytecodes/s) (1632B approximate peak alloc)
05-01 02:18:46.758 29285 29373 I GMS_MM_Logger: (REDACTED) Start time: %s
05-01 02:18:46.759 29285 29373 I GMS_MM_Logger: Started.
05-01 02:18:46.820 29285 29285 D BoundBrokerSvc: onBind: Intent { act=com.google.android.mobstore.service.START pkg=com.google.android.gms }
05-01 02:18:46.820 29285 29285 D BoundBrokerSvc: Loading bound service for intent: Intent { act=com.google.android.mobstore.service.START pkg=com.google.android.gms }
05-01 02:18:46.859 28600 29333 W ndroid.spaymin: Verification of void com.samsung.android.spay.pay.NewQuickAccessEditActivity.setupToolBar() took 103.217ms (658.80 bytecodes/s) (1616B approximate peak alloc)
05-01 02:18:46.876 29335 29335 I LinkSharing:QuickShare: [ShareLive:ServiceLog][main] [LinkSharingFeatureProvider] onCreate()
05-01 02:18:46.932  3398  3398 I lmkd    : cached 0, sandbox(not0) 0
05-01 02:18:46.936  3398  3398 E libprocessgroup: set_timerslack_ns write failed: No such process
05-01 02:18:46.938  3398  3398 I lmkd    : Reclaim 'com.google.android.googlequicksearchbox:search' (29182), uid 15410066, oom_adj 905, state 19 to free 110312kB
05-01 02:18:46.938  3398  3398 I lmkd    : Reclaimed 110312kB at oom_adj 850
05-01 02:18:46.959 29285 29373 I Watchcat: Started
05-01 02:18:46.961 28685 28990 W Settings: Setting airplane_mode_on has moved from android.provider.Settings.System to android.provider.Settings.Global, returning read-only value.
05-01 02:18:46.972  4039  4263 D WifiConnectivityMonitor.NetworkStatsAnalyzer: Backhaul result - RSSI:-53, CE:13, PE:13, TI:15, PTI:15, TW:12, PTW:32, Tx:26, Rx:51, TxS:36, RxS:49, RESULT:true, IC:0, ICT:5, WC:0, WCT:5, R:0, RC:0, IE:0, EC:0
05-01 02:18:46.976  5805 27096 E FSA2_SyncUpProgressNotifier: Current progress 17 exceeds max progress 16
05-01 02:18:47.005  4039  6286 D ApplicationPolicy: isStatusBarNotificationAllowedAsUser: packageName = com.google.android.gms,userId = 0
05-01 02:18:47.005  4039  6286 D PersonaManagerAdapter: ContainerOnlyMode - EOS
05-01 02:18:47.006  4039  6286 D ApplicationPolicy: isStatusBarNotificationAllowedAsUser: packageName = com.google.android.gms,userId = 0
05-01 02:18:47.006  4039  6286 D PersonaManagerAdapter: ContainerOnlyMode - EOS
05-01 02:18:47.025  5805 27096 I FSA2_SyncUpPhotoCursor: Start to upload photo for contact 9bf13d908231ee6
05-01 02:18:47.026  5805 27096 E PhotoUrlUtil: Photo cell is empty.
05-01 02:18:47.058 29335 29335 W ShareLive:QuickShare: [D2D][main] [ShareSliceProvider] slice provider not supported
05-01 02:18:47.067 28685 29010 E LoadedApk: Exception : java.lang.NullPointerException: Attempt to invoke virtual method 'boolean android.os.Looper.isPerfLogEnable()' on a null object reference
05-01 02:18:47.072 29335 29335 I CapsuleProvider_1.0.25: onCreate
05-01 02:18:47.076  5805 27096 W DataCollectionRegistryC: missing CollectionDefinition for people-pa.googleapis.com/google.internal.people.v2.InternalPeopleService/UpdatePersonPhoto
05-01 02:18:47.077  5805 27096 W DataCollectionRegistryC: missing CollectionDefinition for people-pa.googleapis.com/google.internal.people.v2.InternalPeopleService/UpdatePersonPhoto
05-01 02:18:47.093  4039  6286 I GenerationRegistry: mBackingStore.isClosed() : false
05-01 02:18:47.123 28685 29310 W .gms.persisten: Verification of void com.google.android.gms.nearby.sharing.discovery.FastInitiation.o(byii, android.bluetooth.le.ScanResult) took 417.359ms (1492.72 bytecodes/s) (12840B approximate peak alloc)
05-01 02:18:47.164 28600 28600 I ndroid.spaymin: Waiting for a blocking GC ClassLinker
05-01 02:18:47.223  4364  4364 D InterruptionStateProvider: No bubble up: not allowed to bubble: 0|com.google.android.gms|3|com.google.android.gms.people.sync.focus.notification.sync_progress.tag.3e56390e833b4567|10038
05-01 02:18:47.224  4589  4589 I Launcher.NotificationListener: onNotificationPosted : com.google.android.gms number : 0
05-01 02:18:47.226  4364  4364 D InterruptionStateProvider:  no Heads up : edgelighting enabled app. 0|com.google.android.gms|3|com.google.android.gms.people.sync.focus.notification.sync_progress.tag.3e56390e833b4567|10038
05-01 02:18:47.226  4589  4683 I Launcher.NotificationListener: notificationIsValidForUI : com.google.android.gms missingTitleAndText : false isGroupHeader : false
05-01 02:18:47.241 29335 29335 I ShareLive:QuickShare: [D2D][main] [ShareLiveApplication] init 1714510127241
05-01 02:18:47.241 29335 29335 I QuickShare: [Common][main] [SamsungAnalyticsUtil] SA init SEP version: 120100
05-01 02:18:47.244  3603  3603 I Zygote  : Process 29182 exited due to signal 9 (Killed)
05-01 02:18:47.245  4039  6724 I ActivityManager: Process com.google.android.googlequicksearchbox:search (pid 29182) has died: cch+5 CEM (64,432)
05-01 02:18:47.249 28685 28685 D BoundBrokerSvc: onUnbind: Intent { act=com.google.android.gms.clearcut.service.START pkg=com.google.android.gms }
05-01 02:18:47.250  4039  4070 I libprocessgroup: Successfully killed process cgroup uid 15410066 pid 29182 in 0ms
05-01 02:18:47.250 28685 28685 D BoundBrokerSvc: onUnbind: Intent { act=com.google.android.gms.phenotype.service.START pkg=com.google.android.gms }
05-01 02:18:47.251 28685 28685 D BoundBrokerSvc: onUnbind: Intent { act=com.google.android.gms.gmscompliance.service.START dat=chimera-action: cmp=com.google.android.gms/.chimera.PersistentBoundBrokerService }
05-01 02:18:47.265  3722 15752 I CameraService: UidPolicy: No processes running for a uid=15410066 disabled=0
05-01 02:18:47.270 29335 29335 I DIAGMON_SDK[605066]: DiagMonAgent type: 2
05-01 02:18:47.272 29335 29335 I DIAGMON_SDK[605066][4L0-399-515497] : generated SR object
05-01 02:18:47.279  4364  4364 E ExpandableNotifRow: onNotificationUpdated() NSSL is null..
05-01 02:18:47.279 28600 29333 I SAMSUNGWALLET: [ServiceManageUtil] requestHintService isStart : true isPayHint : false
05-01 02:18:47.283  4364  4364 D FaceWidgetNotificationManager: updateFaceWidgetMusicNotificationKey() return : mFaceWidgetMusicNotificationKey is empty
05-01 02:18:47.289 29285 29285 D BoundBrokerSvc: onUnbind: Intent { act=com.google.android.mobstore.service.START pkg=com.google.android.gms }
05-01 02:18:47.312 29335 29335 I ShareLive:QuickShare: [D2D][main] [BroadcastUtil] [Scheduling]----registerSchedulerReceiver
05-01 02:18:47.314 29335 29335 I LinkSharing:QuickShare: [D2S][main] [SettingRepository] PRD / false
05-01 02:18:47.314 29335 29335 I ShareLive:QuickShare: [D2D][main] [ShareLiveApplication] initNotificationChannel
05-01 02:18:47.315 28600 28611 I ndroid.spaymin: ThreadFlipBegin blocked for 5.764ms
05-01 02:18:47.321 28600 29333 I ndroid.spaymin: IncrementDisableThreadFlip blocked for 6.589ms
05-01 02:18:47.334 29335 29335 I CapsuleProvider_1.0.25: releasing initialize wait lock.
05-01 02:18:47.370 29335 29335 I a_1.0.25: initialized
05-01 02:18:47.377 29335 29396 I ShareLive:QuickShare: [D2D][RxScheduler-1] [ShareLiveApplication] initAfterOnBoardAgreed onboardPermission isNeeded=false
05-01 02:18:47.381 29335 29335 I LinkSharing:QuickShare: [D2S][main] [SettingRepository] PRD / false
05-01 02:18:47.386 29335 29397 I ShareLive:QuickShare: [D2D][RxScheduler-2] [PolicyDataSourceImpl] initPolicy
05-01 02:18:47.445 29335 29335 I [RoutineSdk3.0-3.1.3]: RoutineSdkImpl: setHandler - actionHandler initialized
05-01 02:18:47.446 29335 29335 I LinkSharing:QuickShare: [D2S][main] [PrivacySource] initPrivacy
05-01 02:18:47.421 28685 29384 I GmsActivityDetector: Unable to read activity state file [CONTEXT service_id=6 ]
05-01 02:18:47.421 28685 29384 I GmsActivityDetector: java.io.FileNotFoundException: /data/user/154/com.google.android.gms/files/geofencer_ad_state: open failed: ENOENT (No such file or directory)
05-01 02:18:47.421 28685 29384 I GmsActivityDetector:   at libcore.io.IoBridge.open(IoBridge.java:492)
05-01 02:18:47.421 28685 29384 I GmsActivityDetector:   at java.io.FileInputStream.<init>(FileInputStream.java:160)
05-01 02:18:47.421 28685 29384 I GmsActivityDetector:   at dkck.a(:com.google.android.gms@241518027@24.15.18 (150300-627556096):71)
05-01 02:18:47.421 28685 29384 I GmsActivityDetector:   at com.google.android.location.geofencer.service.GmsActivityDetector.d(:com.google.android.gms@241518027@24.15.18 (150300-627556096):34)
05-01 02:18:47.421 28685 29384 I GmsActivityDetector:   at dkrn.t(:com.google.android.gms@241518027@24.15.18 (150300-627556096):146)
05-01 02:18:47.421 28685 29384 I GmsActivityDetector:   at dksv.b(:com.google.android.gms@241518027@24.15.18 (150300-627556096):88)
05-01 02:18:47.421 28685 29384 I GmsActivityDetector:   at dksv.b(:com.google.android.gms@241518027@24.15.18 (150300-627556096):29)
05-01 02:18:47.421 28685 29384 I GmsActivityDetector:   at dksr.run(:com.google.android.gms@241518027@24.15.18 (150300-627556096):26)
05-01 02:18:47.421 28685 29384 I GmsActivityDetector:   at aloa.c(:com.google.android.gms@241518027@24.15.18 (150300-627556096):50)
05-01 02:18:47.421 28685 29384 I GmsActivityDetector:   at aloa.run(:com.google.android.gms@241518027@24.15.18 (150300-627556096):76)
05-01 02:18:47.421 28685 29384 I GmsActivityDetector:   at java.util.concurrent.ThreadPoolExecutor.runWorker(ThreadPoolExecutor.java:1167)
05-01 02:18:47.421 28685 29384 I GmsActivityDetector:   at java.util.concurrent.ThreadPoolExecutor$Worker.run(ThreadPoolExecutor.java:641)
05-01 02:18:47.421 28685 29384 I GmsActivityDetector:   at altq.run(:com.google.android.gms@241518027@24.15.18 (150300-627556096):8)
05-01 02:18:47.421 28685 29384 I GmsActivityDetector:   at java.lang.Thread.run(Thread.java:923)
05-01 02:18:47.421 28685 29384 I GmsActivityDetector: Caused by: android.system.ErrnoException: open failed: ENOENT (No such file or directory)
05-01 02:18:47.421 28685 29384 I GmsActivityDetector:   at libcore.io.Linux.open(Native Method)
05-01 02:18:47.421 28685 29384 I GmsActivityDetector:   at libcore.io.ForwardingOs.open(ForwardingOs.java:166)
05-01 02:18:47.421 28685 29384 I GmsActivityDetector:   at libcore.io.BlockGuardOs.open(BlockGuardOs.java:254)
05-01 02:18:47.421 28685 29384 I GmsActivityDetector:   at libcore.io.ForwardingOs.open(ForwardingOs.java:166)
05-01 02:18:47.421 28685 29384 I GmsActivityDetector:   at android.app.ActivityThread$AndroidOs.open(ActivityThread.java:8486)
05-01 02:18:47.421 28685 29384 I GmsActivityDetector:   at libcore.io.IoBridge.open(IoBridge.java:478)
05-01 02:18:47.421 28685 29384 I GmsActivityDetector:   ... 13 more
05-01 02:18:47.447 28685 29309 E cgsk    : Phenotype API error. Event: # epym@b5da8ed4, EventCode: COMMIT_CONFIG [CONTEXT service_id=51 ]
05-01 02:18:47.447 28685 29309 E cgsk    : cgqr: 29501: Stale snapshot for com.google.android.libraries.search.device#com.google.android.googlequicksearchbox(change count changed - expected 0  but was 259)
05-01 02:18:47.447 28685 29309 E cgsk    :      at cgsp.b(:com.google.android.gms@241518027@24.15.18 (150300-627556096):1631)
05-01 02:18:47.447 28685 29309 E cgsk    :      at cgso.i(:com.google.android.gms@241518027@24.15.18 (150300-627556096):3)
05-01 02:18:47.447 28685 29309 E cgsk    :      at cgsk.h(:com.google.android.gms@241518027@24.15.18 (150300-627556096):18)
05-01 02:18:47.447 28685 29309 E cgsk    :      at cgsk.f(:com.google.android.gms@241518027@24.15.18 (150300-627556096):11)
05-01 02:18:47.447 28685 29309 E cgsk    :      at blgr.hg(:com.google.android.gms@241518027@24.15.18 (150300-627556096):1)
05-01 02:18:47.447 28685 29309 E cgsk    :      at blha.run(:com.google.android.gms@241518027@24.15.18 (150300-627556096):97)
05-01 02:18:47.447 28685 29309 E cgsk    :      at dqpc.run(:com.google.android.gms@241518027@24.15.18 (150300-627556096):21)
05-01 02:18:47.447 28685 29309 E cgsk    :      at aloa.c(:com.google.android.gms@241518027@24.15.18 (150300-627556096):50)
05-01 02:18:47.447 28685 29309 E cgsk    :      at aloa.run(:com.google.android.gms@241518027@24.15.18 (150300-627556096):76)
05-01 02:18:47.447 28685 29309 E cgsk    :      at java.util.concurrent.ThreadPoolExecutor.runWorker(ThreadPoolExecutor.java:1167)
05-01 02:18:47.447 28685 29309 E cgsk    :      at java.util.concurrent.ThreadPoolExecutor$Worker.run(ThreadPoolExecutor.java:641)
05-01 02:18:47.447 28685 29309 E cgsk    :      at altq.run(:com.google.android.gms@241518027@24.15.18 (150300-627556096):8)
05-01 02:18:47.447 28685 29309 E cgsk    :      at java.lang.Thread.run(Thread.java:923)
05-01 02:18:47.454 28685 29040 E cgsk    : Phenotype API error. Event: # epym@59cab00e, EventCode: COMMIT_CONFIG [CONTEXT service_id=51 ]
05-01 02:18:47.454 28685 29040 E cgsk    : cgqr: 29501: Stale snapshot for com.google.android.libraries.performance.primes#com.google.android.googlequicksearchbox(change count changed - expected 0  but was 104)
05-01 02:18:47.454 28685 29040 E cgsk    :      at cgsp.b(:com.google.android.gms@241518027@24.15.18 (150300-627556096):1631)
05-01 02:18:47.454 28685 29040 E cgsk    :      at cgso.i(:com.google.android.gms@241518027@24.15.18 (150300-627556096):3)
05-01 02:18:47.454 28685 29040 E cgsk    :      at cgsk.h(:com.google.android.gms@241518027@24.15.18 (150300-627556096):18)
05-01 02:18:47.454 28685 29040 E cgsk    :      at cgsk.f(:com.google.android.gms@241518027@24.15.18 (150300-627556096):11)
05-01 02:18:47.454 28685 29040 E cgsk    :      at blgr.hg(:com.google.android.gms@241518027@24.15.18 (150300-627556096):1)
05-01 02:18:47.454 28685 29040 E cgsk    :      at blha.run(:com.google.android.gms@241518027@24.15.18 (150300-627556096):97)
05-01 02:18:47.454 28685 29040 E cgsk    :      at dqpc.run(:com.google.android.gms@241518027@24.15.18 (150300-627556096):21)
05-01 02:18:47.454 28685 29040 E cgsk    :      at aloa.c(:com.google.android.gms@241518027@24.15.18 (150300-627556096):50)
05-01 02:18:47.454 28685 29040 E cgsk    :      at aloa.run(:com.google.android.gms@241518027@24.15.18 (150300-627556096):97)
05-01 02:18:47.454 28685 29040 E cgsk    :      at java.util.concurrent.ThreadPoolExecutor.runWorker(ThreadPoolExecutor.java:1167)
05-01 02:18:47.454 28685 29040 E cgsk    :      at java.util.concurrent.ThreadPoolExecutor$Worker.run(ThreadPoolExecutor.java:641)
05-01 02:18:47.454 28685 29040 E cgsk    :      at altq.run(:com.google.android.gms@241518027@24.15.18 (150300-627556096):8)
05-01 02:18:47.454 28685 29040 E cgsk    :      at java.lang.Thread.run(Thread.java:923)
05-01 02:18:47.524 29335 29398 I ShareLive:QuickShare: [D2D][RxScheduler-3] [ShareLiveApplication] checkOnboardPermission
05-01 02:18:47.571 28600 28600 I ndroid.spaymin: WaitForGcToComplete blocked ClassLinker on HeapTrim for 406.755ms
05-01 02:18:47.629 28685 29094 W WearableService: onGetService: Wear is not available on this device.
05-01 02:18:47.643 28685 29040 W AsyncOperation: operation=CommitToConfigurationOperationCall, opStatusCode=29501 [CONTEXT service_id=51 ]
05-01 02:18:47.643 28685 29040 W AsyncOperation: OperationException[Status{statusCode=Stale snapshot for com.google.android.libraries.performance.primes#com.google.android.googlequicksearchbox(change count changed - expected 0  but was 104), resolution=null}]
05-01 02:18:47.643 28685 29040 W AsyncOperation:        at cgsk.h(:com.google.android.gms@241518027@24.15.18 (150300-627556096):48)
05-01 02:18:47.643 28685 29040 W AsyncOperation:        at cgsk.f(:com.google.android.gms@241518027@24.15.18 (150300-627556096):11)
05-01 02:18:47.643 28685 29040 W AsyncOperation:        at blgr.hg(:com.google.android.gms@241518027@24.15.18 (150300-627556096):1)
05-01 02:18:47.643 28685 29040 W AsyncOperation:        at blha.run(:com.google.android.gms@241518027@24.15.18 (150300-627556096):97)
05-01 02:18:47.643 28685 29040 W AsyncOperation:        at dqpc.run(:com.google.android.gms@241518027@24.15.18 (150300-627556096):21)
05-01 02:18:47.643 28685 29040 W AsyncOperation:        at aloa.c(:com.google.android.gms@241518027@24.15.18 (150300-627556096):50)
05-01 02:18:47.643 28685 29040 W AsyncOperation:        at aloa.run(:com.google.android.gms@241518027@24.15.18 (150300-627556096):97)
05-01 02:18:47.643 28685 29040 W AsyncOperation:        at java.util.concurrent.ThreadPoolExecutor.runWorker(ThreadPoolExecutor.java:1167)
05-01 02:18:47.643 28685 29040 W AsyncOperation:        at java.util.concurrent.ThreadPoolExecutor$Worker.run(ThreadPoolExecutor.java:641)
05-01 02:18:47.643 28685 29040 W AsyncOperation:        at altq.run(:com.google.android.gms@241518027@24.15.18 (150300-627556096):8)
05-01 02:18:47.643 28685 29040 W AsyncOperation:        at java.lang.Thread.run(Thread.java:923)
05-01 02:18:47.646 28685 29309 W AsyncOperation: operation=CommitToConfigurationOperationCall, opStatusCode=29501 [CONTEXT service_id=51 ]
05-01 02:18:47.646 28685 29309 W AsyncOperation: OperationException[Status{statusCode=Stale snapshot for com.google.android.libraries.search.device#com.google.android.googlequicksearchbox(change count changed - expected 0  but was 259), resolution=null}]
05-01 02:18:47.646 28685 29309 W AsyncOperation:        at cgsk.h(:com.google.android.gms@241518027@24.15.18 (150300-627556096):48)
05-01 02:18:47.646 28685 29309 W AsyncOperation:        at cgsk.f(:com.google.android.gms@241518027@24.15.18 (150300-627556096):11)
05-01 02:18:47.646 28685 29309 W AsyncOperation:        at blgr.hg(:com.google.android.gms@241518027@24.15.18 (150300-627556096):1)
05-01 02:18:47.646 28685 29309 W AsyncOperation:        at blha.run(:com.google.android.gms@241518027@24.15.18 (150300-627556096):97)
05-01 02:18:47.646 28685 29309 W AsyncOperation:        at dqpc.run(:com.google.android.gms@241518027@24.15.18 (150300-627556096):21)
05-01 02:18:47.646 28685 29309 W AsyncOperation:        at aloa.c(:com.google.android.gms@241518027@24.15.18 (150300-627556096):50)
05-01 02:18:47.646 28685 29309 W AsyncOperation:        at aloa.run(:com.google.android.gms@241518027@24.15.18 (150300-627556096):76)
05-01 02:18:47.646 28685 29309 W AsyncOperation:        at java.util.concurrent.ThreadPoolExecutor.runWorker(ThreadPoolExecutor.java:1167)
05-01 02:18:47.646 28685 29309 W AsyncOperation:        at java.util.concurrent.ThreadPoolExecutor$Worker.run(ThreadPoolExecutor.java:641)
05-01 02:18:47.646 28685 29309 W AsyncOperation:        at altq.run(:com.google.android.gms@241518027@24.15.18 (150300-627556096):8)
05-01 02:18:47.646 28685 29309 W AsyncOperation:        at java.lang.Thread.run(Thread.java:923)
05-01 02:18:47.673 28600 28600 I cr_WVCFactoryProvider: Loaded version=124.0.6367.54 minSdkVersion=29 isBundle=true multiprocess=true packageId=2
05-01 02:18:47.688 28685 29310 I BluetoothAdapter: STATE_BLE_ON
05-01 02:18:47.709 29335 29401 I Policy_13.0.02: [RxCachedThreadScheduler-1][MobileServicePolicy] scheduleJob success : 86400000
05-01 02:18:47.746 28685 29310 I BluetoothAdapter: appoCount is = 1 G/S = 3/2
05-01 02:18:47.773 29335 29401 I Policy_13.0.02: [RxCachedThreadScheduler-1][GetPolicyJobService] polling job service was already scheduled (from:86400000 to:86400000)
05-01 02:18:47.774 29335 29401 I ShareLive:QuickShare: [D2D][RxScheduler-1] [PolicyDataSourceImpl] requestSyncPolicy
05-01 02:18:47.775 29335 29401 I Policy_13.0.02: [RxCachedThreadScheduler-1][SyncPolicyUseCase] syncPolicy
05-01 02:18:47.782  4039  4363 I GenerationRegistry: mBackingStore.isClosed() : false
05-01 02:18:47.786 29335 29410 I Policy_13.0.02: [RxCachedThreadScheduler-2][PolicyRepositoryImpl] last_synced_time: 1714459803053, revision : 1714459803053
05-01 02:18:47.788 29335 29410 I Policy_13.0.02: [RxCachedThreadScheduler-2][AppPolicy] syncedTime: 1714459803053 , needSync : false
05-01 02:18:47.788 29335 29410 I Policy_13.0.02: [RxCachedThreadScheduler-2][SyncPolicyUseCase] requestSync : no need sync
05-01 02:18:47.789 29335 29410 I Policy_13.0.02: [RxCachedThreadScheduler-2][SyncPolicyUseCase] requestSync : failed
05-01 02:18:47.790 29335 29410 W ShareLive:QuickShare: [D2D][RxScheduler-2] [PolicyRepositoryImpl] requestSync : no need sync
05-01 02:18:47.791 29335 29410 I LinkSharing:QuickShare: [D2S][RxScheduler-2] [SmpInitializer] init smp
05-01 02:18:47.822 28685 29310 I BluetoothAdapter: BLE support array set: [false, true, false, false, true, true]
05-01 02:18:47.826  5093 10814 D BtConfig.SecureMode: isSecureModeOn:false
05-01 02:18:47.844 28685 29309 E cgsk    : Phenotype API error. Event: # epym@422a6a48, EventCode: COMMIT_CONFIG [CONTEXT service_id=51 ]
05-01 02:18:47.844 28685 29309 E cgsk    : cgqr: 29501: Stale snapshot for com.google.android.libraries.search.assistant.invocation.device#com.google.android.googlequicksearchbox(change count changed - expected 0  but was 151)
05-01 02:18:47.844 28685 29309 E cgsk    :      at cgsp.b(:com.google.android.gms@241518027@24.15.18 (150300-627556096):1631)
05-01 02:18:47.844 28685 29309 E cgsk    :      at cgso.i(:com.google.android.gms@241518027@24.15.18 (150300-627556096):3)
05-01 02:18:47.844 28685 29309 E cgsk    :      at cgsk.h(:com.google.android.gms@241518027@24.15.18 (150300-627556096):18)
05-01 02:18:47.844 28685 29309 E cgsk    :      at cgsk.f(:com.google.android.gms@241518027@24.15.18 (150300-627556096):11)
05-01 02:18:47.844 28685 29309 E cgsk    :      at blgr.hg(:com.google.android.gms@241518027@24.15.18 (150300-627556096):1)
05-01 02:18:47.844 28685 29309 E cgsk    :      at blha.run(:com.google.android.gms@241518027@24.15.18 (150300-627556096):97)
05-01 02:18:47.844 28685 29309 E cgsk    :      at dqpc.run(:com.google.android.gms@241518027@24.15.18 (150300-627556096):21)
05-01 02:18:47.844 28685 29309 E cgsk    :      at aloa.c(:com.google.android.gms@241518027@24.15.18 (150300-627556096):50)
05-01 02:18:47.844 28685 29309 E cgsk    :      at aloa.run(:com.google.android.gms@241518027@24.15.18 (150300-627556096):97)
05-01 02:18:47.844 28685 29309 E cgsk    :      at java.util.concurrent.ThreadPoolExecutor.runWorker(ThreadPoolExecutor.java:1167)
05-01 02:18:47.844 28685 29309 E cgsk    :      at java.util.concurrent.ThreadPoolExecutor$Worker.run(ThreadPoolExecutor.java:641)
05-01 02:18:47.844 28685 29309 E cgsk    :      at altq.run(:com.google.android.gms@241518027@24.15.18 (150300-627556096):8)
05-01 02:18:47.844 28685 29309 E cgsk    :      at java.lang.Thread.run(Thread.java:923)
05-01 02:18:47.848 28685 29094 I NearbySharing: (REDACTED) Package %s has requested to register a send surface of type %s
05-01 02:18:47.849 28685 29309 W AsyncOperation: operation=CommitToConfigurationOperationCall, opStatusCode=29501 [CONTEXT service_id=51 ]
05-01 02:18:47.849 28685 29309 W AsyncOperation: OperationException[Status{statusCode=Stale snapshot for com.google.android.libraries.search.assistant.invocation.device#com.google.android.googlequicksearchbox(change count changed - expected 0  but was 151), resolution=null}]
05-01 02:18:47.849 28685 29309 W AsyncOperation:        at cgsk.h(:com.google.android.gms@241518027@24.15.18 (150300-627556096):48)
05-01 02:18:47.849 28685 29309 W AsyncOperation:        at cgsk.f(:com.google.android.gms@241518027@24.15.18 (150300-627556096):11)
05-01 02:18:47.849 28685 29309 W AsyncOperation:        at blgr.hg(:com.google.android.gms@241518027@24.15.18 (150300-627556096):1)
05-01 02:18:47.849 28685 29309 W AsyncOperation:        at blha.run(:com.google.android.gms@241518027@24.15.18 (150300-627556096):97)
05-01 02:18:47.849 28685 29309 W AsyncOperation:        at dqpc.run(:com.google.android.gms@241518027@24.15.18 (150300-627556096):21)
05-01 02:18:47.849 28685 29309 W AsyncOperation:        at aloa.c(:com.google.android.gms@241518027@24.15.18 (150300-627556096):50)
05-01 02:18:47.849 28685 29309 W AsyncOperation:        at aloa.run(:com.google.android.gms@241518027@24.15.18 (150300-627556096):97)
05-01 02:18:47.849 28685 29309 W AsyncOperation:        at java.util.concurrent.ThreadPoolExecutor.runWorker(ThreadPoolExecutor.java:1167)
05-01 02:18:47.849 28685 29309 W AsyncOperation:        at java.util.concurrent.ThreadPoolExecutor$Worker.run(ThreadPoolExecutor.java:641)
05-01 02:18:47.849 28685 29309 W AsyncOperation:        at altq.run(:com.google.android.gms@241518027@24.15.18 (150300-627556096):8)
05-01 02:18:47.849 28685 29309 W AsyncOperation:        at java.lang.Thread.run(Thread.java:923)
05-01 02:18:47.877 28600 29413 E chromium: [0501/021847.838319:ERROR:variations_seed_loader.cc(37)] Seed missing signature.
05-01 02:18:47.906 28685 29094 I NearbySharing: (REDACTED) Package %s has requested to register a receive surface of type %s
05-01 02:18:47.918 28685 29310 I BluetoothAdapter: STATE_BLE_ON
05-01 02:18:47.925 28685 29310 I BluetoothAdapter: appoCount is = 1 G/S = 3/2
05-01 02:18:47.929 29335 29410 I SmpLog  : [SMP] init. S:true P:FCM_PRIMARY_MODE A:a
05-01 02:18:47.936  3398  3398 I lmkd    : 2(delay),0(swap), 0(freelimit) memory pressure events were skipped after a kill!
05-01 02:18:47.943 29335 29410 I ShareLive:QuickShare: [D2D][RxScheduler-2] [ShareLiveApplication] initPolicyAndSmp done
05-01 02:18:47.951 29335 29396 I ShareLive:QuickShare: [SLIVE][RxScheduler-1] [PkiSourceImpl] sca tokenExist=null
05-01 02:18:47.955 29335 29396 E ShareLive:QuickShare: [D2D][RxScheduler-1] [ShareLiveApplication] sca is not available
05-01 02:18:47.975  3398  3398 I lmkd    : cached 0, sandbox(not0) 0
05-01 02:18:47.978  3398  3398 E libprocessgroup: set_timerslack_ns write failed: No such process
05-01 02:18:47.981  3398  3398 I lmkd    : Reclaim 'com.google.android.gms' (29285), uid 15410038, oom_adj 905, state 19 to free 79360kB
05-01 02:18:47.981  3398  3398 I lmkd    : Reclaimed 79360kB at oom_adj 850
05-01 02:18:48.010 28600 28600 I cr_LibraryLoader: Successfully loaded native library
05-01 02:18:48.016  4039  6827 I ActivityManager: Process com.google.android.gms (pid 29285) has died: cch+5 CEM (42,439)
05-01 02:18:48.017  3603  3603 I Zygote  : Process 29285 exited due to signal 9 (Killed)
05-01 02:18:48.017  4039  4070 I libprocessgroup: Successfully killed process cgroup uid 15410038 pid 29285 in 0ms
05-01 02:18:48.024 28600 28600 I cr_CachingUmaRecorder: Flushed 5 samples from 5 histograms, 0 samples were dropped.
05-01 02:18:48.078  3398  3398 I lmkd    : 1(delay),0(swap), 0(freelimit) memory pressure events were skipped after a kill!
05-01 02:18:48.105 28600 28600 I cr_CombinedPProvider: #registerProvider() provider:WV.V7@1a72c9a isPolicyCacheEnabled:false policyProvidersSize:0
05-01 02:18:48.109 28600 28600 I cr_PolicyProvider: #setManagerAndSource() 0
05-01 02:18:48.171  5805 29077 I gle.android.gm: Explicit concurrent copying GC freed 166585(8549KB) AllocSpace objects, 18(1016KB) LOS objects, 49% free, 15MB/30MB, paused 364us total 403.437ms
05-01 02:18:48.174  5805 27096 E FSA2_SyncUpProgressNotifier: Current progress 17 exceeds max progress 16
05-01 02:18:48.187 28685 29098 W .gms.persisten: Accessing hidden method Landroid/net/ConnectivityManager;->isNetworkTypeMobile(I)Z (greylist-max-p, reflection, denied)
05-01 02:18:48.203  4039  7319 D ApplicationPolicy: isStatusBarNotificationAllowedAsUser: packageName = com.google.android.gms,userId = 0
05-01 02:18:48.203  4039  7319 D PersonaManagerAdapter: ContainerOnlyMode - EOS
05-01 02:18:48.204  4039  7319 D ApplicationPolicy: isStatusBarNotificationAllowedAsUser: packageName = com.google.android.gms,userId = 0
05-01 02:18:48.204  4039  7319 D PersonaManagerAdapter: ContainerOnlyMode - EOS
05-01 02:18:48.211 29335 29416 I SmpLog  : [SMP] Test mode: false, v:3.3.7.0, com.samsung.android.app.sharelive
05-01 02:18:48.216 29335 29416 I SmpLog  : [SMP] ptype:fcm, token:...nb2Hn (163), D:null, U:null, S:false, M:null, P:FCM_PRIMARY_MODE
05-01 02:18:48.232  5805 27096 I FSA2_SyncUpPhotoCursor: Start to upload photo for contact 66b5621f0ebe2361
05-01 02:18:48.232  5805 27096 E PhotoUrlUtil: Photo cell is empty.
05-01 02:18:48.242  4039  4634 D CompatibilityChangeReporter: Compat change id reported: 135634846; UID 10042; state: DISABLED
05-01 02:18:48.243  4039  4068 D CompatibilityChangeReporter: Compat change id reported: 143937733; UID 10042; state: ENABLED
05-01 02:18:48.259  5805 27096 W DataCollectionRegistryC: missing CollectionDefinition for people-pa.googleapis.com/google.internal.people.v2.InternalPeopleService/UpdatePersonPhoto
05-01 02:18:48.260  5805 27096 W DataCollectionRegistryC: missing CollectionDefinition for people-pa.googleapis.com/google.internal.people.v2.InternalPeopleService/UpdatePersonPhoto
05-01 02:18:48.278  4444  4444 D Zygote  : Forked child process 29427
05-01 02:18:48.285  4039  4068 I ActivityManager: Start proc 29427:com.google.android.webview:sandboxed_process0:org.chromium.content.app.SandboxedProcessService0:0/u0i13 for  {com.samsung.android.spaymini/org.chromium.content.app.SandboxedProcessService0:0}
05-01 02:18:48.285  4039  4068 I ActivityManager: check webview name : com.google.android.webview:sandboxed_process0:org.chromium.content.app.SandboxedProcessService0:0check hostingname webview : {com.samsung.android.spaymini/org.chromium.content.app.SandboxedProcessService0:0}
05-01 02:18:48.298  5370  5370 D BoundBrokerSvc: onBind: Intent { act=com.google.android.gms.time.trustedtime.singleuserapi.service.START dat=chimera-action: cmp=com.google.android.gms/.chimera.PersistentSingleUserInternalApiService }
05-01 02:18:48.298  5370  5370 D BoundBrokerSvc: Loading bound service for intent: Intent { act=com.google.android.gms.time.trustedtime.singleuserapi.service.START dat=chimera-action: cmp=com.google.android.gms/.chimera.PersistentSingleUserInternalApiService }
05-01 02:18:48.310 28685 29040 W GetConfigSnapshotOp: Succeeded but not registered: com.google.android.gms.thunderbird [CONTEXT service_id=51 ]
05-01 02:18:48.315 29427 29427 E ocessService0:: Not starting debugger since process cannot load the jdwp agent.
05-01 02:18:48.332 29427 29427 D ActivityThread: setConscryptValidator
05-01 02:18:48.332 29427 29427 D ActivityThread: setConscryptValidator - put
05-01 02:18:48.336  3538  3538 I io_stats: !@ 179,0 r 2871757 44661050 w 143037 2198360 d 22364 538600 f 9168 29799 iot 1034460 886765 th 51200 0 0 pt 0 inp 1 0 1496.502
05-01 02:18:48.340  4039  4634 I ActivityManager: DSS OFF for com.samsung.android.spaymini
05-01 02:18:48.343 28685 28685 I WearableLocationShim: paired wearable location unsupported - wearable APIs unavailable [CONTEXT service_id=6 ]
05-01 02:18:48.346  4039  4634 D ActivityManager: attachApplicationLocked() app=ProcessRecord{761cf6f 29427:com.google.android.webview:sandboxed_process0:org.chromium.content.app.SandboxedProcessService0:0/u0a42i13} app.isolatedEntryPoint=null instr2=null
05-01 02:18:48.347 28685 29384 W GetConfigSnapshotOp: Succeeded but not registered: com.google.android.location [CONTEXT service_id=51 ]
05-01 02:18:48.361 29427 29427 D ActivityThread: handleBindApplication()++ app=com.google.android.webview:sandboxed_process0:org.chromium.content.app.SandboxedProcessService0:0
05-01 02:18:48.384 29335 29416 I SmpLog  : [SMP] SEND BR : smp init success
05-01 02:18:48.397  3399  3667 I servicemanager: network_management is isloated, getService has failed.
05-01 02:18:48.398  3399  3667 I servicemanager: connectivity is isloated, getService has failed.
05-01 02:18:48.416 28600 28600 I cr_CombinedPProvider: #linkNativeInternal() 1
05-01 02:18:48.419 28600 28600 I cr_AppResProvider: #getApplicationRestrictionsFromUserManager() Bundle[EMPTY_PARCEL]
05-01 02:18:48.419 28600 28600 I cr_PolicyProvider: #notifySettingsAvailable() 0
05-01 02:18:48.419 28600 28600 I cr_CombinedPProvider: #onSettingsAvailable() 0
05-01 02:18:48.420 28600 28600 I cr_CombinedPProvider: #flushPolicies()
05-01 02:18:48.423  4364  4364 D InterruptionStateProvider: No bubble up: not allowed to bubble: 0|com.google.android.gms|3|com.google.android.gms.people.sync.focus.notification.sync_progress.tag.3e56390e833b4567|10038
05-01 02:18:48.425  4364  4364 D InterruptionStateProvider:  no Heads up : edgelighting enabled app. 0|com.google.android.gms|3|com.google.android.gms.people.sync.focus.notification.sync_progress.tag.3e56390e833b4567|10038
05-01 02:18:48.426  4589  4589 I Launcher.NotificationListener: onNotificationPosted : com.google.android.gms number : 0
05-01 02:18:48.427  4589  4683 I Launcher.NotificationListener: notificationIsValidForUI : com.google.android.gms missingTitleAndText : false isGroupHeader : false
05-01 02:18:48.467  4364  4364 E ExpandableNotifRow: onNotificationUpdated() NSSL is null..
05-01 02:18:48.476  4364  4364 D FaceWidgetNotificationManager: updateFaceWidgetMusicNotificationKey() return : mFaceWidgetMusicNotificationKey is empty
05-01 02:18:48.484 29427 29427 I LoadedApk: No resource references to update in package com.google.android.trichromelibrary
05-01 02:18:48.495 29427 29427 D LoadedApk: LoadedApk::makeApplication() appContext=android.app.ContextImpl@f3bef8e appContext.mOpPackageName=com.samsung.android.spaymini appContext.mBasePackageName=com.samsung.android.spaymini appContext.mPackageInfo=android.app.LoadedApk@55673af
05-01 02:18:48.495 29427 29427 D NetworkSecurityConfig: No Network Security Config specified, using platform default
05-01 02:18:48.540 29427 29427 D NetworkSecurityConfig: No Network Security Config specified, using platform default
05-01 02:18:48.564 29427 29427 I cr_WebViewApkApp: Launched version=124.0.6367.54 minSdkVersion=29 isBundle=true processName=com.google.android.webview:sandboxed_process0:org.chromium.content.app.SandboxedProcessService0:0
05-01 02:18:48.564 29335 29398 I ShareLive:QuickShare: [D2D][RxScheduler-3] [PreferenceSourceImpl] getMigrationTipsSetting: true
05-01 02:18:48.567 29427 29427 D ActivityThread: handleBindApplication() -- skipGraphicsSupport=false
05-01 02:18:48.573 29335 29335 I LinkSharing:QuickShare: [D2S][main] [SettingRepository] PRD / false
05-01 02:18:48.574 29335 29335 I ShareLive:QuickShare: [D2D][main] [ShareLiveApplication] onCreate versionName = [ 13.6.13.6 ], versionCode = [ 1361306205 ]
05-01 02:18:48.579  4039  7319 D StorageManagerService: getExternalStorageMountMode: uid=5025 packageName=com.samsung.android.mdx.kit
05-01 02:18:48.580  4039  7319 D CompatibilityChangeReporter: Compat change id reported: 135634846; UID 5025; state: DISABLED
05-01 02:18:48.581  4039  7319 W ActivityManager: wait for provider publish: waiters=1 callerApp=ProcessRecord{9735322 29335:com.samsung.android.app.sharelive/5026} cpr=ContentProviderRecord{6e90d44 u0 com.samsung.android.mdx.kit/.provider.CapabilityContentProvider}
05-01 02:18:48.588 29335 29335 I LinkSharing:QuickShare: [D2S][main] [SmpEventReceiver] onReceive: action=com.samsung.android.sdk.smp.smpInitResult
05-01 02:18:48.588 29335 29335 I LinkSharing:QuickShare: [D2S][main] [SmpEventReceiver] SMP init success
05-01 02:18:48.589 29335 29335 I ShareLive:QuickShare: [D2D][main] [ShareLiveApplication] onTrimMemory level=15
05-01 02:18:48.598  4039  4634 D PackageManager: setEnabledSetting : userId = 0 packageName = com.samsung.android.app.sharelive cmp = androidx.work.impl.background.systemjob.SystemJobService newState = 1 callingPackage = 5026/com.samsung.android.app.sharelive
05-01 02:18:48.606  3603  3603 D Zygote  : Forked child process 29446
05-01 02:18:48.608 29335 29335 I ShareLive:QuickShare: [D2D][main] [ShareLiveApplication] onTrimMemory level=80
05-01 02:18:48.609 28685 29384 W GetConfigSnapshotOp: Succeeded but not registered: com.google.android.gms.time#com.google.android.gms [CONTEXT service_id=51 ]
05-01 02:18:48.614  4039  4068 I ActivityManager: Start proc 29446:com.samsung.android.mdx.kit/5025 for content provider {com.samsung.android.mdx.kit/com.samsung.android.mdx.kit.provider.CapabilityContentProvider}
05-01 02:18:48.650 29446 29446 E android.mdx.ki: Not starting debugger since process cannot load the jdwp agent.
05-01 02:18:48.667 29446 29446 D ActivityThread: setConscryptValidator
05-01 02:18:48.667 29446 29446 D ActivityThread: setConscryptValidator - put
05-01 02:18:48.673  4039  4634 I ActivityManager: DSS OFF for com.samsung.android.mdx.kit
05-01 02:18:48.676 29427 29427 I cr_ChildProcessService: Creating new ChildProcessService pid=29427
05-01 02:18:48.678  4039  4634 D ActivityManager: attachApplicationLocked() app=ProcessRecord{3bb4e57 29446:com.samsung.android.mdx.kit/5025} app.isolatedEntryPoint=null instr2=null
05-01 02:18:48.694 29446 29446 D ActivityThread: handleBindApplication()++ app=com.samsung.android.mdx.kit
05-01 02:18:48.775 29446 29446 I android.mdx.ki: The ClassLoaderContext is a special shared library.
05-01 02:18:48.897 28685 29310 W NearbySharing: No supported accounts found. [CONTEXT service_id=194 ]
05-01 02:18:48.900 28685 29310 I NearbySharing: Removed active account [CONTEXT service_id=194 ]
05-01 02:18:48.913 28685 29310 I NearbySharing: Broadcasting NearbySharing state change. [CONTEXT service_id=194 ]
05-01 02:18:49.023 29335 29444 W d.app.shareliv: Long monitor contention with owner RxCachedThreadScheduler-1 (29396) at android.content.IContentProvider android.app.ActivityThread.acquireProvider(android.content.Context, java.lang.String, int, boolean)(ActivityThread.java:7758) waiters=0 in android.content.IContentProvider android.app.ActivityThread.acquireProvider(android.content.Context, java.lang.String, int, boolean) for 431ms
05-01 02:18:49.043 28600 29469 W chromium: [WARNING:dns_config_service_android.cc(81)] Failed to read DnsConfig.
05-01 02:18:49.045 28685 29310 W NearbySharing: Cannot set visibility on DisabledNearbySharingProvider. [CONTEXT service_id=194 ]
