05-01 02:18:55.229  4039  7361 D PackageManager: setEnabledSetting : userId = 0 packageName = com.google.android.gm cmp = com.google.android.libraries.communications.conference.ui.intents.ConferenceUrlHandlerActivity newState = 1 callingPackage = 10154/com.google.android.gm
05-01 02:18:55.232  4039  4165 D ConnectivityService: requestNetwork for uid/pid:10154/29498 NetworkRequest [ TRACK_DEFAULT id=356, [ Capabilities: INTERNET&NOT_RESTRICTED&TRUSTED Uid: 10154 AdministratorUids: [] RequestorUid: 10154 RequestorPackageName: com.google.android.gm] ]
05-01 02:18:55.233  4039  4220 D ConnectivityService: NetReassign [356 : null ?? 601]
05-01 02:18:55.235  4039  4309 D Ethernet: got request NetworkRequest [ TRACK_DEFAULT id=356, [ Capabilities: INTERNET&NOT_RESTRICTED&TRUSTED Uid: 10154 AdministratorUids: [] RequestorUid: 10154 RequestorPackageName: com.google.android.gm] ] with score 60 and providerId 5
05-01 02:18:55.236  4335  4335 D PhoneSwitcherNetworkRequstListener: got request NetworkRequest [ TRACK_DEFAULT id=356, [ Capabilities: INTERNET&NOT_RESTRICTED&TRUSTED Uid: 10154 AdministratorUids: [] RequestorUid: 10154 RequestorPackageName: com.google.android.gm] ] with score 60 and providerId 5
05-01 02:18:55.238  4039  4215 D UntrustedWifiNetworkFactory: got request NetworkRequest [ TRACK_DEFAULT id=356, [ Capabilities: INTERNET&NOT_RESTRICTED&TRUSTED Uid: 10154 AdministratorUids: [] RequestorUid: 10154 RequestorPackageName: com.google.android.gm] ] with score 60 and providerId 5
05-01 02:18:55.238  4039  4215 D WifiNetworkFactory: got request NetworkRequest [ TRACK_DEFAULT id=356, [ Capabilities: INTERNET&NOT_RESTRICTED&TRUSTED Uid: 10154 AdministratorUids: [] RequestorUid: 10154 RequestorPackageName: com.google.android.gm] ] with score 60 and providerId 5
05-01 02:18:55.243  4334  4334 I wpa_supplicant: Heartbeat 146
05-01 02:18:55.250  4039  4053 D PackageManager: setEnabledSetting : userId = 0 packageName = com.google.android.gm cmp = com.google.android.libraries.communications.conference.ui.intents.TransferCallHandlerActivity newState = 1 callingPackage = 10154/com.google.android.gm
05-01 02:18:55.267  4039  4053 D PackageManager: setEnabledSetting : userId = 0 packageName = com.google.android.gm cmp = com.google.android.libraries.communications.conference.ui.intents.ConferenceGatewayActivity newState = 1 callingPackage = 10154/com.google.android.gm
05-01 02:18:55.308  4039  4165 D StorageManagerService: getExternalStorageMountMode: uid=10038 packageName=com.google.android.gms
05-01 02:18:55.310  4039  4165 D CompatibilityChangeReporter: Compat change id reported: 135634846; UID 10038; state: DISABLED
05-01 02:18:55.311  4039  4053 D PackageManager: setEnabledSetting : userId = 0 packageName = com.google.android.gm cmp = com.google.android.libraries.communications.conference.ui.intents.AssistantNewUrlHandlerActivity newState = 1 callingPackage = 10154/com.google.android.gm
05-01 02:18:55.311  4039  4068 D CompatibilityChangeReporter: Compat change id reported: 143937733; UID 10038; state: ENABLED
05-01 02:18:55.326  4609  4624 I rkstack.proces: Background concurrent copying GC freed 35781(1578KB) AllocSpace objects, 34(1400KB) LOS objects, 49% free, 2332KB/4665KB, paused 257us total 126.668ms
05-01 02:18:55.331  4039  7361 D PackageManager: setEnabledSetting : userId = 0 packageName = com.google.android.gm cmp = com.google.android.libraries.communications.conference.ui.settings.SettingsActivity newState = 1 callingPackage = 10154/com.google.android.gm
05-01 02:18:55.339  3603  3603 D Zygote  : Forked child process 29741
05-01 02:18:55.355  4039  4068 I ActivityManager: Start proc 29741:com.google.android.gms.unstable/u0a38 for service {com.google.android.gms/com.google.android.gms.droidguard.DroidGuardService}
05-01 02:18:55.367 29708 29708 I FirebaseApp: Device unlocked: initializing all Firebase APIs for app [DEFAULT]
05-01 02:18:55.382  5370 32643 W .gms.persisten: Long monitor contention with owner netscheduler-queue-handler (11475) at int cisw.l(cisi, balq)(:com.google.android.gms@241518027@24.15.18 (150300-627556096):175) waiters=0 in void cisu.a(cipd, int, dslc) for 713.377s
05-01 02:18:55.382 29741 29741 E id.gms.unstabl: Not starting debugger since process cannot load the jdwp agent.
05-01 02:18:55.385  4039  4165 D SamsungAlarmManager: setInexact (T:3/F:0/AC:false) 20240501T023438 now=1503551 - CU:10038/CP:5370/OP:PendingIntent{6db9cec: PendingIntentRecord{3543e02 com.google.android.gms/com.google.android.gms.scheduler broadcastIntent}}
05-01 02:18:55.385  4039  4165 I SamsungAlarmManager: setLocked to kernel - T:2 / 20240501T021905, set=1513809, now=1503552
05-01 02:18:55.386  4039  4165 I SamsungAlarmManager: setLocked to kernel - T:3 / 20240501T021900, set=1508166, now=1503552
05-01 02:18:55.387  5370 11475 W WakeLock: *gms_scheduler*:internal counter does not exist
05-01 02:18:55.388  5370 11475 I NetworkScheduler: ignoring stale queue check message
05-01 02:18:55.390  5370 32643 W WakeLock: *gms_scheduler*:internal counter does not exist
05-01 02:18:55.398 29741 29741 D ActivityThread: setConscryptValidator
05-01 02:18:55.398 29741 29741 D ActivityThread: setConscryptValidator - put
05-01 02:18:55.401  4039  4165 I ActivityManager: DSS OFF for com.google.android.gms
05-01 02:18:55.406  4039  4165 D ActivityManager: attachApplicationLocked() app=ProcessRecord{d193724 29741:com.google.android.gms.unstable/u0a38} app.isolatedEntryPoint=null instr2=null
05-01 02:18:55.415 29741 29741 D ActivityThread: handleBindApplication()++ app=com.google.android.gms.unstable
05-01 02:18:55.434 29741 29741 I id.gms.unstabl: The ClassLoaderContext is a special shared library.
05-01 02:18:55.440 29741 29741 I id.gms.unstabl: The ClassLoaderContext is a special shared library.
05-01 02:18:55.443 29708 29708 I FirebaseInitProvider: FirebaseApp initialization successful
05-01 02:18:55.460 29741 29741 W id.gms.unstabl: JIT profile information will not be recorded: profile file does not exist.
05-01 02:18:55.461 29741 29741 W id.gms.unstabl: JIT profile information will not be recorded: profile file does not exist.
05-01 02:18:55.461 29741 29741 W id.gms.unstabl: JIT profile information will not be recorded: profile file does not exist.
05-01 02:18:55.463 29741 29741 W id.gms.unstabl: JIT profile information will not be recorded: profile file does not exist.
05-01 02:18:55.464 29741 29741 W id.gms.unstabl: JIT profile information will not be recorded: profile file does not exist.
05-01 02:18:55.465 29741 29741 W id.gms.unstabl: JIT profile information will not be recorded: profile file does not exist.
05-01 02:18:55.465 29741 29741 W id.gms.unstabl: JIT profile information will not be recorded: profile file does not exist.
05-01 02:18:55.465 29741 29741 W id.gms.unstabl: JIT profile information will not be recorded: profile file does not exist.
05-01 02:18:55.465 29741 29741 W id.gms.unstabl: JIT profile information will not be recorded: profile file does not exist.
05-01 02:18:55.470  4039  4165 I GenerationRegistry: mBackingStore.isClosed() : false
05-01 02:18:55.480 29741 29741 D LoadedApk: LoadedApk::makeApplication() appContext=android.app.ContextImpl@f3bef8e appContext.mOpPackageName=com.google.android.gms appContext.mBasePackageName=com.google.android.gms appContext.mPackageInfo=android.app.LoadedApk@55673af
05-01 02:18:55.480 29741 29741 D NetworkSecurityConfig: Using Network Security Config from resource network_security_config debugBuild: false
05-01 02:18:55.485 29741 29741 D NetworkSecurityConfig: Using Network Security Config from resource network_security_config debugBuild: false
05-01 02:18:55.517  4039  4273 I ChimeraAggressivePolicyHandler: executePolicy() - triggerSource: TRIGGER_SOURCE_LMKD
05-01 02:18:55.517  4039  4273 I ChimeraAggressivePolicyHandler: available memory log: 495008, free memory target: 460800
05-01 02:18:55.518  4039  4273 I ChimeraAggressivePolicyHandler: available memory: 495008, free memory target: 460800, quit chimera
05-01 02:18:55.563 29692 29692 D ActivityThread: handleBindApplication() -- skipGraphicsSupport=false
05-01 02:18:55.575 29741 29741 D ActivityThread: handleBindApplication() -- skipGraphicsSupport=false
05-01 02:18:55.607 29708 29708 I TetheringManager: registerTetheringEventCallback:com.samsung.android.app.sharelive
05-01 02:18:55.618 29708 29708 I ShareLive:QuickShare: [D2D][main] [GlobalSettingsSearchProvider] secQueryGetFingerprint
05-01 02:18:55.627 29741 29741 W ProviderHelper: Unknown dynamite feature providerinstaller.dynamite
05-01 02:18:55.627 29741 29741 I DynamiteModule: Considering local module com.google.android.gms.providerinstaller.dynamite:1 and remote module com.google.android.gms.providerinstaller.dynamite:0
05-01 02:18:55.628 29741 29741 I DynamiteModule: Selected local version of com.google.android.gms.providerinstaller.dynamite
05-01 02:18:55.629 29692 29692 W ProviderHelper: Unknown dynamite feature providerinstaller.dynamite
05-01 02:18:55.631 29692 29692 I DynamiteModule: Considering local module com.google.android.gms.providerinstaller.dynamite:1 and remote module com.google.android.gms.providerinstaller.dynamite:0
05-01 02:18:55.631 29692 29692 I DynamiteModule: Selected local version of com.google.android.gms.providerinstaller.dynamite
05-01 02:18:55.637 29741 29741 V NativeCrypto: Registering com/google/android/gms/org/conscrypt/NativeCrypto's 305 native methods...
05-01 02:18:55.656 29692 29692 V NativeCrypto: Registering com/google/android/gms/org/conscrypt/NativeCrypto's 305 native methods...
05-01 02:18:55.668 29741 29741 I ProviderInstaller: Installed default security provider GmsCore_OpenSSL
05-01 02:18:55.703 29708 29708 I LinkSharing:QuickShare: [ShareLive:ServiceLog][main] [LinkSharingFeatureProvider] onCreate()
05-01 02:18:55.710  5805 27096 E FSA2_SyncUpProgressNotifier: Current progress 17 exceeds max progress 16
05-01 02:18:55.750  4039  4634 D ApplicationPolicy: isStatusBarNotificationAllowedAsUser: packageName = com.google.android.gms,userId = 0
05-01 02:18:55.751  4039  4634 D PersonaManagerAdapter: ContainerOnlyMode - EOS
05-01 02:18:55.751  4039  4634 D ApplicationPolicy: isStatusBarNotificationAllowedAsUser: packageName = com.google.android.gms,userId = 0
05-01 02:18:55.751  4039  4634 D PersonaManagerAdapter: ContainerOnlyMode - EOS
05-01 02:18:55.752 29708 29708 W ShareLive:QuickShare: [D2D][main] [ShareSliceProvider] slice provider not supported
05-01 02:18:55.757 29708 29708 I CapsuleProvider_1.0.25: onCreate
05-01 02:18:55.812  5805 27096 I FSA2_SyncUpPhotoCursor: Start to upload photo for contact 7e982d1a8ad0b5a6
05-01 02:18:55.812  5805 27096 E PhotoUrlUtil: Photo cell is empty.
05-01 02:18:55.837  4039  7361 I SamsungAlarmManager: setLocked to kernel - T:2 / 20240501T021905, set=1513809, now=1504004
05-01 02:18:55.838  4039  7361 I SamsungAlarmManager: setLocked to kernel - T:3 / 20240501T021900, set=1508167, now=1504004
05-01 02:18:55.838 29741 29741 W dfvs    : Primes not initialized, returning default (no-op) Primes instance which will ignore all calls. Please call Primes.initialize(...) before using any Primes API.
05-01 02:18:55.838  4039  7361 D SamsungAlarmManager: setInexact (T:3/F:0/AC:false) 20240501T021942 now=1504004 - CU:1000/CP:4039/L:92901fd:*job.delay*
05-01 02:18:55.838  4039  7361 I SamsungAlarmManager: setLocked to kernel - T:2 / 20240501T021905, set=1513809, now=1504004
05-01 02:18:55.838  4039  7361 I SamsungAlarmManager: setLocked to kernel - T:3 / 20240501T021900, set=1508167, now=1504004
05-01 02:18:55.839 29692 29692 I ProviderInstaller: Installed default security provider GmsCore_OpenSSL
05-01 02:18:55.847  4039  7361 I SamsungAlarmManager: setLocked to kernel - T:2 / 20240501T021905, set=1513809, now=1504013
05-01 02:18:55.847  4039  7361 I SamsungAlarmManager: setLocked to kernel - T:3 / 20240501T021900, set=1508167, now=1504013
05-01 02:18:55.847  4039  7361 D SamsungAlarmManager: setInexact (T:2/F:0/AC:false) 20240501T021859 now=1504013 - CU:1000/CP:4039/L:7b4569a:*job.deadline*
05-01 02:18:55.847  4039  7361 I SamsungAlarmManager: setLocked to kernel - T:2 / 20240501T021859, set=1507251, now=1504013
05-01 02:18:55.860 29708 29708 I ShareLive:QuickShare: [D2D][main] [ShareLiveApplication] init 1714510135860
05-01 02:18:55.860 29708 29708 I QuickShare: [Common][main] [SamsungAnalyticsUtil] SA init SEP version: 120100
05-01 02:18:55.869 29708 29708 I DIAGMON_SDK[605066]: DiagMonAgent type: 2
05-01 02:18:55.870 29708 29708 I DIAGMON_SDK[605066][4L0-399-515497] : generated SR object
05-01 02:18:55.886 29708 29708 I ShareLive:QuickShare: [D2D][main] [BroadcastUtil] [Scheduling]----registerSchedulerReceiver
05-01 02:18:55.887 29708 29708 I LinkSharing:QuickShare: [D2S][main] [SettingRepository] PRD / false
05-01 02:18:55.888 29708 29708 I ShareLive:QuickShare: [D2D][main] [ShareLiveApplication] initNotificationChannel
05-01 02:18:55.918  4039  4053 I GenerationRegistry: mBackingStore.isClosed() : false
05-01 02:18:55.942 28685 28685 D BoundBrokerSvc: onUnbind: Intent { act=com.google.android.gms.common.telemetry.service.START dat=chimera-action: cmp=com.google.android.gms/.chimera.PersistentApiService }
05-01 02:18:55.978 29708 29708 I CapsuleProvider_1.0.25: releasing initialize wait lock.
05-01 02:18:55.979 29708 29708 I a_1.0.25: initialized
05-01 02:18:55.987 29708 29708 I LinkSharing:QuickShare: [D2S][main] [SettingRepository] PRD / false
05-01 02:18:55.994  4589  4589 I Launcher.NotificationListener: onNotificationPosted : com.google.android.gms number : 0
05-01 02:18:55.995  4589  4683 I Launcher.NotificationListener: notificationIsValidForUI : com.google.android.gms missingTitleAndText : false isGroupHeader : false
05-01 02:18:55.997  4364  4364 D InterruptionStateProvider: No bubble up: not allowed to bubble: 0|com.google.android.gms|3|com.google.android.gms.people.sync.focus.notification.sync_progress.tag.3e56390e833b4567|10038
05-01 02:18:55.999  4364  4364 D InterruptionStateProvider:  no Heads up : edgelighting enabled app. 0|com.google.android.gms|3|com.google.android.gms.people.sync.focus.notification.sync_progress.tag.3e56390e833b4567|10038
05-01 02:18:56.001 29708 29805 I ShareLive:QuickShare: [D2D][RxScheduler-1] [ShareLiveApplication] initAfterOnBoardAgreed onboardPermission isNeeded=false
05-01 02:18:56.033 29708 29811 I ShareLive:QuickShare: [D2D][RxScheduler-3] [PolicyDataSourceImpl] initPolicy
05-01 02:18:56.045 29708 29708 I [RoutineSdk3.0-3.1.3]: RoutineSdkImpl: setHandler - actionHandler initialized
05-01 02:18:56.045 29708 29708 I LinkSharing:QuickShare: [D2S][main] [PrivacySource] initPrivacy
05-01 02:18:56.052  4364  4364 E ExpandableNotifRow: onNotificationUpdated() NSSL is null..
05-01 02:18:56.056  4364  4364 D FaceWidgetNotificationManager: updateFaceWidgetMusicNotificationKey() return : mFaceWidgetMusicNotificationKey is empty
05-01 02:18:56.086 29741 29792 W id.gms.unstabl: Verification of cqxd akah.aC(com.google.android.gms.smartdevice.setup.accounts.ExchangeAssertionsForUserCredentialsRequest) took 104.678ms (257.93 bytecodes/s) (1072B approximate peak alloc)
05-01 02:18:56.087 29692 29692 W dfvs    : Primes not initialized, returning default (no-op) Primes instance which will ignore all calls. Please call Primes.initialize(...) before using any Primes API.
05-01 02:18:56.134 29692 29809 I Watchcat: Started
05-01 02:18:56.153 29692 29809 I GMS_MM_Logger: (REDACTED) Start time: %s
05-01 02:18:56.155 29692 29809 I GMS_MM_Logger: Started.
05-01 02:18:56.221 29741 29792 W id.gms.unstabl: Verification of cqxd akah.ao(com.google.android.gms.pay.GetSePrepaidCardRequest) took 105.187ms (342.25 bytecodes/s) (1248B approximate peak alloc)
05-01 02:18:56.248 28685 29309 I NearbySharing: FastInitiation warming period has ended [CONTEXT service_id=194 ]
05-01 02:18:56.272 29708 29812 I ShareLive:QuickShare: [D2D][RxScheduler-4] [ShareLiveApplication] checkOnboardPermission
05-01 02:18:56.323 29708 29818 I Policy_13.0.02: [RxCachedThreadScheduler-1][MobileServicePolicy] scheduleJob success : 86400000
05-01 02:18:56.336 29741 29792 W id.gms.unstabl: Verification of cqxd akah.bk(cutv, android.content.IntentFilter[]) took 105.731ms (387.77 bytecodes/s) (1368B approximate peak alloc)
05-01 02:18:56.352  3538  3538 I io_stats: !@ 179,0 r 2881798 44825522 w 143637 2206140 d 22492 540436 f 9232 30017 iot 1039104 890620 th 51200 0 0 pt 0 inp 0 0 1504.518
05-01 02:18:56.361  4039  4039 W Looper  : Slow dispatch took 121ms main h=com.android.server.job.JobSchedulerService$JobHandler c=null m=1
05-01 02:18:56.362 29708 29818 I Policy_13.0.02: [RxCachedThreadScheduler-1][GetPolicyJobService] polling job service was already scheduled (from:86400000 to:86400000)
05-01 02:18:56.363 29708 29818 I ShareLive:QuickShare: [D2D][RxScheduler-1] [PolicyDataSourceImpl] requestSyncPolicy
05-01 02:18:56.364 29708 29818 I Policy_13.0.02: [RxCachedThreadScheduler-1][SyncPolicyUseCase] syncPolicy
05-01 02:18:56.385 29708 29826 I Policy_13.0.02: [RxCachedThreadScheduler-2][PolicyRepositoryImpl] last_synced_time: 1714459803053, revision : 1714459803053
05-01 02:18:56.387 29708 29826 I Policy_13.0.02: [RxCachedThreadScheduler-2][AppPolicy] syncedTime: 1714459803053 , needSync : false
05-01 02:18:56.387 29708 29826 I Policy_13.0.02: [RxCachedThreadScheduler-2][SyncPolicyUseCase] requestSync : no need sync
05-01 02:18:56.388 29708 29826 I Policy_13.0.02: [RxCachedThreadScheduler-2][SyncPolicyUseCase] requestSync : failed
05-01 02:18:56.388 29708 29826 W ShareLive:QuickShare: [D2D][RxScheduler-2] [PolicyRepositoryImpl] requestSync : no need sync
05-01 02:18:56.389 29708 29826 I LinkSharing:QuickShare: [D2S][RxScheduler-2] [SmpInitializer] init smp
05-01 02:18:56.522 29708 29826 I SmpLog  : [SMP] init. S:true P:FCM_PRIMARY_MODE A:a
05-01 02:18:56.532  4039  4150 D SensorService: [SO] 0.421 0.077 9.787
05-01 02:18:56.551 29708 29826 I ShareLive:QuickShare: [D2D][RxScheduler-2] [ShareLiveApplication] initPolicyAndSmp done
05-01 02:18:56.573 29708 29806 I ShareLive:QuickShare: [SLIVE][RxScheduler-2] [PkiSourceImpl] sca tokenExist=null
05-01 02:18:56.577 29708 29806 E ShareLive:QuickShare: [D2D][RxScheduler-2] [ShareLiveApplication] sca is not available
05-01 02:18:56.614 29708 29835 I SmpLog  : [SMP] Test mode: false, v:3.3.7.0, com.samsung.android.app.sharelive
05-01 02:18:56.622 29708 29835 I SmpLog  : [SMP] ptype:fcm, token:...nb2Hn (163), D:null, U:null, S:false, M:null, P:FCM_PRIMARY_MODE
05-01 02:18:56.646 29708 29835 I SmpLog  : [SMP] SEND BR : smp init success
05-01 02:18:56.741  6656  7798 I DMASA[D][4L0-399-515497]: [DiagmonProvider]Received msg based on provider : true / anr_logging
05-01 02:18:56.825 29708 29811 I ShareLive:QuickShare: [D2D][RxScheduler-3] [PreferenceSourceImpl] getMigrationTipsSetting: true
05-01 02:18:56.834 29708 29708 I LinkSharing:QuickShare: [D2S][main] [SettingRepository] PRD / false
05-01 02:18:56.835 29708 29708 I ShareLive:QuickShare: [D2D][main] [ShareLiveApplication] onCreate versionName = [ 13.6.13.6 ], versionCode = [ 1361306205 ]
05-01 02:18:56.841  4039  7361 D PackageManager: setEnabledSetting : userId = 0 packageName = com.samsung.android.app.sharelive cmp = androidx.work.impl.background.systemjob.SystemJobService newState = 1 callingPackage = 5026/com.samsung.android.app.sharelive
05-01 02:18:56.844 29708 29806 I ShareLive:QuickShare: [D2D][RxScheduler-2] [ISettingsCompat] isBtEnabled value = false
05-01 02:18:56.844 29708 29806 I ShareLive:QuickShare: [D2D][RxScheduler-2] [SettingsRepositoryImpl] updateVisibilityByBtState=false
05-01 02:18:56.846 29708 29806 I ShareLive:QuickShare: [D2D][RxScheduler-2] [SettingsDao] updateVisibilityByBtState oldBtState=0, btEnabledState=0
05-01 02:18:56.846 29708 29806 I ShareLive:QuickShare: [D2D][RxScheduler-2] [SettingsDao] bt state already updated, return!
05-01 02:18:56.851 29708 29839 I ShareLive:QuickShare: [D2D][RxComputation-1] [WorkerRepositoryImpl] enqueueConnectivityWorker dependOnBluetooth = true
05-01 02:18:56.851 29708 29839 I ShareLive:QuickShare: [D2D][RxComputation-1] [WorkSourceImpl] enqueueConnectivityWorker
05-01 02:18:56.853 29708 29708 I LinkSharing:QuickShare: [D2S][main] [SmpEventReceiver] onReceive: action=com.samsung.android.sdk.smp.smpInitResult
05-01 02:18:56.855 29708 29708 I LinkSharing:QuickShare: [D2S][main] [SmpEventReceiver] SMP init success
05-01 02:18:56.855 29708 29708 I ShareLive:QuickShare: [D2D][main] [ShareLiveApplication] onTrimMemory level=15
05-01 02:18:56.859 29446 29446 I MCFQS   : (DeviceDiscoverySystemReceiver) onReceive()-[td:main] action : com.samsung.android.sharelive.DEVICE_VISIBILITY
05-01 02:18:56.860 29446 29495 I MCFQS   : (PhoneVisibilityRepository) updateVisibilityType()-[td:disco] isUpdated:false, NO_ONE
05-01 02:18:56.860 29446 29495 I MCFQS   : (ReceiverViewModel) isVisibilityAllowed()-[td:disco] no - visibility off
05-01 02:18:56.865 29708 29708 I ShareLive:QuickShare: [D2D][main] [ShareLiveApplication] onTrimMemory level=80
05-01 02:18:56.939 29741 29760 I DynamiteModule: Considering local module com.google.android.gms.googlecertificates:7 and remote module com.google.android.gms.googlecertificates:7
05-01 02:18:56.939 29741 29760 I DynamiteModule: Selected local version of com.google.android.gms.googlecertificates
05-01 02:18:56.953  6656  7798 I DMASA[D][4L0-399-515497]: [DiagmonProvider]Signature Check Success
05-01 02:18:56.978  4039  4263 D WifiConnectivityMonitor.NetworkStatsAnalyzer: Backhaul result - RSSI:-56, CE:13, PE:13, TI:15, PTI:15, TW:10, PTW:12, Tx:62, Rx:120, TxS:99, RxS:113, RESULT:true, IC:0, ICT:5, WC:0, WCT:5, R:0, RC:0, IE:0, EC:0
05-01 02:18:57.140 29708 29806 I ShareLive:QuickShare: [D2D][RxScheduler-2] [SettingsRepositoryImpl] notifySettingsChange discoverySetting: OFF, everyoneTemporaryOption: true
05-01 02:18:57.258 29708 29806 I ShareLive:QuickShare: [D2D][RxScheduler-2] [AlarmDataSourceImpl] cancelUpdateDiscoveryAlarm existingTriggerTime: 0
05-01 02:18:57.259 29708 29708 I ShareLive:QuickShare: [D2D][main] [ShareLiveApplication] onTrimMemory level=80
05-01 02:18:57.334 29498 29550 I ogle.android.g: WaitForGcToComplete blocked ProfileSaver on ClassLinker for 2.179s
05-01 02:18:57.367 29498 29515 I ogle.android.g: WaitForGcToComplete blocked CollectorTransition on ProfileSaver for 25.767ms
05-01 02:18:57.562 29708 29806 I ShareLive:QuickShare: [D2D][RxScheduler-2] [ISettingsCompat] QuickShare isActivated: true
05-01 02:18:57.563  4364  4364 D TileServices: requestListening ComponentInfo{com.samsung.android.app.sharelive/com.samsung.android.app.sharelive.presentation.quickpanel.DeviceVisibilityTileService}
05-01 02:18:57.575 29708 29806 I ShareLive:QuickShare: [D2D][RxScheduler-2] [PreferenceSourceImpl] getScanMyDeviceDiscoveryOff true
05-01 02:18:57.576 29708 29806 I ShareLive:QuickShare: [D2D][RxScheduler-2] [PreferenceSourceImpl] enabledChinaP2pComponent true
05-01 02:18:57.576 29708 29806 I ShareLive:QuickShare: [D2D][RxScheduler-2] [BroadcastUtil] sendBroadcastUpdateVisibility discoverySetting=2
05-01 02:18:57.581 29708 29806 I ShareLive:QuickShare: [D2D][RxScheduler-2] [BroadcastUtil] sendBroadcastMdeSuggestion
05-01 02:18:58.119 29708 29806 I ShareLive:QuickShare: [D2D][RxScheduler-2] [PreferenceSourceImpl] getBtWifiOnConsent 0
05-01 02:18:58.133 29708 29806 I ShareLive:QuickShare: [D2D][RxScheduler-2] [NearbyShareSourceImpl] NS [ updateVisibility ] requested
05-01 02:18:58.347 29708 29793 I DIAGMON_SDK[605066][4L0-399-515497] : Results : Success
05-01 02:18:58.356  3538  3538 I io_stats: !@ 179,0 r 2882177 44830130 w 143814 2208276 d 22495 540452 f 9234 30030 iot 1041100 892483 th 51200 0 0 pt 0 inp 10 1 1506.522
05-01 02:18:58.579 29708 29806 I ShareLive:QuickShare: [D2D][RxScheduler-2] [NearbyShareSourceImpl] NS [ setVisibility ] = 4
05-01 02:18:58.583  4039  7361 D SettingsProvider: isChangeAllowed() : name = quickshare_enabled
05-01 02:18:58.583  4039  7361 D SettingsProvider: edmUri: content://com.sec.knox.provider/RestrictionPolicy3
05-01 02:18:58.583  4039  7361 D SettingsProvider: projectionArgs: isSettingsChangesAllowed
05-01 02:18:58.583  4039  7361 D SettingsProvider: selectionArgs: false
05-01 02:18:58.583  4039  7361 D SettingsProvider: selectionArgs: 5026
05-01 02:18:58.583  4039  7361 D SecContentProvider: query(), uri = 17 selection = isSettingsChangesAllowed
05-01 02:18:58.584  4039  7361 D SecContentProvider: called from android.uid.sharelive:5026
05-01 02:18:58.688  4039  7361 D RestrictionPolicy: isSettingsChangesAllowedAsUser, userId 0 : true
05-01 02:18:58.690  4039  7361 D SettingsProvider: ret = 1
05-01 02:18:58.903 29708 29811 I ShareLive:QuickShare: [D2D][RxScheduler-3] [SettingsCompat] update system setting int name = quickshare_enabled, value = 0
05-01 02:18:58.903 29708 29811 I ShareLive:QuickShare: [D2D][RxScheduler-3] [ShareLiveApplication] initWithoutNetwork success
05-01 02:18:58.937 29741 29754 I id.gms.unstabl: Background young concurrent copying GC freed 114295(7909KB) AllocSpace objects, 7(140KB) LOS objects, 89% free, 2980KB/26MB, paused 110.510ms total 1.565s
05-01 02:18:59.059  4039  7361 D PackageManager: setEnabledSetting : userId = 0 packageName = com.samsung.android.app.sharelive cmp = androidx.work.impl.background.systemalarm.RescheduleReceiver newState = 1 callingPackage = 5026/com.samsung.android.app.sharelive
05-01 02:18:59.085  4039  4177 D SamsungAlarmManager: Expired : 4
05-01 02:18:59.085  4039  4177 V SamsungAlarmManager: Sending to uid : 1000 L=7b4569a:*job.deadline* alarm=Alarm{e8571ba type 2 when 1507251 android}
05-01 02:18:59.087  4039  4177 I SamsungAlarmManager: setLocked to kernel - T:2 / 20240501T021905, set=1513809, now=1507253
05-01 02:18:59.087  4039  4177 I SamsungAlarmManager: setLocked to kernel - T:3 / 20240501T021900, set=1508167, now=1507253
05-01 02:18:59.088  4039  4039 D SamsungAlarmManager: setInexact (T:2/F:0/AC:false) 20240501T021905 now=1507254 - CU:1000/CP:4039/L:7b4569a:*job.deadline*
05-01 02:18:59.088  4039  4039 I SamsungAlarmManager: setLocked to kernel - T:2 / 20240501T021905, set=1513479, now=1507254
05-01 02:18:59.088  4039  4039 I SamsungAlarmManager: setLocked to kernel - T:3 / 20240501T021900, set=1508167, now=1507255
05-01 02:18:59.174  5370  5370 D BoundBrokerSvc: onRebind: Intent { act=com.google.android.gms.nearby.sharing.START_SERVICE pkg=com.google.android.gms }
05-01 02:18:59.283 29741 29786 I Watchcat: Started
05-01 02:18:59.288 29741 29786 I GMS_MM_Logger: (REDACTED) Start time: %s
05-01 02:18:59.290 29741 29786 I GMS_MM_Logger: Started.
05-01 02:18:59.353  3690  3690 I SurfaceFlinger: SFWD update time=1507519606537
05-01 02:18:59.399 29741 29786 I ProcStatsManager: Proc stats logger installed and started.
05-01 02:18:59.416  5370 19115 I NearbySharing: (REDACTED) A new client has bound to the NearbySharingService ExternalClientBridge for calling package %s
05-01 02:18:59.416  4039  7319 I GenerationRegistry: mBackingStore.isClosed() : false
05-01 02:18:59.554  5370 19115 I NearbySharing: (REDACTED) Package %s has requested to set enabled to %b
05-01 02:18:59.558  4039  6286 D SyncManager: userId - 95 auto - null
05-01 02:18:59.567  5370  7070 W NearbySharing: NearbySharingService call setEnabled returned nonzero status code for calling package com.samsung.android.app.sharelive: STATUS_ALREADY_IN_DESIRED_STATE [CONTEXT service_id=194 ]
05-01 02:18:59.574 29708 29708 I ShareLive:QuickShare: [D2D][main] [NearbyShareSourceImpl] NS [ setEnabled(true) ] failure message = 35500:
05-01 02:18:59.589  5370 19115 I NearbySharing: (REDACTED) Package %s has requested to opt in
05-01 02:18:59.601  4039  4634 D SyncManager: userId - 0 auto - true
05-01 02:18:59.609  5370  7070 W NearbySharing: NearbySharingService call optIn returned nonzero status code for calling package com.samsung.android.app.sharelive: STATUS_ALREADY_IN_DESIRED_STATE [CONTEXT service_id=194 ]
05-01 02:18:59.611 29708 29708 I ShareLive:QuickShare: [D2D][main] [NearbyShareSourceImpl] NS [ optIn() ] failure message = 35500:
05-01 02:18:59.693  5370  6657 I NearbySharing: (REDACTED) Package %s has requested to set device name to %s
05-01 02:18:59.708  5370  6657 I NearbySharing: (REDACTED) Package %s has requested to change allow permission auto to %b
05-01 02:18:59.712  5370  6657 I NearbySharing: (REDACTED) Package %s has requested to set visibility to %s
05-01 02:18:59.728  5370  7070 W NearbySharing: NearbySharingService call setDeviceName returned nonzero status code for calling package com.samsung.android.app.sharelive: STATUS_ALREADY_IN_DESIRED_STATE [CONTEXT service_id=194 ]
05-01 02:18:59.730 29708 29708 E ShareLive:QuickShare: [D2D][main] [NearbyShareSourceImpl] NS [ setDeviceName ] failure message = 35500:
05-01 02:18:59.744  5370  7070 W NearbySharing: NearbySharingService call setAllowPermissionAuto returned nonzero status code for calling package com.samsung.android.app.sharelive: STATUS_ALREADY_IN_DESIRED_STATE [CONTEXT service_id=194 ]
05-01 02:18:59.747 29708 29708 I ShareLive:QuickShare: [D2D][main] [NearbyShareSourceImpl] NS [ setRadioTogglingAllowed(true) ] failure message = 35500:
05-01 02:18:59.760  4039  4634 D SamsungAlarmManager: setInexact (T:3/F:0/AC:false) 20340429T021859 now=1507926 - CU:9510038/CP:15861/OP:PendingIntent{fb8551a: PendingIntentRecord{786584b com.google.android.gms/com.google.android.gms.container startService}}
05-01 02:18:59.760  4039  4634 I SamsungAlarmManager: setLocked to kernel - T:2 / 20240501T021905, set=1513479, now=1507926
05-01 02:18:59.760  4039  4634 I SamsungAlarmManager: setLocked to kernel - T:3 / 20240501T021900, set=1508167, now=1507926
05-01 02:18:59.767  5370  7070 W NearbySharing: Cannot set device visibility, since already in the desired visibility. [CONTEXT service_id=194 ]
05-01 02:18:59.770  5370  7070 W NearbySharing: NearbySharingService call setVisibility returned nonzero status code for calling package com.samsung.android.app.sharelive: STATUS_ALREADY_IN_DESIRED_STATE [CONTEXT service_id=194 ]
05-01 02:18:59.770 22663 22663 I SB_Receiver: action : com.samsung.android.sm.security.service.ACTION_SERVICE_STATUS_CHANGED
05-01 02:18:59.782 29708 29708 I ShareLive:QuickShare: [D2D][main] [NearbyShareSourceImpl] NS [ setVisibility ] failure message = 35500:
05-01 02:18:59.886 22663 22663 W ContextImpl: Calling a method in the system process without a qualified user: android.app.ContextImpl.startService:1739 android.content.ContextWrapper.startService:738 com.samsung.android.sm.security.model.trigger.SecurityBridgeProvider.b:17 com.samsung.android.sm.security.model.trigger.SecurityBridgeProvider.call:285 android.content.ContentProvider.call:2489
05-01 02:18:59.909 22663 22663 I SB_Receiver: action : com.samsung.android.sm.security.service.ACTION_SERVICE_STATUS_CHANGED
05-01 02:18:59.911 22663 22663 W ContextImpl: Calling a method in the system process without a qualified user: android.app.ContextImpl.startService:1739 android.content.ContextWrapper.startService:738 com.samsung.android.sm.security.model.trigger.SecurityBridgeProvider.b:17 com.samsung.android.sm.security.model.trigger.SecurityBridgeProvider.call:285 android.content.ContentProvider.call:2489
05-01 02:18:59.917 22663 22663 I SB_Receiver: action : com.samsung.android.sm.security.service.ACTION_SERVICE_STATUS_CHANGED
05-01 02:18:59.918 22663 22663 W ContextImpl: Calling a method in the system process without a qualified user: android.app.ContextImpl.startService:1739 android.content.ContextWrapper.startService:738 com.samsung.android.sm.security.model.trigger.SecurityBridgeProvider.b:17 com.samsung.android.sm.security.model.trigger.SecurityBridgeProvider.call:285 android.content.ContentProvider.call:2489
05-01 02:18:59.927 22663 22663 I SB_Receiver: action : com.samsung.android.sm.security.service.ACTION_SERVICE_STATUS_CHANGED
05-01 02:18:59.932 22663 22663 W ContextImpl: Calling a method in the system process without a qualified user: android.app.ContextImpl.startService:1739 android.content.ContextWrapper.startService:738 com.samsung.android.sm.security.model.trigger.SecurityBridgeProvider.b:17 com.samsung.android.sm.security.model.trigger.SecurityBridgeProvider.call:285 android.content.ContentProvider.call:2489
05-01 02:18:59.938 22663 22663 I SB_Receiver: action : com.samsung.android.sm.security.service.ACTION_SERVICE_STATUS_CHANGED
05-01 02:18:59.940 22663 22663 W ContextImpl: Calling a method in the system process without a qualified user: android.app.ContextImpl.startService:1739 android.content.ContextWrapper.startService:738 com.samsung.android.sm.security.model.trigger.SecurityBridgeProvider.b:17 com.samsung.android.sm.security.model.trigger.SecurityBridgeProvider.call:285 android.content.ContentProvider.call:2489
05-01 02:18:59.954 22663 22663 I SB_Receiver: action : com.samsung.android.sm.security.service.ACTION_SERVICE_STATUS_CHANGED
05-01 02:18:59.958 22663 22663 W ContextImpl: Calling a method in the system process without a qualified user: android.app.ContextImpl.startService:1739 android.content.ContextWrapper.startService:738 com.samsung.android.sm.security.model.trigger.SecurityBridgeProvider.b:17 com.samsung.android.sm.security.model.trigger.SecurityBridgeProvider.call:285 android.content.ContentProvider.call:2489
05-01 02:18:59.964 22663 22663 I SB_Receiver: action : com.samsung.android.sm.security.service.ACTION_SERVICE_STATUS_CHANGED
05-01 02:18:59.965 22663 22663 W ContextImpl: Calling a method in the system process without a qualified user: android.app.ContextImpl.startService:1739 android.content.ContextWrapper.startService:738 com.samsung.android.sm.security.model.trigger.SecurityBridgeProvider.b:17 com.samsung.android.sm.security.model.trigger.SecurityBridgeProvider.call:285 android.content.ContentProvider.call:2489
05-01 02:18:59.972 22663 22663 I SB_Receiver: action : com.samsung.android.sm.security.service.ACTION_SERVICE_STATUS_CHANGED
05-01 02:18:59.973 22663 22663 W ContextImpl: Calling a method in the system process without a qualified user: android.app.ContextImpl.startService:1739 android.content.ContextWrapper.startService:738 com.samsung.android.sm.security.model.trigger.SecurityBridgeProvider.b:17 com.samsung.android.sm.security.model.trigger.SecurityBridgeProvider.call:285 android.content.ContentProvider.call:2489
05-01 02:18:59.980 22663 22663 I SB_Receiver: action : com.samsung.android.sm.security.service.ACTION_SERVICE_STATUS_CHANGED
05-01 02:18:59.981 22663 22663 W ContextImpl: Calling a method in the system process without a qualified user: android.app.ContextImpl.startService:1739 android.content.ContextWrapper.startService:738 com.samsung.android.sm.security.model.trigger.SecurityBridgeProvider.b:17 com.samsung.android.sm.security.model.trigger.SecurityBridgeProvider.call:285 android.content.ContentProvider.call:2489
05-01 02:18:59.988 22663 22663 I SB_Receiver: action : com.samsung.android.sm.security.service.ACTION_SERVICE_STATUS_CHANGED
05-01 02:18:59.990 22663 22663 W ContextImpl: Calling a method in the system process without a qualified user: android.app.ContextImpl.startService:1739 android.content.ContextWrapper.startService:738 com.samsung.android.sm.security.model.trigger.SecurityBridgeProvider.b:17 com.samsung.android.sm.security.model.trigger.SecurityBridgeProvider.call:285 android.content.ContentProvider.call:2489
05-01 02:18:59.996 22663 22663 I SB_Receiver: action : com.samsung.android.sm.security.service.ACTION_SERVICE_STATUS_CHANGED
05-01 02:18:59.998 22663 22663 W ContextImpl: Calling a method in the system process without a qualified user: android.app.ContextImpl.startService:1739 android.content.ContextWrapper.startService:738 com.samsung.android.sm.security.model.trigger.SecurityBridgeProvider.b:17 com.samsung.android.sm.security.model.trigger.SecurityBridgeProvider.call:285 android.content.ContentProvider.call:2489
05-01 02:19:00.000  4039  4177 D SamsungAlarmManager: Expired : 8
05-01 02:19:00.001  4039  4177 V SamsungAlarmManager: Sending to uid : 1000 L=b7d796e:TIME_TICK alarm=Alarm{e097c35 type 3 when 1508167 android}
05-01 02:19:00.002  4039  4177 D SamsungAlarmManager: setExact (T:3/F:1/AC:false) 20240501T022000 now=1508168 - CU:1000/CP:4039/L:b7d796e:TIME_TICK
05-01 02:19:00.003  4039  4177 I SamsungAlarmManager: setLocked to kernel - T:2 / 20240501T021905, set=1513479, now=1508169
05-01 02:19:00.003  4039  4177 I SamsungAlarmManager: setLocked to kernel - T:2 / 20240501T021905, set=1513479, now=1508169
05-01 02:19:00.009 22663 29859 I SB_Processor: action : com.samsung.android.sm.security.service.ACTION_SERVICE_STATUS_CHANGED
05-01 02:19:00.010  4039  6286 D StorageManagerService: getExternalStorageMountMode: uid=15410066 packageName=com.google.android.googlequicksearchbox
05-01 02:19:00.011  4039  6286 D CompatibilityChangeReporter: Compat change id reported: 135634846; UID 15410066; state: DISABLED
05-01 02:19:00.012 22663 29859 I SB_BgScanServiceCompleted : name : background_scan, status  : started
05-01 02:19:00.012  4039  4068 D CompatibilityChangeReporter: Compat change id reported: 143937733; UID 15410066; state: ENABLED
05-01 02:19:00.019 22663 29859 I SB_Processor: action : com.samsung.android.sm.security.service.ACTION_SERVICE_STATUS_CHANGED
05-01 02:19:00.019 22663 29859 I SB_BgScanServiceCompleted : name : initialization_service, status  : started
05-01 02:19:00.026 22663 29859 I SB_Processor: action : com.samsung.android.sm.security.service.ACTION_SERVICE_STATUS_CHANGED
05-01 02:19:00.026 22663 29859 I SB_BgScanServiceCompleted : name : package, status  : terminated
05-01 02:19:00.028 22663 29859 I SB_Processor: action : com.samsung.android.sm.security.service.ACTION_SERVICE_STATUS_CHANGED
05-01 02:19:00.028 22663 29859 I SB_BgScanServiceCompleted : name : foreground_scan, status  : terminated
05-01 02:19:00.029 22663 29859 I SB_Processor: action : com.samsung.android.sm.security.service.ACTION_SERVICE_STATUS_CHANGED
05-01 02:19:00.029 22663 29859 I SB_BgScanServiceCompleted : name : background_update, status  : terminated
05-01 02:19:00.030 22663 29859 I SB_Processor: action : com.samsung.android.sm.security.service.ACTION_SERVICE_STATUS_CHANGED
05-01 02:19:00.030 22663 29859 I SB_BgScanServiceCompleted : name : background_scan, status  : terminated
05-01 02:19:00.031 22663 29859 I SB_Processor: action : com.samsung.android.sm.security.service.ACTION_SERVICE_STATUS_CHANGED
05-01 02:19:00.031 22663 29859 I SB_BgScanServiceCompleted : name : app_verification, status  : terminated
05-01 02:19:00.032 22663 29859 I SB_Processor: action : com.samsung.android.sm.security.service.ACTION_SERVICE_STATUS_CHANGED
05-01 02:19:00.032 22663 29859 I SB_BgScanServiceCompleted : name : foreground_update, status  : terminated
05-01 02:19:00.033 22663 29859 I SB_Processor: action : com.samsung.android.sm.security.service.ACTION_SERVICE_STATUS_CHANGED
05-01 02:19:00.034 22663 29859 I SB_BgScanServiceCompleted : name : background_scloud_scan, status  : terminated
05-01 02:19:00.035 22663 29859 I SB_Processor: action : com.samsung.android.sm.security.service.ACTION_SERVICE_STATUS_CHANGED
05-01 02:19:00.035 22663 29859 I SB_BgScanServiceCompleted : name : initialization_service, status  : completed
05-01 02:19:00.036 22663 29859 I SB_Processor: action : com.samsung.android.sm.security.service.ACTION_SERVICE_STATUS_CHANGED
05-01 02:19:00.036 22663 29859 I SB_BgScanServiceCompleted : name : background_update, status  : started
05-01 02:19:00.040  3603  3603 D Zygote  : Forked child process 29861
05-01 02:19:00.045  4039  4068 I ActivityManager: Start proc 29861:com.google.android.googlequicksearchbox:search/u154a66 for broadcast {com.google.android.googlequicksearchbox/com.google.android.apps.gsa.broadcastreceiver.CommonBroadcastReceiver}
05-01 02:19:00.081 29861 29861 E earchbox:searc: Not starting debugger since process cannot load the jdwp agent.
05-01 02:19:00.095 29861 29861 D ActivityThread: setConscryptValidator
05-01 02:19:00.095 29861 29861 D ActivityThread: setConscryptValidator - put
05-01 02:19:00.099  4039  7319 I ActivityManager: DSS OFF for com.google.android.googlequicksearchbox
05-01 02:19:00.104  4039  7319 D ActivityManager: attachApplicationLocked() app=ProcessRecord{3e038ca 29861:com.google.android.googlequicksearchbox:search/u154a66} app.isolatedEntryPoint=null instr2=null
05-01 02:19:00.114 29861 29861 D ActivityThread: handleBindApplication()++ app=com.google.android.googlequicksearchbox:search
05-01 02:19:00.122  4364  4645 D QSClockBellTower: onReceive(android.intent.action.TIME_TICK) mTimeZoneString:null
05-01 02:19:00.123  4364  4645 D QSClockBellTower: onReceive(android.intent.action.TIME_TICK) mTimeZoneString:null
05-01 02:19:00.135  4364  4364 D KeyguardUpdateMonitor: received broadcast android.intent.action.TIME_TICK
05-01 02:19:00.141  4364  4364 D QSClockBellTower: He is ready to ring the bell. (((QSClockBellSound - TimeText:2:19, TimeContentDescription:2:19 am, DateText:Wed, 1 May, ShortDateText:Wed, 1 May, Demofalse)))
05-01 02:19:00.141 29861 29861 I earchbox:searc: The ClassLoaderContext is a special shared library.
05-01 02:19:00.145  4364  4364 D QSClockHomeIndicatorView: Home Indicator status_bar_clock notifyTimeChanged(QSClockBellSound - TimeText:2:19, TimeContentDescription:2:19 am, DateText:Wed, 1 May, ShortDateText:Wed, 1 May, Demofalse) ClockVisibleByPolicy:true, ClockVisibleByUser:true, visible?true, parent:android.widget.LinearLayout{acafbac V.E...... ......ID 0,0-49,54 #7f0a037c app:id/left_clock_container}
05-01 02:19:00.146  4364  4364 D QSClockBellTower: Everyone heard the bell. run(currentTime:1714510140139,   getTime():Wed May 01 02:19:00 GMT+05:30 2024,   getTimeZone():libcore.util.ZoneInfo[id="Asia/Kolkata",mRawOffset=19800000,mEarliestRawOffset=21208000,mUseDst=false,mDstSavings=0,transitions=7])
05-01 02:19:00.152  4364  4364 D QSClockBellTower: He is ready to ring the bell. (((QSClockBellSound - TimeText:2:19, TimeContentDescription:2:19 am, DateText:Wed, 1 May, ShortDateText:Wed, 1 May, Demofalse)))
05-01 02:19:00.152  4364  4364 D QSClockHomeIndicatorView: Home Indicator status_bar_clock notifyTimeChanged(QSClockBellSound - TimeText:2:19, TimeContentDescription:2:19 am, DateText:Wed, 1 May, ShortDateText:Wed, 1 May, Demofalse) ClockVisibleByPolicy:true, ClockVisibleByUser:true, visible?true, parent:android.widget.LinearLayout{acafbac V.E...... ......ID 0,0-49,54 #7f0a037c app:id/left_clock_container}
05-01 02:19:00.153  4364  4364 D QSClockBellTower: Everyone heard the bell. run(currentTime:1714510140151,   getTime():Wed May 01 02:19:00 GMT+05:30 2024,   getTimeZone():libcore.util.ZoneInfo[id="Asia/Kolkata",mRawOffset=19800000,mEarliestRawOffset=21208000,mUseDst=false,mDstSavings=0,transitions=7])
05-01 02:19:00.153  4364  4364 D KeyguardUpdateMonitor: handleTimeUpdate
05-01 02:19:00.257  4364  4364 D FaceWidgetPagesController: onTimeChanged()
05-01 02:19:00.283 29741 29760 E DexLoadReporter: Failed to create profile for secondary dex /data/user/0/com.google.android.gms/app_dg_cache/6D94AF80983057A73E3E2CAECB2FF25AC099CB9D/the.apk:Permission denied
05-01 02:19:00.360  3538  3538 I io_stats: !@ 179,0 r 2882982 44839250 w 143902 2209324 d 22519 541300 f 9248 30077 iot 1043084 894481 th 51200 0 0 pt 0 inp 14 1 1508.526
05-01 02:19:00.465 29741 29766 I id.gms.unstabl: Waiting for a blocking GC ProfileSaver
05-01 02:19:00.543 29741 29766 I id.gms.unstabl: WaitForGcToComplete blocked ProfileSaver on RunEmptyCheckpoint for 77.463ms
05-01 02:19:00.561  4609  5344 D NetlinkTracker/wlan0: addressUpdated: 2401:4900:1f3a:81:3016:82ff:fe21:ffe2/64 on wlan0 flags 256 scope 0
05-01 02:19:00.564  4609  5344 D NetlinkTracker/wlan0: addressUpdated: 2401:4900:1f3a:81:1cb0:a3c5:6a80:38ca/64 on wlan0 flags 1 scope 0
05-01 02:19:00.568  4039  4273 I ChimeraAggressivePolicyHandler: executePolicy() - triggerSource: TRIGGER_SOURCE_LMKD
05-01 02:19:00.568  4039  4273 I ChimeraAggressivePolicyHandler: available memory log: 474148, free memory target: 460800
05-01 02:19:00.568  4039  4273 I ChimeraAggressivePolicyHandler: available memory: 474148, free memory target: 460800, quit chimera
05-01 02:19:00.581  3398  3398 I lmkd    : cached 0, sandbox(not0) 0
05-01 02:19:00.585  3398  3398 I lmkd    : Reclaim 'com.google.android.webview:webview_service' (29511), uid 10104, oom_adj 955, state 19 to free 46284kB
05-01 02:19:00.586  3398  3398 I lmkd    : Reclaimed 46284kB at oom_adj 850
05-01 02:19:00.610  4039  4634 I ActivityManager: Process com.google.android.webview:webview_service (pid 29511) has died: cch+55 CEM (39,420)
05-01 02:19:00.611  4039  4070 I libprocessgroup: Successfully killed process cgroup uid 10104 pid 29511 in 0ms
05-01 02:19:00.611  3603  3603 I Zygote  : Process 29511 exited due to signal 9 (Killed)
05-01 02:19:00.620  3722  6854 I CameraService: UidPolicy: No processes running for a uid=10104 disabled=0
05-01 02:19:00.691  4364  4364 I DigitalHorizontalClockView_LOCK_SCREEN: updatePaletteItemTransition : paletteItem = SOLID color : FFFFFFFF, animation = false
05-01 02:19:00.702  4364  4364 I Choreographer: Skipped 32 frames!  The application may be doing too much work on its main thread.
05-01 02:19:00.771 17421 17421 D BoundBrokerSvc: onBind: Intent { act=com.google.android.gms.auth.cryptauth.cryptauthservice.START dat=chimera-action: cmp=com.google.android.gms/.chimera.GmsBoundBrokerService }
05-01 02:19:00.771 17421 17421 D BoundBrokerSvc: Loading bound service for intent: Intent { act=com.google.android.gms.auth.cryptauth.cryptauthservice.START dat=chimera-action: cmp=com.google.android.gms/.chimera.GmsBoundBrokerService }
05-01 02:19:00.872 28685 29094 I NearbyConnections: Client 0p:com.google.android.gms.nearby.sharing disconnecting
05-01 02:19:00.979 29861 29861 W earchbox:searc: JIT profile information will not be recorded: profile file does not exist.
05-01 02:19:00.979 29861 29861 W earchbox:searc: JIT profile information will not be recorded: profile file does not exist.
05-01 02:19:00.982 28685 29094 I Nearby  : (REDACTED) Successfully shutdown executor %s.
05-01 02:19:01.187 28685 29310 I NearbyConnections: Because they unbound from our service, all state for client 141308162 will now be cleaned up.
05-01 02:19:01.189 15861 16203 D SharedPreferencesImpl: Time required to fsync /data/user/95/com.google.android.gms/shared_prefs/com.google.android.gms.auth.proximity.firstparty.DEVICE_SYNC_CONFIG_PREFERENCE_FILE.xml: [<1: 0, <2: 0, <4: 0, <8: 0, <16: 0, <32: 0, <64: 0, <128: 0, <256: 0, <512: 1, <1024: 0, <2048: 0, <4096: 0, <8192: 0, <16384: 0, >=16384: 0]
05-01 02:19:01.193 29498 29597 D SharedPreferencesImpl: Time required to fsync /data/user/0/com.google.android.gm/shared_prefs/primes.xml: [<1: 0, <2: 0, <4: 0, <8: 0, <16: 0, <32: 0, <64: 0, <128: 0, <256: 0, <512: 1, <1024: 0, <2048: 0, <4096: 0, <8192: 0, <16384: 0, >=16384: 0]
05-01 02:19:02.146 28685 29310 I Nearby  : (REDACTED) Successfully shutdown executor %s.
05-01 02:19:02.150 28685 29310 I Nearby  : (REDACTED) Successfully shutdown executor %s.
05-01 02:19:02.154 28685 29310 I Nearby  : (REDACTED) Successfully shutdown executor %s.
05-01 02:19:02.368  3538  3538 I io_stats: !@ 179,0 r 2883542 44849286 w 144045 2210612 d 22531 541360 f 9255 30102 iot 1045044 895612 th 51200 0 0 pt 0 inp 9 153 1510.532
05-01 02:19:02.449 28685 29310 I Nearby  : (REDACTED) Successfully shutdown executor %s.
05-01 02:19:02.450 28685 29310 I Nearby  : (REDACTED) Successfully shutdown executor %s.
05-01 02:19:02.451 28685 29310 I Nearby  : (REDACTED) Successfully shutdown executor %s.
05-01 02:19:02.459 28685 29310 I Nearby  : (REDACTED) Successfully shutdown executor %s.
05-01 02:19:02.902  4039  4316 D BatteryService: Sending ACTION_BATTERY_CHANGED. scale:100, info:{.chargerAcOnline = false, .chargerUsbOnline = true, .chargerWirelessOnline = false, .maxChargingCurrent = 0, .maxChargingVoltage = 0, .batteryStatus = CHARGING, .batteryHealth = GOOD, .batteryPresent = true, .batteryLevel = 35, .batteryVoltage = 3874, .batteryTemperature = 321, .batteryCurrent = 194, .batteryCycleCount = 0, .batteryFullCharge = 3300000, .batteryChargeCounter = 1068000, .batteryTechnology = Li-ion}
05-01 02:19:02.902  4039  4316 D BatteryService: online:4, current avg:294, charge type:1, POGO powered:false, power sharing:false, high voltage charger:false, charger_type:0, capacity:280000, misc_event:0x0, current_event:0x8000, current_now:194
05-01 02:19:02.908  4039  4178 D MotionRecognitionService:   onReceive : ACTION_BATTERY_CHANGED, Plugged: 2
05-01 02:19:02.908  4039  4178 I MotionRecognitionService: [TA] In/out: true, curr state: 1
05-01 02:19:02.910  4039  4039 D SemWifiApBroadcastReceiver: Received : android.intent.action.BATTERY_CHANGED
05-01 02:19:02.915  4335  4335 D SemBigDataInfoController: Intent : android.intent.action.BATTERY_CHANGED
05-01 02:19:02.916  4335  4335 D SemBigDataInfoController: Intent : android.intent.action.BATTERY_CHANGED
05-01 02:19:02.917  4364  4364 I PowerUI : BATTERY_HEALTH_CHECK extraHealth=2 mBatteryMiscEvent=0
05-01 02:19:02.918  4364  4364 D PowerUI : priorPlugType = 2 mPlugType = 2 priorBatteryStatus = 2 mBatteryStatus = 2
05-01 02:19:02.925  4364  4364 D PowerUI.Notification: showChargingNotice oldChargingType : 1 currentChargingType : 1 oldChargingTime : 14494000 mChargingTime : 14494000
05-01 02:19:02.925  4364  4364 D PowerUI.Notification: There is no change about charging status, so return!
05-01 02:19:02.925  4364  4364 I PowerUI : mBatteryMiscEvent = 0
05-01 02:19:02.928  4364  4364 D KeyguardUpdateMonitor: received broadcast android.intent.action.BATTERY_CHANGED
05-01 02:19:02.929  4364  4364 I AODBatteryManager: updateBatteryData: ACTION_BATTERY_CHANGED
05-01 02:19:02.932  4364  4364 I AODBatteryManager: saveBatteryData : AOD BatteryData [mBatteryLevel=35, mBatteryStatus=CHARGING, mBatteryPlugType=USB, mBatteryPlugged=true, mRemainingChargeTime=14494000, mBatteryChargingType=1, mBatteryChargerType=NORMAL, mBatteryOnline=USB, mBatterySwellingMode=NONE]
