05-01 02:18:43.788  4713  5180 I StackIF : processResponse: reqId 901
05-01 02:18:43.788  4713  5180 I StackIF : processResponse: handle -1 result 0 reason 0
05-01 02:18:43.788  4713  5183 I reSIProcate: INFO | RESIP | StackThread.cxx:31 | StackThread wait time to select:118461
05-01 02:18:43.788  4713  5180 I [IMS6.0]: IMS_onResponse()
05-01 02:18:43.788  4713  5183 I reSIProcate: INFO | RESIP | StackThread.cxx:33 | StackThread start to process.
05-01 02:18:43.788  4713  5183 I reSIProcate: INFO | RESIP | FdPoll.cxx:849 | epollWait +++
05-01 02:18:43.788  4713  5180 I StackIF : processMessage 2
05-01 02:18:43.788  4713  5183 I reSIProcate: INFO | RESIP | FdPoll.cxx:862 | epollWait ---
05-01 02:18:43.788  4713  5180 I StackIF : Processing Response
05-01 02:18:43.788  4713  5183 I reSIProcate: INFO | RESIP | StackThread.cxx:31 | StackThread wait time to select:118460
05-01 02:18:43.788  4713  5180 I SECIMSJ : [0396]< 901
05-01 02:18:43.788  4039  7319 D ActivityManager: attachApplicationLocked() app=ProcessRecord{8ebc4cb 29285:com.google.android.gms/u154a38} app.isolatedEntryPoint=null instr2=null
05-01 02:18:43.788  4713  5180 I StackIF : processResponse: reqId 901
05-01 02:18:43.788  4713  5180 I StackIF : processResponse: handle -1 result 0 reason 0
05-01 02:18:43.799 29285 29285 D ActivityThread: handleBindApplication()++ app=com.google.android.gms
05-01 02:18:43.804  4039  6286 I SamsungAlarmManager: setLocked to kernel - T:2 / 20240501T021905, set=1513809, now=1491970
05-01 02:18:43.805  4039  6286 I SamsungAlarmManager: setLocked to kernel - T:3 / 20240501T021900, set=1508167, now=1491971
05-01 02:18:43.806  4039  6286 D SamsungAlarmManager: setExact (T:2/F:9/AC:false) 20240501T021843 now=1491972 - CU:1000/CP:4713/OP:PendingIntent{cec4bb4: PendingIntentRecord{512a9f0 com.sec.imsservice broadcastIntent}}
05-01 02:18:43.806  4039  6286 I SamsungAlarmManager: setLocked to kernel - T:2 / 20240501T021844, set=1492953, now=1491973
05-01 02:18:43.828 29285 29285 I gle.android.gm: The ClassLoaderContext is a special shared library.
05-01 02:18:43.836  3398  3398 I lmkd    : cached 0, sandbox(not0) 0
05-01 02:18:43.837  3398  3398 I lmkd    : Reclaimed 0kB at oom_adj 850
05-01 02:18:43.837  3398  3398 I lmkd    : Suppressed 5 failed kill reports
05-01 02:18:43.838 29285 29285 I gle.android.gm: The ClassLoaderContext is a special shared library.
05-01 02:18:43.880 28685 28685 W .gms.persisten: Verification of void effe.t(int) took 106.757ms (2145.04 bytecodes/s) (3792B approximate peak alloc)
05-01 02:18:43.889  4039  6724 W NotificationService: Toast already killed. pkg=com.samsung.android.lool token=android.os.BinderProxy@e543dd
05-01 02:18:43.894 28600 28600 I SAMSUNGWALLET-BPC: [BoardingPassCaptureInterfaceImpl] update feature state
05-01 02:18:43.896  5805 27096 I FSA2_SyncUpPhotoCursor: Start to upload photo for contact 292c7a418ff394a3
05-01 02:18:43.896  5805 27096 E PhotoUrlUtil: Photo cell is empty.
05-01 02:18:43.898 28685 28685 W SystemServiceRegistry: No service published for: contexthub
05-01 02:18:43.921  4364  4364 D InterruptionStateProvider: No bubble up: not allowed to bubble: 0|com.google.android.gms|3|com.google.android.gms.people.sync.focus.notification.sync_progress.tag.3e56390e833b4567|10038
05-01 02:18:43.924  4039  4062 I WindowManager: Reparenting to original parent: Surface(name=WindowToken{5875685 android.os.Binder@365dffc})/@0x5af6e16, destroy=true, surface=Surface(name=12874c7 Toast)/@0x6a24731
05-01 02:18:43.924  4039  4062 I SurfaceControl: nativeRelease nativeObject s[2945075904]
05-01 02:18:43.924  4039  4062 I SurfaceControl: nativeRelease nativeObject e[2945075904]
05-01 02:18:43.930  4364  4364 D InterruptionStateProvider:  no Heads up : edgelighting enabled app. 0|com.google.android.gms|3|com.google.android.gms.people.sync.focus.notification.sync_progress.tag.3e56390e833b4567|10038
05-01 02:18:43.933 29182 29304 I EventBusThread: (REDACTED) Event Bus thread starting with TID %d
05-01 02:18:43.944  4364  4364 I PowerUI : BATTERY_HEALTH_CHECK extraHealth=2 mBatteryMiscEvent=0
05-01 02:18:43.944  4364  4364 D PowerUI : priorPlugType = 2 mPlugType = 2 priorBatteryStatus = 2 mBatteryStatus = 2
05-01 02:18:43.948  4364  4364 D PowerUI.Notification: showChargingNotice oldChargingType : 1 currentChargingType : 1 oldChargingTime : 14516000 mChargingTime : 14516000
05-01 02:18:43.948  4364  4364 D PowerUI.Notification: There is no change about charging status, so return!
05-01 02:18:43.948  4364  4364 I PowerUI : mBatteryMiscEvent = 0
05-01 02:18:43.950  4364  4364 D KeyguardUpdateMonitor: received broadcast android.intent.action.BATTERY_CHANGED
05-01 02:18:43.951  4364  4364 I AODBatteryManager: updateBatteryData: ACTION_BATTERY_CHANGED
05-01 02:18:43.954  3690  6441 I Layer   : id=799 removeFromCurrentState Surface(name=12874c7 Toast)/@0x6a24731 - animation-leash#1 (60)
05-01 02:18:43.954  3690  6441 I SurfaceFlinger: id=799 Removed Surface(name=12874c7 Toast)/@0x6a24731 - animation-leash#1 (60)
05-01 02:18:43.955  4364  4364 I AODBatteryManager: saveBatteryData : AOD BatteryData [mBatteryLevel=35, mBatteryStatus=CHARGING, mBatteryPlugType=USB, mBatteryPlugged=true, mRemainingChargeTime=14516000, mBatteryChargingType=1, mBatteryChargerType=NORMAL, mBatteryOnline=USB, mBatterySwellingMode=NONE]
05-01 02:18:43.956  3690  3690 D SurfaceFlinger: Display 0 HWC layers:
05-01 02:18:43.956  3690  3690 D SurfaceFlinger:      DEVICE | 0xe976ca40 | 0002 | RGBA_1010102 |  400.0    0.0 1120.0 1520.0 |    0    0  720 1520 | com.android.systemui.ImageWallpaper$_4364#0
05-01 02:18:43.956  3690  3690 D SurfaceFlinger:      DEVICE | 0xe976d300 | 0000 | RGBA_8888    |    0.0    0.0  720.0 1520.0 |    0    0  720 1520 | com.sec.android.app.launcher/com.sec[...].activities.LauncherActivity$_4589#0
05-01 02:18:43.956  3690  3690 D SurfaceFlinger:      DEVICE | 0xe8da5e40 | 0000 | RGBA_8888    |    0.0    0.0  720.0   54.0 |    0    0  720   54 | StatusBar$_4364#0
05-01 02:18:43.956  3690  3690 D SurfaceFlinger:      DEVICE | 0xe8da4f40 | 0000 | RGBA_8888    |    0.0    0.0  720.0   84.0 |    0 1436  720 1520 | NavigationBar0$_4364#0
05-01 02:18:43.956  3690  3690 D SurfaceFlinger:
05-01 02:18:43.961  4039  4062 I WindowManager: Destroying surface Surface(name=Toast$_4364)/@0x3e95d4c called by com.android.server.wm.WindowStateAnimator.destroySurface:1794 com.android.server.wm.WindowStateAnimator.destroySurfaceLocked:765 com.android.server.wm.WindowState.destroySurfaceUnchecked:3949 com.android.server.wm.RootWindowContainer.performSurfacePlacementNoTrace:1112 com.android.server.wm.RootWindowContainer.performSurfacePlacement:959 com.android.server.wm.WindowSurfacePlacer.performSurfacePlacementLoop:182 com.android.server.wm.WindowSurfacePlacer.performSurfacePlacement:131 com.android.server.wm.WindowSurfacePlacer.performSurfacePlacement:120
05-01 02:18:43.961  4039  4062 I SurfaceControl: nativeRelease nativeObject s[3054897792]
05-01 02:18:43.961  4039  4062 I SurfaceControl: nativeRelease nativeObject e[3054897792]
05-01 02:18:43.962  3690  6441 I Layer   : id=797 removeFromCurrentState Toast$_4364#0 (60)
05-01 02:18:43.962  3690  6441 I SurfaceFlinger: id=797 Removed Toast$_4364#0 (60)
05-01 02:18:43.963  4039  4062 D PowerManagerService: [api] release WakeLock SCREEN_BRIGHT_WAKE_LOCK        'WindowManager' ON_AFTER_RELEASE ACQ=-449ms (uid=1000 pid=4039 pkg=android ws=WorkSource{10044})
05-01 02:18:43.967  4039  4062 D EdgeLightingManager: hideForWakeLock packageName=android
05-01 02:18:43.968  4039  4062 D EdgeLightingManager: isCallingUserSupported : callingUserId=0, mUserId=0, isDualAppId=false, isKnoxId=false
05-01 02:18:43.968  4039  4062 D EdgeLightingClientManager: isAvailableEdgeLighting: condition=2 mCondition=1 mIsConnected=false0
05-01 02:18:43.968  4039  4062 D EdgeLightingManager: hideForWakeLockInternal : return false by isAvailableEdgeLighting.
05-01 02:18:43.968  3690  3690 I Layer   : id=797[1] Destroyed Toast$_4364#0
05-01 02:18:43.968  4039  4062 D PowerManagerService: [api] applyWakeLockFlagsOnReleaseLocked : userActivityNoUpdateLocked is called : SCREEN_BRIGHT_WAKE_LOCK        'WindowManager' ON_AFTER_RELEASE (uid=1000 pid=4039 pkg=android ws=WorkSource{10044})
05-01 02:18:43.968  3690  3690 I Layer   : id=799[1] Destroyed Surface(name=12874c7 Toast)/@0x6a24731 - animation-leash#1
05-01 02:18:43.970  4039  4062 I SurfaceControl: nativeRelease nativeObject s[2945075936]
05-01 02:18:43.970  4039  4062 I SurfaceControl: nativeRelease nativeObject e[2945075936]
05-01 02:18:43.973  5370 28619 I .gms.persisten: Explicit concurrent copying GC freed 278594(10MB) AllocSpace objects, 1(24KB) LOS objects, 49% free, 14MB/28MB, paused 389us total 1.539s
05-01 02:18:43.974  4039  4062 I SurfaceControl: nativeRelease nativeObject s[3054877312]
05-01 02:18:43.974  4039  4062 I SurfaceControl: nativeRelease nativeObject e[3054877312]
05-01 02:18:43.978  4364  4364 D KeyguardUpdateMonitor: handleBatteryUpdate
05-01 02:18:43.989  3690  6441 I Layer   : id=796 removeFromCurrentState 12874c7 Toast#0 (58)
05-01 02:18:43.989  3690  6441 I Layer   : id=795 removeFromCurrentState WindowToken{5875685 android.os.Binder@365dffc}#0 (58)
05-01 02:18:43.989  3690  4189 I SurfaceFlinger: id=796 Removed 12874c7 Toast#0 (58)
05-01 02:18:43.990  3690  4189 I SurfaceFlinger: id=795 Removed WindowToken{5875685 android.os.Binder@365dffc}#0 (58)
05-01 02:18:44.001  3690  3690 I Layer   : id=795[1] Destroyed WindowToken{5875685 android.os.Binder@365dffc}#0
05-01 02:18:44.001  3690  3690 I Layer   : id=796[1] Destroyed 12874c7 Toast#0
05-01 02:18:44.001 29285 29285 W gle.android.gm: JIT profile information will not be recorded: profile file does not exist.
05-01 02:18:44.002 29285 29285 W gle.android.gm: JIT profile information will not be recorded: profile file does not exist.
05-01 02:18:44.002 29285 29285 W gle.android.gm: JIT profile information will not be recorded: profile file does not exist.
05-01 02:18:44.003 29285 29285 W gle.android.gm: JIT profile information will not be recorded: profile file does not exist.
05-01 02:18:44.003 29285 29285 W gle.android.gm: JIT profile information will not be recorded: profile file does not exist.
05-01 02:18:44.003 29285 29285 W gle.android.gm: JIT profile information will not be recorded: profile file does not exist.
05-01 02:18:44.004 29285 29285 W gle.android.gm: JIT profile information will not be recorded: profile file does not exist.
05-01 02:18:44.004 29285 29285 W gle.android.gm: JIT profile information will not be recorded: profile file does not exist.
05-01 02:18:44.004 29285 29285 W gle.android.gm: JIT profile information will not be recorded: profile file does not exist.
05-01 02:18:44.027  4364  4364 E ExpandableNotifRow: onNotificationUpdated() NSSL is null..
05-01 02:18:44.031  4364  4364 D FaceWidgetNotificationManager: updateFaceWidgetMusicNotificationKey() return : mFaceWidgetMusicNotificationKey is empty
05-01 02:18:44.032  4364  4364 D FaceWidgetNotificationManager: updateFaceWidgetMusicNotificationKey() return : mFaceWidgetMusicNotificationKey is empty
05-01 02:18:44.038 29285 29285 D LoadedApk: LoadedApk::makeApplication() appContext=android.app.ContextImpl@f3bef8e appContext.mOpPackageName=com.google.android.gms appContext.mBasePackageName=com.google.android.gms appContext.mPackageInfo=android.app.LoadedApk@55673af
05-01 02:18:44.039 29285 29285 D NetworkSecurityConfig: Using Network Security Config from resource network_security_config debugBuild: false
05-01 02:18:44.054 29285 29285 D NetworkSecurityConfig: Using Network Security Config from resource network_security_config debugBuild: false
05-01 02:18:44.057  4713  4866 I ResipMiscHandler: ALARM_WAKE_UP id=10247
05-01 02:18:44.058  4713  4866 I SECIMSJ : [0397]> 64
05-01 02:18:44.058  4713  4866 I ResipMiscHandler: ALARM_WAKE_UP id=10248
05-01 02:18:44.058  4713  4866 I SECIMSJ : [0398]> 64
05-01 02:18:44.058  4713  4866 I ResipMiscHandler: ALARM_WAKE_UP id=10253
05-01 02:18:44.058  4713  4866 I SECIMSJ : [0399]> 64
05-01 02:18:44.058  4713  5180 I [IMS6.0]: IMS_onResponse()
05-01 02:18:44.059  4713  5180 I StackIF : processMessage 2
05-01 02:18:44.059  4713  5180 I StackIF : Processing Response
05-01 02:18:44.059  4713  5180 I SECIMSJ : [0397]< 901
05-01 02:18:44.059  4713  5180 I StackIF : processResponse: reqId 901
05-01 02:18:44.059  4713  5180 I StackIF : processResponse: handle -1 result 0 reason 0
05-01 02:18:44.059  4713  5180 I [IMS6.0]: IMS_onResponse()
05-01 02:18:44.059  4713  5180 I StackIF : processMessage 2
05-01 02:18:44.059  4713  5180 I StackIF : Processing Response
05-01 02:18:44.059  4713  5180 I SECIMSJ : [0398]< 901
05-01 02:18:44.059  4713  5180 I StackIF : processResponse: reqId 901
05-01 02:18:44.059  4713  5180 I StackIF : processResponse: handle -1 result 0 reason 0
05-01 02:18:44.059  4713  5180 I [IMS6.0]: IMS_onResponse()
05-01 02:18:44.059  4713  5180 I StackIF : processMessage 2
05-01 02:18:44.059  4713  5180 I StackIF : Processing Response
05-01 02:18:44.059  4713  5180 I SECIMSJ : [0399]< 901
05-01 02:18:44.059  4713  5180 I StackIF : processResponse: reqId 901
05-01 02:18:44.059  4713  5180 I StackIF : processResponse: handle -1 result 0 reason 0
05-01 02:18:44.060  4713  5183 I reSIProcate: INFO | RESIP | StackThread.cxx:33 | StackThread start to process.
05-01 02:18:44.060  4713  5183 I reSIProcate: INFO | RESIP | FdPoll.cxx:849 | epollWait +++
05-01 02:18:44.060  4713  5183 I reSIProcate: INFO | RESIP | FdPoll.cxx:862 | epollWait ---
05-01 02:18:44.060  4713  5183 I reSIProcate: INFO | RESIP | StackThread.cxx:31 | StackThread wait time to select:118189
05-01 02:18:44.107 28685 28685 D BoundBrokerSvc: onUnbind: Intent { act=com.google.android.gms.clearcut.service.START pkg=com.google.android.gms }
05-01 02:18:44.121 28685 28685 D BoundBrokerSvc: onUnbind: Intent { act=com.google.android.gms.phenotype.service.START pkg=com.google.android.gms }
05-01 02:18:44.122  4039  4061 W WindowManager: Unable to start animation, surface is null or no children.
05-01 02:18:44.127  4039  4039 W Looper  : Slow dispatch took 125ms main h=com.android.server.notification.NotificationManagerService$WorkerHandler c=com.android.server.notification.NotificationManagerService$PostNotificationRunnable@1faf76 m=0
05-01 02:18:44.132 28685 28685 D BoundBrokerSvc: onBind: Intent { act=com.google.android.gms.phenotype.service.START pkg=com.google.android.gms }
05-01 02:18:44.132 28685 28685 D BoundBrokerSvc: Loading bound service for intent: Intent { act=com.google.android.gms.phenotype.service.START pkg=com.google.android.gms }
05-01 02:18:44.134  4039  7212 D PackageManager: setEnabledSetting : userId = 0 packageName = com.samsung.android.spaymini cmp = com.samsung.android.spay.BoardingPassReceiver newState = 1 callingPackage = 10042/com.samsung.android.spaymini
05-01 02:18:44.136 28600 28600 I SAMSUNGWALLET: [pay_ami boarding pass capture] module is injected successfully.
05-01 02:18:44.136 28600 28600 I SAMSUNGWALLET: [pay_ami Capture To Wallet] ready to inject a module.
05-01 02:18:44.141  4364  4364 D InterruptionStateProvider: No bubble up: not allowed to bubble: 0|com.google.android.gms|3|com.google.android.gms.people.sync.focus.notification.sync_progress.tag.3e56390e833b4567|10038
05-01 02:18:44.143 28685 28685 D BoundBrokerSvc: onBind: Intent { act=com.google.android.gms.clearcut.service.START pkg=com.google.android.gms }
05-01 02:18:44.143 28685 28685 D BoundBrokerSvc: Loading bound service for intent: Intent { act=com.google.android.gms.clearcut.service.START pkg=com.google.android.gms }
05-01 02:18:44.144  4364  4364 D InterruptionStateProvider:  no Heads up : edgelighting enabled app. 0|com.google.android.gms|3|com.google.android.gms.people.sync.focus.notification.sync_progress.tag.3e56390e833b4567|10038
05-01 02:18:44.145  4039  7309 I SamsungAlarmManager: setLocked to kernel - T:2 / 20240501T021905, set=1513809, now=1492311
05-01 02:18:44.145  4039  7309 I SamsungAlarmManager: setLocked to kernel - T:3 / 20240501T021859, set=1508166, now=1492312
05-01 02:18:44.152  4039  7309 D SamsungAlarmManager: setExact (T:2/F:9/AC:false) 20240501T021844 now=1492319 - CU:1000/CP:4713/OP:PendingIntent{ee3de4d: PendingIntentRecord{512a9f0 com.sec.imsservice broadcastIntent}}
05-01 02:18:44.153  4039  7309 I SamsungAlarmManager: setLocked to kernel - T:2 / 20240501T021845, set=1493227, now=1492319
05-01 02:18:44.162  4589  4589 I Launcher.NotificationListener: onNotificationPosted : com.google.android.gms number : 0
05-01 02:18:44.163  4589  4683 I Launcher.NotificationListener: notificationIsValidForUI : com.google.android.gms missingTitleAndText : false isGroupHeader : false
05-01 02:18:44.165 28600 28600 I SAMSUNGWALLET: [pay_ami Capture To Wallet] module is injected successfully.
05-01 02:18:44.166 28600 28600 I SAMSUNGWALLET: [pay_ami IN TravelTicket] ready to inject a module.
05-01 02:18:44.167 28685 28685 D BoundBrokerSvc: onUnbind: Intent { act=com.google.android.gms.clearcut.service.START pkg=com.google.android.gms }
05-01 02:18:44.169 28685 28685 D BoundBrokerSvc: onUnbind: Intent { act=com.google.android.gms.phenotype.service.START pkg=com.google.android.gms }
05-01 02:18:44.172 28685 28685 D BoundBrokerSvc: onBind: Intent { act=com.google.android.gms.scheduler.ACTION_PROXY_SCHEDULE dat=chimera-action: cmp=com.google.android.gms/.chimera.PersistentDirectBootAwareApiService }
05-01 02:18:44.172 28685 28685 D BoundBrokerSvc: Loading bound service for intent: Intent { act=com.google.android.gms.scheduler.ACTION_PROXY_SCHEDULE dat=chimera-action: cmp=com.google.android.gms/.chimera.PersistentDirectBootAwareApiService }
05-01 02:18:44.190 28600 28600 I SAMSUNGWALLET: [pay_ami IN TravelTicket] module is injected successfully.
05-01 02:18:44.191 28600 28600 I SAMSUNGWALLET: [pay_ami demo payment util] ready to inject a module.
05-01 02:18:44.193 28600 28600 I SAMSUNGWALLET: [pay_ami demo payment util] module is injected successfully.
05-01 02:18:44.194 28600 28600 I SAMSUNGWALLET: [pay_ami deals] ready to inject a module.
05-01 02:18:44.195 28600 28600 W SAMSUNGWALLET: [ActivityFactory] com.samsung.android.spay.vas.deals.ui.interfaces.DealInterfaceImpl  : com.samsung.android.spay.vas.deals.ui.interfaces.DealInterfaceImpl
05-01 02:18:44.196 28600 28600 E SAMSUNGWALLET: [pay_ami deals] failed to get the class object
05-01 02:18:44.196 28600 28600 I SAMSUNGWALLET: [pay_ami rewards card] ready to inject a module.
05-01 02:18:44.198 28600 28600 W SAMSUNGWALLET: [ActivityFactory] com.samsung.android.spay.deals.cashbackcard.RewardsCardInterfaceImpl  : com.samsung.android.spay.deals.cashbackcard.RewardsCardInterfaceImpl
05-01 02:18:44.198 28600 28600 E SAMSUNGWALLET: [pay_ami rewards card] failed to get the class object
05-01 02:18:44.199 28600 28600 I SAMSUNGWALLET: [pay_ami notification us] ready to inject a module.
05-01 02:18:44.205 28600 28600 I SAMSUNGWALLET: [pay_ami notification us] module is injected successfully.
05-01 02:18:44.205 28600 28600 I SAMSUNGWALLET: [pay_ami smart things] ready to inject a module.
05-01 02:18:44.206 28600 28600 W SAMSUNGWALLET: [ActivityFactory] com.samsung.android.spay.vas.smartthings.SmartThingsInterfaceImpl  : com.samsung.android.spay.vas.smartthings.SmartThingsInterfaceImpl
05-01 02:18:44.207 28600 28600 E SAMSUNGWALLET: [pay_ami smart things] failed to get the class object
05-01 02:18:44.208 28600 28600 I SAMSUNGWALLET: [pay_ami braze] ready to inject a module.
05-01 02:18:44.214 28600 28600 I SAMSUNGWALLET: [pay_ami braze] module is injected successfully.
05-01 02:18:44.216 28600 28600 I SAMSUNGWALLET: [pay_ami bixby us] ready to inject a module.
05-01 02:18:44.218 28600 28600 W SAMSUNGWALLET: [ActivityFactory] com.samsung.android.spay.bixby.BixbyPayWithCardDeepLinkProcessor  : com.samsung.android.spay.bixby.BixbyPayWithCardDeepLinkProcessor
05-01 02:18:44.219 28600 28600 E SAMSUNGWALLET: [pay_ami bixby us] failed to get the class object
05-01 02:18:44.220 28600 28600 I SAMSUNGWALLET: [pay_ami card capture] ready to inject a module.
05-01 02:18:44.222 28600 28600 I SAMSUNGWALLET: [pay_ami card capture] module is injected successfully.
05-01 02:18:44.222 28600 28600 I SAMSUNGWALLET: [pay_ami Santander Hub] ready to inject a module.
05-01 02:18:44.223 28600 28600 W SAMSUNGWALLET: [ActivityFactory] com.samsung.android.spay.vas.brsantander.ui.core.SantanderHubInterfaceImpl  : com.samsung.android.spay.vas.brsantander.ui.core.SantanderHubInterfaceImpl
05-01 02:18:44.224 28600 28600 E SAMSUNGWALLET: [pay_ami Santander Hub] failed to get the class object
05-01 02:18:44.225 28600 28600 I SAMSUNGWALLET: [pay_ami WatchPayment] ready to inject a module.
05-01 02:18:44.253 28600 28600 I SAMSUNGWALLET: [pay_ami WatchPayment] module is injected successfully.
05-01 02:18:44.254 28600 28600 I SAMSUNGWALLET: [pay_ami WatchTransit] ready to inject a module.
05-01 02:18:44.256 28600 28600 W SAMSUNGWALLET: [ActivityFactory] com.samsung.android.spay.vas.transitcardopenloop.wearableinterface.WatchTransitInterfaceImpl  : com.samsung.android.spay.vas.transitcardopenloop.wearableinterface.WatchTransitInterfaceImpl
05-01 02:18:44.257 28600 28600 E SAMSUNGWALLET: [pay_ami WatchTransit] failed to get the class object
05-01 02:18:44.259 28600 28600 I SAMSUNGWALLET: [pay_ami WatchGlobalLoyalty] ready to inject a module.
05-01 02:18:44.262 28600 28600 W SAMSUNGWALLET: [ActivityFactory] com.samsung.android.spay.vas.globalloyalty.wearable.WatchGlobalLoyaltyInterfaceImpl  : com.samsung.android.spay.vas.globalloyalty.wearable.WatchGlobalLoyaltyInterfaceImpl
05-01 02:18:44.263 28600 28600 E SAMSUNGWALLET: [pay_ami WatchGlobalLoyalty] failed to get the class object
05-01 02:18:44.264 28600 28600 I SAMSUNGWALLET: [pay_ami WatchEventTicket] ready to inject a module.
05-01 02:18:44.294 28600 28600 I SAMSUNGWALLET: [pay_ami WatchEventTicket] module is injected successfully.
05-01 02:18:44.294 28600 28600 I SAMSUNGWALLET: [pay_ami WatchCoupon] ready to inject a module.
05-01 02:18:44.317 28600 28600 I SAMSUNGWALLET: [pay_ami WatchCoupon] module is injected successfully.
05-01 02:18:44.318 28600 28600 I SAMSUNGWALLET: [pay_ami WatchDigitalId] ready to inject a module.
05-01 02:18:44.321 28600 28600 I SAMSUNGWALLET: [pay_ami WatchDigitalId] module is injected successfully.
05-01 02:18:44.322 28600 28600 I SAMSUNGWALLET: [pay_ami WatchBoardingPass] ready to inject a module.
05-01 02:18:44.326  3538  3538 I io_stats: !@ 179,0 r 2867553 44588994 w 142985 2197812 d 22362 538520 f 9168 29795 iot 1032436 884932 th 51200 0 0 pt 0 inp 4 0 1492.492
05-01 02:18:44.330 28600 28600 I SAMSUNGWALLET: [pay_ami WatchBoardingPass] module is injected successfully.
05-01 02:18:44.331 28600 28600 I SAMSUNGWALLET: [pay_ami WatchMain] ready to inject a module.
05-01 02:18:44.332 28600 28600 W SAMSUNGWALLET: [ActivityFactory] com.samsung.android.spay.wearablewallet.WatchMainInterfaceImpl  : com.samsung.android.spay.wearablewallet.WatchMainInterfaceImpl
05-01 02:18:44.333 28600 28600 E SAMSUNGWALLET: [pay_ami WatchMain] failed to get the class object
05-01 02:18:44.334 28600 28600 I SAMSUNGWALLET: [pay_ami Mifare2Go] ready to inject a module.
05-01 02:18:44.336 28600 28600 W SAMSUNGWALLET: [ActivityFactory] com.samsung.android.spay.mifare2go.Mifare2GoInterfaceImpl  : com.samsung.android.spay.mifare2go.Mifare2GoInterfaceImpl
05-01 02:18:44.337 28600 28600 E SAMSUNGWALLET: [pay_ami Mifare2Go] failed to get the class object
05-01 02:18:44.338 28600 28600 I SAMSUNGWALLET: [pay_ami StudentId] ready to inject a module.
05-01 02:18:44.339 28600 28600 W SAMSUNGWALLET: [ActivityFactory] com.samsung.android.spay.vas.studentid.StudentIdInterfaceImpl  : com.samsung.android.spay.vas.studentid.StudentIdInterfaceImpl
05-01 02:18:44.340 28600 28600 E SAMSUNGWALLET: [pay_ami StudentId] failed to get the class object
05-01 02:18:44.340 28600 28600 I SAMSUNGWALLET: [pay_ami WatchUpdate] ready to inject a module.
05-01 02:18:44.342 28600 28600 W SAMSUNGWALLET: [ActivityFactory] com.samsung.android.spay.wearablewallet.update.WatchUpdateWatchInterfaceImpl  : com.samsung.android.spay.wearablewallet.update.WatchUpdateWatchInterfaceImpl
05-01 02:18:44.343 28600 28600 E SAMSUNGWALLET: [pay_ami WatchUpdate] failed to get the class object
05-01 02:18:44.343 28600 28600 I SAMSUNGWALLET: [pay_ami IN Wallet] ready to inject a module.
05-01 02:18:44.352  3690  3690 I SurfaceFlinger: SFWD update time=1492518698509
05-01 02:18:44.355 28600 28600 I SAMSUNGWALLET: [pay_ami IN Wallet] module is injected successfully.
05-01 02:18:44.357 28600 28600 I SAMSUNGWALLET: [pay_ami WatchStudentId] ready to inject a module.
05-01 02:18:44.358 28600 28600 W SAMSUNGWALLET: [ActivityFactory] com.samsung.android.spay.mifare2go.WatchMifare2GoInterfaceImpl  : com.samsung.android.spay.mifare2go.WatchMifare2GoInterfaceImpl
05-01 02:18:44.360 28600 28600 E SAMSUNGWALLET: [pay_ami WatchStudentId] failed to get the class object
05-01 02:18:44.361 28600 28600 I SAMSUNGWALLET: [pay_ami mdoc] ready to inject a module.
05-01 02:18:44.363 28600 28600 W SAMSUNGWALLET: [ActivityFactory] com.samsung.android.spay.vas.mdoc.mobile.external.MdocInterfaceImpl  : com.samsung.android.spay.vas.mdoc.mobile.external.MdocInterfaceImpl
05-01 02:18:44.364 28600 28600 E SAMSUNGWALLET: [pay_ami mdoc] failed to get the class object
05-01 02:18:44.365 28600 28600 I SAMSUNGWALLET: [pay_ami global loyalty] ready to inject a module.
05-01 02:18:44.366 28600 28600 W SAMSUNGWALLET: [ActivityFactory] com.samsung.android.spay.vas.globalloyalty.util.GlobalLoyaltyInterface  : com.samsung.android.spay.vas.globalloyalty.util.GlobalLoyaltyInterface
05-01 02:18:44.367 28600 28600 E SAMSUNGWALLET: [pay_ami global loyalty] failed to get the class object
05-01 02:18:44.368 28600 28600 I SAMSUNGWALLET: [pay_ami Transit Card Open Loop] ready to inject a module.
05-01 02:18:44.369 28600 28600 W SAMSUNGWALLET: [ActivityFactory] com.samsung.android.spay.vas.transitcardopenloop.moduleinterface.TransitOpenLoopInterfaceImpl  : com.samsung.android.spay.vas.transitcardopenloop.moduleinterface.TransitOpenLoopInterfaceImpl
05-01 02:18:44.370 28600 28600 E SAMSUNGWALLET: [pay_ami Transit Card Open Loop] failed to get the class object
05-01 02:18:44.371 28600 28600 I SAMSUNGWALLET: [pay_ami WatchGiftCardGlobal] ready to inject a module.
05-01 02:18:44.378 28685 28685 D BoundBrokerSvc: onBind: Intent { act=com.google.android.gms.nearby.sharing.START_SERVICE dat=chimera-action: cmp=com.google.android.gms/.chimera.PersistentApiServiceNoInstantApps }
05-01 02:18:44.378 28685 28685 D BoundBrokerSvc: Loading bound service for intent: Intent { act=com.google.android.gms.nearby.sharing.START_SERVICE dat=chimera-action: cmp=com.google.android.gms/.chimera.PersistentApiServiceNoInstantApps }
05-01 02:18:44.390  4364  4364 E ExpandableNotifRow: onNotificationUpdated() NSSL is null..
05-01 02:18:44.391 29212 29212 I GoogleHttpClient: GMS http client unavailable, use old client
05-01 02:18:44.391 28600 28600 I SAMSUNGWALLET: [pay_ami WatchGiftCardGlobal] module is injected successfully.
05-01 02:18:44.391 28600 28600 I SAMSUNGWALLET: [pay_ami WatchGiftCardUS] ready to inject a module.
05-01 02:18:44.393 28600 28600 W SAMSUNGWALLET: [ActivityFactory] com.samsung.android.spay.vas.giftcard.feature.addtowatch.WatchGiftCardInterfaceImpl  : com.samsung.android.spay.vas.giftcard.feature.addtowatch.WatchGiftCardInterfaceImpl
05-01 02:18:44.394 28600 28600 E SAMSUNGWALLET: [pay_ami WatchGiftCardUS] failed to get the class object
05-01 02:18:44.394 28600 28600 I SAMSUNGWALLET: [pay_ami ClickToPay] ready to inject a module.
05-01 02:18:44.395  4364  4364 D FaceWidgetNotificationManager: updateFaceWidgetMusicNotificationKey() return : mFaceWidgetMusicNotificationKey is empty
05-01 02:18:44.397 28600 28600 W SAMSUNGWALLET: [ActivityFactory] com.samsung.android.spay.ui.online.c2p.ClickToPayCommonInterfaceImpl  : com.samsung.android.spay.ui.online.c2p.ClickToPayCommonInterfaceImpl
05-01 02:18:44.399 28600 28600 E SAMSUNGWALLET: [pay_ami ClickToPay] failed to get the class object
05-01 02:18:44.399 28600 28600 I SAMSUNGWALLET: [pay_ami DriversId] ready to inject a module.
05-01 02:18:44.402 28600 28600 W SAMSUNGWALLET: [ActivityFactory] com.samsung.android.spay.vas.driversid.DriversIdCommonInterfaceImpl  : com.samsung.android.spay.vas.driversid.DriversIdCommonInterfaceImpl
05-01 02:18:44.403 28600 28600 E SAMSUNGWALLET: [pay_ami DriversId] failed to get the class object
05-01 02:18:44.404 28600 28600 I SAMSUNGWALLET: [pay_ami NationalId] ready to inject a module.
05-01 02:18:44.404  4713  4866 I ResipMiscHandler: ALARM_WAKE_UP id=10249
05-01 02:18:44.405  4713  4866 I SECIMSJ : [0400]> 64
05-01 02:18:44.405  4713  4866 I ResipMiscHandler: ALARM_WAKE_UP id=10250
05-01 02:18:44.405  4713  5180 I [IMS6.0]: IMS_onResponse()
05-01 02:18:44.405  4713  5183 I reSIProcate: INFO | RESIP | StackThread.cxx:33 | StackThread start to process.
05-01 02:18:44.405  4713  5180 I StackIF : processMessage 2
05-01 02:18:44.405  4713  5180 I StackIF : Processing Response
05-01 02:18:44.406  4713  5183 I reSIProcate: INFO | RESIP | FdPoll.cxx:849 | epollWait +++
05-01 02:18:44.406  4713  5183 I reSIProcate: INFO | RESIP | FdPoll.cxx:862 | epollWait ---
05-01 02:18:44.406  4713  5183 I reSIProcate: INFO | RESIP | StackThread.cxx:31 | StackThread wait time to select:117843
05-01 02:18:44.406  4713  5180 I SECIMSJ : [0400]< 901
05-01 02:18:44.406  4713  5180 I StackIF : processResponse: reqId 901
05-01 02:18:44.406  4713  5180 I StackIF : processResponse: handle -1 result 0 reason 0
05-01 02:18:44.407  4713  4866 I SECIMSJ : [0401]> 64
05-01 02:18:44.408  4713  5180 I [IMS6.0]: IMS_onResponse()
05-01 02:18:44.408  4713  5180 I StackIF : processMessage 2
05-01 02:18:44.408  4713  5180 I StackIF : Processing Response
05-01 02:18:44.408  4713  5180 I SECIMSJ : [0401]< 901
05-01 02:18:44.408  4713  5180 I StackIF : processResponse: reqId 901
05-01 02:18:44.408  4713  5180 I StackIF : processResponse: handle -1 result 0 reason 0
05-01 02:18:44.407 28600 28600 W SAMSUNGWALLET: [ActivityFactory] com.samsung.android.spay.vas.nationalid.NationalIdCommonInterfaceImpl  : com.samsung.android.spay.vas.nationalid.NationalIdCommonInterfaceImpl
05-01 02:18:44.412  4039  6286 I SamsungAlarmManager: setLocked to kernel - T:2 / 20240501T021905, set=1513809, now=1492578
05-01 02:18:44.412 28600 28600 E SAMSUNGWALLET: [pay_ami NationalId] failed to get the class object
05-01 02:18:44.412  4039  6286 I SamsungAlarmManager: setLocked to kernel - T:3 / 20240501T021900, set=1508166, now=1492579
05-01 02:18:44.413  4713  5183 I reSIProcate: INFO | RESIP | StackThread.cxx:33 | StackThread start to process.
05-01 02:18:44.414  4713  5183 I reSIProcate: INFO | RESIP | FdPoll.cxx:849 | epollWait +++
05-01 02:18:44.414  4713  5183 I reSIProcate: INFO | RESIP | FdPoll.cxx:862 | epollWait ---
05-01 02:18:44.414  4713  5183 I reSIProcate: INFO | RESIP | StackThread.cxx:31 | StackThread wait time to select:117835
05-01 02:18:44.414 28600 28600 I SAMSUNGWALLET: [pay_ami OthersId] ready to inject a module.
05-01 02:18:44.414  4039  6286 D SamsungAlarmManager: setExact (T:2/F:9/AC:false) 20240501T021844 now=1492581 - CU:1000/CP:4713/OP:PendingIntent{cadfd80: PendingIntentRecord{512a9f0 com.sec.imsservice broadcastIntent}}
05-01 02:18:44.415  4039  6286 I SamsungAlarmManager: setLocked to kernel - T:2 / 20240501T021845, set=1493575, now=1492581
05-01 02:18:44.416 28600 28600 W SAMSUNGWALLET: [ActivityFactory] com.samsung.android.spay.vas.othersid.OthersIdCommonInterfaceImpl  : com.samsung.android.spay.vas.othersid.OthersIdCommonInterfaceImpl
05-01 02:18:44.416  5014  5074 E RequestManager_FLP: [LocationManager] Location request  6512a03(Listener) passive interval=0 from com.google.android.gms (15410038 background)
05-01 02:18:44.417 28600 28600 E SAMSUNGWALLET: [pay_ami OthersId] failed to get the class object
05-01 02:18:44.428  5805 27096 W DataCollectionRegistryC: missing CollectionDefinition for people-pa.googleapis.com/google.internal.people.v2.InternalPeopleService/UpdatePersonPhoto
05-01 02:18:44.429  5805 27096 W DataCollectionRegistryC: missing CollectionDefinition for people-pa.googleapis.com/google.internal.people.v2.InternalPeopleService/UpdatePersonPhoto
05-01 02:18:44.429 28600 28600 I SAMSUNGWALLET: [AppInitStatusHolder] setStatus(DB_MIGRATION, PROGRESS), 19569
05-01 02:18:44.430 28600 28600 I SAMSUNGWALLET_SECURE: No need to migrate pref and db for reset user
05-01 02:18:44.432 28600 28600 I SAMSUNGWALLET: [AppInitStatusHolder] setStatus(DB_MIGRATION, DONE), 19579
05-01 02:18:44.438  4039  4048 I system_server: Background concurrent copying GC freed 494940(24MB) AllocSpace objects, 78(2612KB) LOS objects, 25% free, 68MB/92MB, paused 381us total 3.464s
05-01 02:18:44.455  4039  4067 W BroadcastQueue: Permission Denial: broadcasting Intent { act=android.net.wifi.STATE_CHANGE flg=0x4000010 (has extras) } from null (pid=-1, uid=-1) requires com.google.android.gms.DYNAMIC_RECEIVER_NOT_EXPORTED_PERMISSION due to registered receiver BroadcastFilter{bb2635f 15410038/u154 ReceiverList{cb80ffe 28685 com.google.android.gms.persistent/15410038/u154 remote:a521fb9}}
05-01 02:18:44.468  4039  4050 W System  : A resource failed to call release.
05-01 02:18:44.469  4039  4050 I SurfaceControl: nativeRelease nativeObject s[3055457024]
05-01 02:18:44.469  4039  4050 I SurfaceControl: nativeRelease nativeObject e[3055457024]
05-01 02:18:44.469  4039  4050 W System  : A resource failed to call release.
05-01 02:18:44.469  4039  4050 I SurfaceControl: nativeRelease nativeObject s[3055456864]
05-01 02:18:44.469  4039  4050 I SurfaceControl: nativeRelease nativeObject e[3055456864]
05-01 02:18:44.472  4039  4050 W System  : A resource failed to call close.
05-01 02:18:44.474  4364  4492 D LocationControllerImpl: onReceive() = android.location.HIGH_POWER_REQUEST_CHANGE
05-01 02:18:44.490 28685 28990 I SystemMemoryMap: [flp] starting initialization [CONTEXT service_id=6 ]
05-01 02:18:44.506 29212 29212 D ActivityThread: handleBindApplication() -- skipGraphicsSupport=false
05-01 02:18:44.513 29182 29182 I SearchServiceCore: We were killed and are starting back!
05-01 02:18:44.566  3748  3748 I keystore: !@ reading blob user_0/10042_USRPKEY_samsungpay_esp_mster_key
05-01 02:18:44.568 28685 28990 I SystemMemoryMap: (REDACTED) [flp] recovering %d entries
05-01 02:18:44.579  3748  3748 I keystore: !@ Start - USRPKEY_samsungpay_esp_mster_key from uid 10042 for uid 10042, isKnoxKey(0)
05-01 02:18:44.579  3748  3748 I keystore: !@ reading blob user_0/10042_USRPKEY_samsungpay_esp_mster_key
05-01 02:18:44.582  3565  3565 W keymaster_tee: [WRN]begin req PARAMS: A32 B32 P1
05-01 02:18:44.600  3748  3748 I keystore: !@ Start - USRPKEY_samsungpay_esp_mster_key from uid 10042 for uid 10042, isKnoxKey(0)
05-01 02:18:44.601  3748  3748 I keystore: !@ reading blob user_0/10042_USRPKEY_samsungpay_esp_mster_key
05-01 02:18:44.602  3565  3565 W keymaster_tee: [WRN]begin req PARAMS: A32 B32 P1
05-01 02:18:44.628 29182 29304 I TetheringManager: registerTetheringEventCallback:com.google.android.googlequicksearchbox
05-01 02:18:44.629 29182 29304 D ConnectivityManager: ConnectivityManager() mContext=com.google.android.apps.gsa.binaries.velvet.app.VelvetMultiprocessRoot_Application@90279f2 getOpPackageName()=com.google.android.googlequicksearchbox getBasePackageName()=com.google.android.googlequicksearchbox getPackageName()=com.google.android.googlequicksearchbox
05-01 02:18:44.636  3748  3748 I keystore: !@ Start - USRPKEY_samsungpay_esp_mster_key from uid 10042 for uid 10042, isKnoxKey(0)
05-01 02:18:44.636  3748  3748 I keystore: !@ reading blob user_0/10042_USRPKEY_samsungpay_esp_mster_key
05-01 02:18:44.638  3565  3565 W keymaster_tee: [WRN]begin req PARAMS: A32 B32 P1
05-01 02:18:44.664 29182 29304 D WM-PackageManagerHelper: Skipping component enablement for androidx.work.impl.background.systemjob.SystemJobService
05-01 02:18:44.664 29182 29304 D WM-Schedulers: Created SystemJobScheduler and enabled SystemJobService
05-01 02:18:44.668  4713  4866 I ResipMiscHandler: ALARM_WAKE_UP id=10251
05-01 02:18:44.668  4713  4866 I SECIMSJ : [0402]> 64
05-01 02:18:44.669  4713  5180 I [IMS6.0]: IMS_onResponse()
05-01 02:18:44.669  4713  5183 I reSIProcate: INFO | RESIP | StackThread.cxx:33 | StackThread start to process.
05-01 02:18:44.669  4713  5180 I StackIF : processMessage 2
05-01 02:18:44.669  4713  5183 I reSIProcate: INFO | RESIP | FdPoll.cxx:849 | epollWait +++
05-01 02:18:44.669  4713  5180 I StackIF : Processing Response
05-01 02:18:44.669  4713  5180 I SECIMSJ : [0402]< 901
05-01 02:18:44.669  4713  5183 I reSIProcate: INFO | RESIP | FdPoll.cxx:862 | epollWait ---
05-01 02:18:44.670  4713  5183 I reSIProcate: INFO | RESIP | StackThread.cxx:31 | StackThread wait time to select:117579
05-01 02:18:44.670  4713  5180 I StackIF : processResponse: reqId 901
05-01 02:18:44.670  4713  5180 I StackIF : processResponse: handle -1 result 0 reason 0
05-01 02:18:44.674  4039  6286 I SamsungAlarmManager: setLocked to kernel - T:2 / 20240501T021905, set=1513809, now=1492840
05-01 02:18:44.674  4039  6286 I SamsungAlarmManager: setLocked to kernel - T:3 / 20240501T021900, set=1508166, now=1492840
05-01 02:18:44.674  3748  3748 I keystore: !@ reading blob user_0/10042_USRPKEY_samsungpay_esp_mster_key
05-01 02:18:44.675  4039  6286 D SamsungAlarmManager: setExact (T:2/F:9/AC:false) 20240501T022012 now=1492842 - CU:1000/CP:4713/OP:PendingIntent{daf5f57: PendingIntentRecord{512a9f0 com.sec.imsservice broadcastIntent}}
05-01 02:18:44.676  4039  6286 I SamsungAlarmManager: setLocked to kernel - T:2 / 20240501T021905, set=1513809, now=1492842
05-01 02:18:44.676  4039  6286 I SamsungAlarmManager: setLocked to kernel - T:3 / 20240501T021900, set=1508166, now=1492842
05-01 02:18:44.682 29182 29198 I earchbox:searc: Method exceeds compiler instruction limit: 21238 in java.lang.Object com.google.android.apps.gsa.binaries.velvet.app.aqf.b()
05-01 02:18:44.683  3748  3748 I keystore: !@ Start - USRPKEY_samsungpay_esp_mster_key from uid 10042 for uid 10042, isKnoxKey(0)
05-01 02:18:44.683  3748  3748 I keystore: !@ reading blob user_0/10042_USRPKEY_samsungpay_esp_mster_key
05-01 02:18:44.685 28685 28990 I SystemMemoryMap: [flp] initialization complete [CONTEXT service_id=6 ]
05-01 02:18:44.687  3565  3565 W keymaster_tee: [WRN]begin req PARAMS: A32 B32 P1
05-01 02:18:44.701  3748  3748 I keystore: !@ Start - USRPKEY_samsungpay_esp_mster_key from uid 10042 for uid 10042, isKnoxKey(0)
05-01 02:18:44.701  3748  3748 I keystore: !@ reading blob user_0/10042_USRPKEY_samsungpay_esp_mster_key
05-01 02:18:44.702  3565  3565 W keymaster_tee: [WRN]begin req PARAMS: A32 B32 P1
05-01 02:18:44.731  3748  3748 I keystore: !@ Start - USRPKEY_samsungpay_esp_mster_key from uid 10042 for uid 10042, isKnoxKey(0)
05-01 02:18:44.732  3748  3748 I keystore: !@ reading blob user_0/10042_USRPKEY_samsungpay_esp_mster_key
05-01 02:18:44.733  3565  3565 W keymaster_tee: [WRN]begin req PARAMS: A32 B32 P1
05-01 02:18:44.735 29182 29304 I Search.LoginHelperImpl: Getting accounts.
05-01 02:18:44.775  3748  3748 I keystore: !@ reading blob user_0/10042_USRPKEY_samsungpay_esp_mster_key
05-01 02:18:44.781  3748  3748 I keystore: !@ Start - USRPKEY_samsungpay_esp_mster_key from uid 10042 for uid 10042, isKnoxKey(0)
05-01 02:18:44.781  3748  3748 I keystore: !@ reading blob user_0/10042_USRPKEY_samsungpay_esp_mster_key
05-01 02:18:44.784  3565  3565 W keymaster_tee: [WRN]begin req PARAMS: A32 B32 P1
05-01 02:18:44.796  3748  3748 I keystore: !@ Start - USRPKEY_samsungpay_esp_mster_key from uid 10042 for uid 10042, isKnoxKey(0)
05-01 02:18:44.796  3748  3748 I keystore: !@ reading blob user_0/10042_USRPKEY_samsungpay_esp_mster_key
05-01 02:18:44.797  3565  3565 W keymaster_tee: [WRN]begin req PARAMS: A32 B32 P1
05-01 02:18:44.810  3748  3748 I keystore: !@ Start - USRPKEY_samsungpay_esp_mster_key from uid 10042 for uid 10042, isKnoxKey(0)
05-01 02:18:44.810  3748  3748 I keystore: !@ reading blob user_0/10042_USRPKEY_samsungpay_esp_mster_key
05-01 02:18:44.812  3565  3565 W keymaster_tee: [WRN]begin req PARAMS: A32 B32 P1
05-01 02:18:44.831  3748  3748 I keystore: !@ reading blob user_0/10042_USRPKEY_samsungpay_esp_mster_key
05-01 02:18:44.836  3748  3748 I keystore: !@ Start - USRPKEY_samsungpay_esp_mster_key from uid 10042 for uid 10042, isKnoxKey(0)
05-01 02:18:44.836  3748  3748 I keystore: !@ reading blob user_0/10042_USRPKEY_samsungpay_esp_mster_key
05-01 02:18:44.839  3565  3565 W keymaster_tee: [WRN]begin req PARAMS: A32 B32 P1
05-01 02:18:44.860  3748  3748 I keystore: !@ Start - USRPKEY_samsungpay_esp_mster_key from uid 10042 for uid 10042, isKnoxKey(0)
05-01 02:18:44.860  3748  3748 I keystore: !@ reading blob user_0/10042_USRPKEY_samsungpay_esp_mster_key
05-01 02:18:44.862  3565  3565 W keymaster_tee: [WRN]begin req PARAMS: A32 B32 P1
05-01 02:18:44.867  4039  4278 I GenerationRegistry: mBackingStore.isClosed() : false
05-01 02:18:44.877  3748  3748 I keystore: !@ Start - USRPKEY_samsungpay_esp_mster_key from uid 10042 for uid 10042, isKnoxKey(0)
05-01 02:18:44.877  3748  3748 I keystore: !@ reading blob user_0/10042_USRPKEY_samsungpay_esp_mster_key
05-01 02:18:44.878  3565  3565 W keymaster_tee: [WRN]begin req PARAMS: A32 B32 P1
05-01 02:18:44.897 28685 28685 I NearbySharing: NearbySharingService onCreate [CONTEXT service_id=194 ]
05-01 02:18:44.949 28685 28685 I NearbySharing: NearbySharingService created [CONTEXT service_id=194 ]
05-01 02:18:44.957 28685 28685 D BoundBrokerSvc: onBind: Intent { act=com.google.android.gms.clearcut.service.START dat=chimera-action: cmp=com.google.android.gms/.chimera.PersistentDirectBootAwareApiService }
05-01 02:18:44.957 28685 28685 D BoundBrokerSvc: Loading bound service for intent: Intent { act=com.google.android.gms.clearcut.service.START dat=chimera-action: cmp=com.google.android.gms/.chimera.PersistentDirectBootAwareApiService }
05-01 02:18:44.962 28685 28685 D BoundBrokerSvc: onBind: Intent { act=com.google.android.gms.usagereporting.service.START dat=chimera-action: cmp=com.google.android.gms/.chimera.PersistentDirectBootAwareApiService }
05-01 02:18:44.962 28685 28685 D BoundBrokerSvc: Loading bound service for intent: Intent { act=com.google.android.gms.usagereporting.service.START dat=chimera-action: cmp=com.google.android.gms/.chimera.PersistentDirectBootAwareApiService }
05-01 02:18:44.992 28685 28685 W .gms.persisten: Accessing hidden method Landroid/os/UserManager;->isHeadlessSystemUserMode()Z (blacklist, linking, denied)
05-01 02:18:45.025 28685 28685 D BoundBrokerSvc: onBind: Intent { act=com.google.android.gms.phenotype.service.START dat=chimera-action: cmp=com.google.android.gms/.chimera.PersistentApiService }
05-01 02:18:45.025 28685 28685 D BoundBrokerSvc: Loading bound service for intent: Intent { act=com.google.android.gms.phenotype.service.START dat=chimera-action: cmp=com.google.android.gms/.chimera.PersistentApiService }
05-01 02:18:45.051 28685 28685 D BoundBrokerSvc: onBind: Intent { act=com.google.android.gms.time.trustedtime.service.START dat=chimera-action: cmp=com.google.android.gms/.chimera.PersistentApiService }
05-01 02:18:45.051 28685 28685 D BoundBrokerSvc: Loading bound service for intent: Intent { act=com.google.android.gms.time.trustedtime.service.START dat=chimera-action: cmp=com.google.android.gms/.chimera.PersistentApiService }
05-01 02:18:45.112 28685 28685 D BoundBrokerSvc: onBind: Intent { act=com.google.android.gms.phenotype.service.START pkg=com.google.android.gms }
05-01 02:18:45.112 28685 28685 D BoundBrokerSvc: Loading bound service for intent: Intent { act=com.google.android.gms.phenotype.service.START pkg=com.google.android.gms }
05-01 02:18:45.121 28685 28685 D BoundBrokerSvc: onBind: Intent { act=com.google.android.gms.clearcut.service.START pkg=com.google.android.gms }
05-01 02:18:45.122 28685 28685 D BoundBrokerSvc: Loading bound service for intent: Intent { act=com.google.android.gms.clearcut.service.START pkg=com.google.android.gms }
05-01 02:18:45.123 28685 28702 W GoogleCertificates: GoogleCertificates has been initialized already
05-01 02:18:45.124 29182 29274 W earchbox:searc: Long monitor contention with owner EventBus0 (29304) at java.lang.Object e.c.e.b()(PG:46) waiters=0 in java.lang.Object e.c.e.b() for 346ms
05-01 02:18:45.130 28600 29095 I SAMSUNGWALLET: [u4a] init volley queue
05-01 02:18:45.130 28685 28685 D BoundBrokerSvc: onBind: Intent { act=com.google.android.gms.gmscompliance.service.START dat=chimera-action: cmp=com.google.android.gms/.chimera.PersistentBoundBrokerService }
05-01 02:18:45.130 28685 28685 D BoundBrokerSvc: Loading bound service for intent: Intent { act=com.google.android.gms.gmscompliance.service.START dat=chimera-action: cmp=com.google.android.gms/.chimera.PersistentBoundBrokerService }
05-01 02:18:45.132 28600 29095 I SAMSUNGWALLET: [VolleyManager] Volley queue is initialized
05-01 02:18:45.142  4039  4499 I GenerationRegistry: mBackingStore.isClosed() : false
05-01 02:18:45.196 29285 29285 D ActivityThread: handleBindApplication() -- skipGraphicsSupport=false
05-01 02:18:45.211 29182 29304 I A       : (REDACTED) Util.isLowRamDevice: %b, canUsePreemptibleAudioSource: %b
05-01 02:18:45.217 28600 28600 I SAMSUNGWALLET: [SamsungPayApplicationMediator] sync card list is not needed
05-01 02:18:45.233  4334  4334 I wpa_supplicant: Heartbeat 145
05-01 02:18:45.244 28600 28600 I SAMSUNGWALLET: [SpayPFLocalInstallManager] Checking Install Version
05-01 02:18:45.305 28685 29310 I GmsCoreXrpcWrapper: (REDACTED) Returning a channel provider with trafficStatsTag=%d trafficStatsUid=%d
05-01 02:18:45.352 28600 28600 E SAMSUNGWALLET: [SpayPFLocalInstallManager] getPathToFwApk() - Multiple local PF apks found
05-01 02:18:45.355 28600 28600 I SAMSUNGWALLET: [SpayPFLocalInstallManager] Local Install Of PF Apk Enabled:false
05-01 02:18:45.359 29285 29285 W ProviderHelper: Unknown dynamite feature providerinstaller.dynamite
05-01 02:18:45.360 29285 29285 I DynamiteModule: Considering local module com.google.android.gms.providerinstaller.dynamite:1 and remote module com.google.android.gms.providerinstaller.dynamite:0
05-01 02:18:45.361 29285 29285 I DynamiteModule: Selected local version of com.google.android.gms.providerinstaller.dynamite
05-01 02:18:45.370 28600 28600 I SAMSUNGWALLET: [SpayPFLocalInstallManager] fwFilename is empty, Local Install Of PF Apk Enabled:false
05-01 02:18:45.401 29285 29285 V NativeCrypto: Registering com/google/android/gms/org/conscrypt/NativeCrypto's 305 native methods...
05-01 02:18:45.415 28600 28600 I SAMSUNGWALLET: [CIFReqManager] [IdleState] ===== START_SERVICE =====
05-01 02:18:45.443 28685 28685 I Wear_Controller: Wearable module requires a companion app to be installed.
05-01 02:18:45.447  4039  4273 I ChimeraAggressivePolicyHandler: executePolicy() - triggerSource: TRIGGER_SOURCE_LMKD
05-01 02:18:45.447  4039  4273 I ChimeraAggressivePolicyHandler: available memory log: 471896, free memory target: 460800
05-01 02:18:45.447  4039  4273 I ChimeraAggressivePolicyHandler: available memory: 471896, free memory target: 460800, quit chimera
05-01 02:18:45.449 28685 28685 I WearableService: onCreate: Wearable Services not starting. Wear is not available on this device.
05-01 02:18:45.536  4039  6286 D SamsungAlarmManager: setInexact (T:3/F:0/AC:false) 20340429T021845 now=1493703 - CU:15410038/CP:28685/OP:PendingIntent{9a824e6: PendingIntentRecord{7b9fa27 com.google.android.gms/com.google.android.gms.container startService}}
05-01 02:18:45.537  4039  6286 I SamsungAlarmManager: setLocked to kernel - T:2 / 20240501T021905, set=1513809, now=1493703
05-01 02:18:45.537  4039  6286 I SamsungAlarmManager: setLocked to kernel - T:3 / 20240501T021900, set=1508166, now=1493703
05-01 02:18:45.559  3398  3398 I lmkd    : cached 0, sandbox(not0) 0
05-01 02:18:45.563  3398  3398 I lmkd    : Reclaim 'com.samsung.android.provider.filterprovider' (28543), uid 1000, oom_adj 915, state 19 to free 42120kB
05-01 02:18:45.564  3398  3398 I lmkd    : Reclaimed 42120kB at oom_adj 850
05-01 02:18:45.571  5805 27096 E FSA2_SyncUpProgressNotifier: Current progress 17 exceeds max progress 16
05-01 02:18:45.593  3603  3603 I Zygote  : Process 28543 exited due to signal 9 (Killed)
05-01 02:18:45.594  4039  6724 I ActivityManager: Process com.samsung.android.provider.filterprovider (pid 28543) has died: cch+15 CEM (42,421)
05-01 02:18:45.594  4039  4070 I libprocessgroup: Successfully killed process cgroup uid 1000 pid 28543 in 0ms
05-01 02:18:45.603  4039  6286 D ApplicationPolicy: isStatusBarNotificationAllowedAsUser: packageName = com.google.android.gms,userId = 0
05-01 02:18:45.604  4039  6286 D PersonaManagerAdapter: ContainerOnlyMode - EOS
05-01 02:18:45.605  4039  6286 D ApplicationPolicy: isStatusBarNotificationAllowedAsUser: packageName = com.google.android.gms,userId = 0
05-01 02:18:45.605  4039  6286 D PersonaManagerAdapter: ContainerOnlyMode - EOS
05-01 02:18:45.606  3398  3398 I lmkd    : 1(delay),0(swap), 0(freelimit) memory pressure events were skipped after a kill!
05-01 02:18:45.623  5805 27096 I FSA2_SyncUpPhotoCursor: Start to upload photo for contact 2a0ae5c70e679c85
05-01 02:18:45.623  5805 27096 E PhotoUrlUtil: Photo cell is empty.
05-01 02:18:45.653 28600 28600 I SAMSUNGWALLET: [ProcessUtil] getProcessName. com.samsung.android.spaymini
05-01 02:18:45.662 28685 28685 D CompatibilityChangeReporter: Compat change id reported: 148180766; UID 15410038; state: ENABLED
05-01 02:18:45.675  5805 27096 W DataCollectionRegistryC: missing CollectionDefinition for people-pa.googleapis.com/google.internal.people.v2.InternalPeopleService/UpdatePersonPhoto
05-01 02:18:45.676  5805 27096 W DataCollectionRegistryC: missing CollectionDefinition for people-pa.googleapis.com/google.internal.people.v2.InternalPeopleService/UpdatePersonPhoto
