05-01 02:19:09.996 30018 30060 I ShareLive:QuickShare: [D2D][RxScheduler-1] [NearbyShareSourceImpl] NS [ updateVisibility ] requested
05-01 02:19:09.997  4364  4364 D TileServices: requestListening ComponentInfo{com.samsung.android.app.sharelive/com.samsung.android.app.sharelive.presentation.quickpanel.DeviceVisibilityTileService}
05-01 02:19:10.006 30090 30090 I MCFQS   : (PhoneVisibilityRepository) constructor()-[td:main] hashCode: b8e3631
05-01 02:19:10.031 30090 30090 I MCFQS   : (ReceiverViewModel) constructor()-[td:main] hashCode: 49576553
05-01 02:19:10.036 30090 30090 I MCFQS   : (DeviceDiscoverySystemReceiver) onReceive()-[td:main] action : com.samsung.android.sharelive.DEVICE_VISIBILITY
05-01 02:19:10.039 30090 30119 I MCFQS   : (SamsungAccountRepository) isSignIn()-[td:disco] signIn=false
05-01 02:19:10.040 30090 30119 I MCFQS   : (PhoneVisibilityRepository) updateVisibilityType()-[td:disco] isUpdated:true, NO_ONE
05-01 02:19:10.042 30090 30119 I MCFQS   : (ReceiverViewModel) isVisibilityAllowed()-[td:disco] no - visibility off
05-01 02:19:10.043 30090 30119 I MCFQS   : (PhoneVisibilityRepository) updateVisibilityType()-[td:disco] isUpdated:false, NO_ONE
05-01 02:19:10.043 30090 30119 I MCFQS   : (ReceiverViewModel) isVisibilityAllowed()-[td:disco] no - visibility off
05-01 02:19:10.044  4039  4053 D StorageManagerService: getExternalStorageMountMode: uid=10003 packageName=com.phonepe.app.business
05-01 02:19:10.046  4039  4053 D CompatibilityChangeReporter: Compat change id reported: 135634846; UID 10003; state: DISABLED
05-01 02:19:10.047  4039  4068 D CompatibilityChangeReporter: Compat change id reported: 143937733; UID 10003; state: ENABLED
05-01 02:19:10.049  4039  7309 I GenerationRegistry: mBackingStore.isClosed() : false
05-01 02:19:10.056  4039  4059 D PowerManagerService: [api] setDeviceIdleTempWhitelist: appids: [0]10003 [1]10038  (uid: 1000 pid: 4039)
05-01 02:19:10.071  3603  3603 D Zygote  : Forked child process 30122
05-01 02:19:10.074 30018 30060 I ShareLive:QuickShare: [D2D][RxScheduler-1] [NearbyShareSourceImpl] NS [ setVisibility ] = 4
05-01 02:19:10.079  4039  4068 I ActivityManager: Start proc 30122:com.phonepe.app.business/u0a3 for broadcast {com.phonepe.app.business/com.phonepe.app.business.transactions.datasource.network.sync.service.alarm.TxnAlarmReceiver}
05-01 02:19:10.080  4039  4053 D SettingsProvider: isChangeAllowed() : name = quickshare_enabled
05-01 02:19:10.080  4039  4053 D SettingsProvider: edmUri: content://com.sec.knox.provider/RestrictionPolicy3
05-01 02:19:10.080  4039  4053 D SettingsProvider: projectionArgs: isSettingsChangesAllowed
05-01 02:19:10.080  4039  4053 D SettingsProvider: selectionArgs: false
05-01 02:19:10.080  4039  4053 D SettingsProvider: selectionArgs: 5026
05-01 02:19:10.083  4039  4053 D SecContentProvider: query(), uri = 17 selection = isSettingsChangesAllowed
05-01 02:19:10.083  4039  4053 D SecContentProvider: called from android.uid.sharelive:5026
05-01 02:19:10.083  4039  4053 D RestrictionPolicy: isSettingsChangesAllowedAsUser, userId 0 : true
05-01 02:19:10.084  4039  4053 D SettingsProvider: ret = 1
05-01 02:19:10.087 30018 30063 I ShareLive:QuickShare: [D2D][RxScheduler-4] [SettingsCompat] update system setting int name = quickshare_enabled, value = 0
05-01 02:19:10.088 30018 30063 I ShareLive:QuickShare: [D2D][RxScheduler-4] [ShareLiveApplication] initWithoutNetwork success
05-01 02:19:10.134 30122 30122 E pe.app.busines: Not starting debugger since process cannot load the jdwp agent.
05-01 02:19:10.149  5370  5370 D BoundBrokerSvc: onRebind: Intent { act=com.google.android.gms.nearby.sharing.START_SERVICE pkg=com.google.android.gms }
05-01 02:19:10.158 30122 30122 D ActivityThread: setConscryptValidator
05-01 02:19:10.159 30122 30122 D ActivityThread: setConscryptValidator - put
05-01 02:19:10.164  4039  4053 I ActivityManager: DSS OFF for com.phonepe.app.business
05-01 02:19:10.169  4039  4053 D ActivityManager: attachApplicationLocked() app=ProcessRecord{f839730 30122:com.phonepe.app.business/u0a3} app.isolatedEntryPoint=null instr2=null
05-01 02:19:10.172  5370  7398 I NearbySharing: (REDACTED) A new client has bound to the NearbySharingService ExternalClientBridge for calling package %s
05-01 02:19:10.182  5370  7398 I NearbySharing: (REDACTED) Package %s has requested to set enabled to %b
05-01 02:19:10.183 30122 30122 D ActivityThread: handleBindApplication()++ app=com.phonepe.app.business
05-01 02:19:10.186  5370  9217 W NearbySharing: NearbySharingService call setEnabled returned nonzero status code for calling package com.samsung.android.app.sharelive: STATUS_ALREADY_IN_DESIRED_STATE [CONTEXT service_id=194 ]
05-01 02:19:10.187  5370  7398 I NearbySharing: (REDACTED) Package %s has requested to opt in
05-01 02:19:10.188 30018 30018 I ShareLive:QuickShare: [D2D][main] [NearbyShareSourceImpl] NS [ setEnabled(true) ] failure message = 35500:
05-01 02:19:10.189  5370  9217 W NearbySharing: NearbySharingService call optIn returned nonzero status code for calling package com.samsung.android.app.sharelive: STATUS_ALREADY_IN_DESIRED_STATE [CONTEXT service_id=194 ]
05-01 02:19:10.191 30018 30018 I ShareLive:QuickShare: [D2D][main] [NearbyShareSourceImpl] NS [ optIn() ] failure message = 35500:
05-01 02:19:10.193  5370  7398 I NearbySharing: (REDACTED) Package %s has requested to set device name to %s
05-01 02:19:10.199  5370  7398 I NearbySharing: (REDACTED) Package %s has requested to change allow permission auto to %b
05-01 02:19:10.201  5370  9217 W NearbySharing: NearbySharingService call setDeviceName returned nonzero status code for calling package com.samsung.android.app.sharelive: STATUS_ALREADY_IN_DESIRED_STATE [CONTEXT service_id=194 ]
05-01 02:19:10.202  5370  7398 I NearbySharing: (REDACTED) Package %s has requested to set visibility to %s
05-01 02:19:10.203 30018 30018 E ShareLive:QuickShare: [D2D][main] [NearbyShareSourceImpl] NS [ setDeviceName ] failure message = 35500:
05-01 02:19:10.208  5370  9217 W NearbySharing: NearbySharingService call setAllowPermissionAuto returned nonzero status code for calling package com.samsung.android.app.sharelive: STATUS_ALREADY_IN_DESIRED_STATE [CONTEXT service_id=194 ]
05-01 02:19:10.211 30018 30018 I ShareLive:QuickShare: [D2D][main] [NearbyShareSourceImpl] NS [ setRadioTogglingAllowed(true) ] failure message = 35500:
05-01 02:19:10.216  5370  9217 W NearbySharing: Cannot set device visibility, since already in the desired visibility. [CONTEXT service_id=194 ]
05-01 02:19:10.216  5370  9217 W NearbySharing: NearbySharingService call setVisibility returned nonzero status code for calling package com.samsung.android.app.sharelive: STATUS_ALREADY_IN_DESIRED_STATE [CONTEXT service_id=194 ]
05-01 02:19:10.219 30018 30018 I ShareLive:QuickShare: [D2D][main] [NearbyShareSourceImpl] NS [ setVisibility ] failure message = 35500:
05-01 02:19:10.290  4364  4492 D NetworkController.SecMobileSignalController(1/4): onSignalStrengthsChanged level=3
05-01 02:19:10.294  4364  4492 D MobileSignalIconsSelector: getDataIconGroup(): 13
05-01 02:19:10.295  4364  4492 D MobileSignalIconsSelector: getINUDataIconGroup(): 13
05-01 02:19:10.354 30122 30122 W pe.app.busines: JIT profile information will not be recorded: profile file does not exist.
05-01 02:19:10.354 30122 30122 W pe.app.busines: JIT profile information will not be recorded: profile file does not exist.
05-01 02:19:10.384  5370 26382 W GCM     : Force release of GOOGLE_C2DM lock
05-01 02:19:10.386  3538  3538 I io_stats: !@ 179,0 r 2889861 44950286 w 146374 2233764 d 22898 544308 f 9516 30965 iot 1049532 900519 th 51200 0 0 pt 0 inp 0 0 1518.551
05-01 02:19:10.389 30122 30122 D LoadedApk: LoadedApk::makeApplication() appContext=android.app.ContextImpl@f3bef8e appContext.mOpPackageName=com.phonepe.app.business appContext.mBasePackageName=com.phonepe.app.business appContext.mPackageInfo=android.app.LoadedApk@55673af
05-01 02:19:10.389 30122 30122 D NetworkSecurityConfig: No Network Security Config specified, using platform default
05-01 02:19:10.402 30122 30122 D NetworkSecurityConfig: No Network Security Config specified, using platform default
05-01 02:19:10.418  5370 26382 W GCM     : Force release of GOOGLE_C2DM lock
05-01 02:19:10.702  4039  7309 I GenerationRegistry: mBackingStore.isClosed() : false
05-01 02:19:10.790 30122 30149 W System  : ClassLoader referenced unknown path:
05-01 02:19:10.796  4039  4273 I ChimeraAggressivePolicyHandler: executePolicy() - triggerSource: TRIGGER_SOURCE_LMKD
05-01 02:19:10.797  4039  4273 I ChimeraAggressivePolicyHandler: available memory log: 475228, free memory target: 460800
05-01 02:19:10.797  4039  4273 I ChimeraAggressivePolicyHandler: available memory: 475228, free memory target: 460800, quit chimera
05-01 02:19:10.802  6629  7097 I BistoHotwordHelper: (REDACTED) getHotwordActive::active query: %s, watch: %s, devices connected: %s
05-01 02:19:10.866 30122 30149 W pe.app.busines: ClassLoaderContext classpath size mismatch. expected=11, found=3 (DLC[];PCL[base.apk*2988987097:base.apk!classes2.dex*3757676144:base.apk!classes3.dex*4140884277:base.apk!classes4.dex*2886770374:base.apk!classes5.dex*774862285:base.apk!classes6.dex*3105972791:base.apk!classes7.dex*1923592308:base.apk!classes8.dex*2948762121:base.apk!classes9.dex*843244071:base.apk!classes10.dex*2510211434:base.apk!classes11.dex*3718627930]{PCL[/system/framework/org.apache.http.legacy.jar*876722329]#PCL[/system/framework/com.android.media.remotedisplay.jar*1573936315]#PCL[/system/framework/com.android.location.provider.jar*1664931834]#PCL[/system/framework/org.apache.http.legacy.jar*876722329]} | DLC[];PCL[/data/app/~~71VKwQrm5fkyZUeWPEqW6A==/com.phonepe.app.business-zqfEPk5glcbsFXupwK8mJA==/base.apk*2249859060:/data/app/~~71VKwQrm5fkyZUeWPEqW6A==/com.phonepe.app.business-zqfEPk5glcbsFXupwK8mJA==/base.apk!classes2.dex*1034954244:/data/app/~~71VKwQrm5fkyZUeWPEqW6A==/com.phonepe.app.business-zqfEPk5glcbsFXupwK8mJA==/base.apk!classes3.dex*2711951623])
05-01 02:19:10.882 30122 30149 W pe.app.busines: Found duplicate classes, falling back to extracting from APK : /data/app/~~mJDrDWan6Jk8v9EzLIIqXg==/com.google.android.gms-lMvUvPqSSOxbkBEJmN3COQ==/split_MeasurementDynamite.apk
05-01 02:19:10.882 30122 30149 W pe.app.busines: NOTE: This wastes RAM and hurts startup performance.
05-01 02:19:10.882 30122 30149 W pe.app.busines: Found duplicated class when checking oat files: 'Landroid/support/v4/graphics/drawable/IconCompatParcelizer;' in /data/app/~~71VKwQrm5fkyZUeWPEqW6A==/com.phonepe.app.business-zqfEPk5glcbsFXupwK8mJA==/base.apk and /data/app/~~mJDrDWan6Jk8v9EzLIIqXg==/com.google.android.gms-lMvUvPqSSOxbkBEJmN3COQ==/split_MeasurementDynamite.apk
05-01 02:19:10.992  4039  4212 V NetworkPolicy: updateNotificationsNL() - totalBytes : 75611, policy : NetworkPolicy{template=NetworkTemplate: matchRule=MOBILE, subscriberId=404973..., matchSubscriberIds=[404973...] cycleRule=RecurrenceRule{start=2022-01-01T00:00+05:30[Asia/Kolkata] end=null period=P1M} warningBytes=-1 limitBytes=-1 lastWarningSnooze=-1 lastLimitSnooze=-1 lastRapidSnooze=-1 metered=true inferred=false}, CallingUID: 1000
05-01 02:19:10.993  4039  4212 V NetworkPolicy: updateNotificationsNL() - totalBytes : 0, policy : NetworkPolicy{template=NetworkTemplate: matchRule=MOBILE, subscriberId=404545..., matchSubscriberIds=[404545...] cycleRule=RecurrenceRule{start=2023-01-01T00:00+05:30[Asia/Kolkata] end=null period=P1M} warningBytes=2000000000 limitBytes=-1 lastWarningSnooze=-1 lastLimitSnooze=-1 lastRapidSnooze=-1 metered=true inferred=true}, CallingUID: 1000
05-01 02:19:11.058 30122 30162 D libcrashlytics: Initializing libcrashlytics version 3.2.0
05-01 02:19:11.060 30122 30122 D ActivityThread: handleBindApplication() -- skipGraphicsSupport=false
05-01 02:19:11.133 30122 30162 D libcrashlytics: Initializing native crash handling successful.
05-01 02:19:11.171  5805 27096 E FSA2_SyncUpProgressNotifier: Current progress 17 exceeds max progress 16
05-01 02:19:11.202  4039  4053 D ApplicationPolicy: isStatusBarNotificationAllowedAsUser: packageName = com.google.android.gms,userId = 0
05-01 02:19:11.202  4039  4053 D PersonaManagerAdapter: ContainerOnlyMode - EOS
05-01 02:19:11.203  4039  4053 D ApplicationPolicy: isStatusBarNotificationAllowedAsUser: packageName = com.google.android.gms,userId = 0
05-01 02:19:11.203  4039  4053 D PersonaManagerAdapter: ContainerOnlyMode - EOS
05-01 02:19:11.230  5805 27096 I FSA2_SyncUpPhotoCursor: Start to upload photo for contact 3b87cbf30cfb5c3a
05-01 02:19:11.231  5805 27096 E PhotoUrlUtil: Photo cell is empty.
05-01 02:19:11.241  4039  4053 D PackageManager: setEnabledSetting : userId = 0 packageName = com.phonepe.app.business cmp = androidx.work.impl.background.systemjob.SystemJobService newState = 1 callingPackage = 10003/com.phonepe.app.business
05-01 02:19:11.268 30122 30122 I TetheringManager: registerTetheringEventCallback:com.phonepe.app.business
05-01 02:19:11.274 30122 30122 D ConnectivityManager: ConnectivityManager() mContext=com.phonepe.app.business.PBApplication@db85cc9 getOpPackageName()=com.phonepe.app.business getBasePackageName()=com.phonepe.app.business getPackageName()=com.phonepe.app.business
05-01 02:19:11.290  5805 27096 W DataCollectionRegistryC: missing CollectionDefinition for people-pa.googleapis.com/google.internal.people.v2.InternalPeopleService/UpdatePersonPhoto
05-01 02:19:11.290  5805 27096 W DataCollectionRegistryC: missing CollectionDefinition for people-pa.googleapis.com/google.internal.people.v2.InternalPeopleService/UpdatePersonPhoto
05-01 02:19:11.348  4039  4039 I SamsungAlarmManager: setLocked to kernel - T:2 / 20240501T022012, set=1581038, now=1519514
05-01 02:19:11.348  4039  4039 I SamsungAlarmManager: setLocked to kernel - T:3 / 20240501T021913, set=1522143, now=1519514
05-01 02:19:11.357  4039  7309 D SamsungAlarmManager: setInexact (T:0/F:4/AC:false) 20240501T081911 now=1519523 - CU:10003/CP:30122/OP:PendingIntent{2eaa14a: PendingIntentRecord{44768bb com.phonepe.app.business broadcastIntent}}
05-01 02:19:11.358  4039  7309 I SamsungAlarmManager: setLocked to kernel - T:2 / 20240501T022012, set=1581038, now=1519524
05-01 02:19:11.358  4039  7309 I SamsungAlarmManager: setLocked to kernel - T:3 / 20240501T021913, set=1522143, now=1519524
05-01 02:19:11.386  4039  4039 D StorageManagerService: getExternalStorageMountMode: uid=10021 packageName=com.android.settings.intelligence
05-01 02:19:11.387  4039  4039 D CompatibilityChangeReporter: Compat change id reported: 135634846; UID 10021; state: DISABLED
05-01 02:19:11.389  4039  4068 D CompatibilityChangeReporter: Compat change id reported: 143937733; UID 10021; state: ENABLED
05-01 02:19:11.422  4589  4589 I Launcher.NotificationListener: onNotificationPosted : com.google.android.gms number : 0
05-01 02:19:11.422  4589  4683 I Launcher.NotificationListener: notificationIsValidForUI : com.google.android.gms missingTitleAndText : false isGroupHeader : false
05-01 02:19:11.432  4364  4364 D InterruptionStateProvider: No bubble up: not allowed to bubble: 0|com.google.android.gms|3|com.google.android.gms.people.sync.focus.notification.sync_progress.tag.3e56390e833b4567|10038
05-01 02:19:11.438  4364  4364 D InterruptionStateProvider:  no Heads up : edgelighting enabled app. 0|com.google.android.gms|3|com.google.android.gms.people.sync.focus.notification.sync_progress.tag.3e56390e833b4567|10038
05-01 02:19:11.443  4039  4039 I SamsungAlarmManager: setLocked to kernel - T:2 / 20240501T022012, set=1581038, now=1519609
05-01 02:19:11.443  4039  4039 I SamsungAlarmManager: setLocked to kernel - T:3 / 20240501T021913, set=1522143, now=1519609
05-01 02:19:11.448  3603  3603 D Zygote  : Forked child process 30190
05-01 02:19:11.459  4039  4068 W ActivityManager: Slow operation: 78ms so far, now at startProcess: returned from zygote!
05-01 02:19:11.461  4039  4053 W ActivityManagerServiceExt: Too many (100) com.google.android.gms PendingIntent are generated
05-01 02:19:11.463  4039  4068 W ActivityManager: Slow operation: 82ms so far, now at startProcess: done updating battery stats
05-01 02:19:11.464  4039  4068 W ActivityManager: Slow operation: 82ms so far, now at startProcess: building log message
05-01 02:19:11.464  4039  4068 I ActivityManager: Start proc 30190:com.android.settings.intelligence/u0a21 for service {com.android.settings.intelligence/com.samsung.android.settings.intelligence.search.job.IndexingJobService}
05-01 02:19:11.464  4039  4068 W ActivityManager: Slow operation: 82ms so far, now at startProcess: starting to update pids map
05-01 02:19:11.464  4039  4068 W ActivityManager: Slow operation: 83ms so far, now at startProcess: done updating pids map
05-01 02:19:11.468  4039  4165 D SamsungAlarmManager: setInexact (T:0/F:4/AC:false) 20240501T021911 now=1519634 - CU:10003/CP:30122/OP:PendingIntent{dff3725: PendingIntentRecord{415f0fa com.phonepe.app.business broadcastIntent}}
05-01 02:19:11.468  4039  4165 I SamsungAlarmManager: setLocked to kernel - T:2 / 20240501T021916, set=1524627, now=1519635
05-01 02:19:11.469  4039  4165 I SamsungAlarmManager: setLocked to kernel - T:3 / 20240501T021913, set=1522143, now=1519635
05-01 02:19:11.472  4039  4303 D JobServiceContext: sendStopMessageLocked stop reason: cancel() called by app, callingUid=1000 uid=1000 jobId=106541
05-01 02:19:11.490  4039  4165 D SamsungAlarmManager: setInexact (T:3/F:0/AC:false) 20340429T021911 now=1519656 - CU:9510038/CP:17421/OP:PendingIntent{81ff6ab: PendingIntentRecord{6065108 com.google.android.gms/com.google.android.gms.container startService}}
05-01 02:19:11.490  4039  4165 I SamsungAlarmManager: setLocked to kernel - T:2 / 20240501T021916, set=1524627, now=1519656
05-01 02:19:11.490  4039  4165 I SamsungAlarmManager: setLocked to kernel - T:3 / 20240501T021913, set=1522143, now=1519657
05-01 02:19:11.508 30190 30190 E gs.intelligenc: Not starting debugger since process cannot load the jdwp agent.
05-01 02:19:11.521  4364  4364 E ExpandableNotifRow: onNotificationUpdated() NSSL is null..
05-01 02:19:11.530  4364  4364 D FaceWidgetNotificationManager: updateFaceWidgetMusicNotificationKey() return : mFaceWidgetMusicNotificationKey is empty
05-01 02:19:11.539 30190 30190 D ActivityThread: setConscryptValidator
05-01 02:19:11.540 30190 30190 D ActivityThread: setConscryptValidator - put
05-01 02:19:11.558  4039  7309 I ActivityManager: DSS OFF for com.android.settings.intelligence
05-01 02:19:11.563  4039  7309 D ActivityManager: attachApplicationLocked() app=ProcessRecord{a79d597 30190:com.android.settings.intelligence/u0a21} app.isolatedEntryPoint=null instr2=null
05-01 02:19:11.582 30190 30190 D ActivityThread: handleBindApplication()++ app=com.android.settings.intelligence
05-01 02:19:11.612 15861 15861 D BoundBrokerSvc: onBind: Intent { act=com.google.android.gms.phenotype.service.START dat=chimera-action: cmp=com.google.android.gms/.chimera.PersistentApiService }
05-01 02:19:11.612 15861 15861 D BoundBrokerSvc: Loading bound service for intent: Intent { act=com.google.android.gms.phenotype.service.START dat=chimera-action: cmp=com.google.android.gms/.chimera.PersistentApiService }
05-01 02:19:11.691 30190 30190 D LoadedApk: LoadedApk::makeApplication() appContext=android.app.ContextImpl@f3bef8e appContext.mOpPackageName=com.android.settings.intelligence appContext.mBasePackageName=com.android.settings.intelligence appContext.mPackageInfo=android.app.LoadedApk@55673af
05-01 02:19:11.691 30190 30190 D NetworkSecurityConfig: No Network Security Config specified, using platform default
05-01 02:19:11.701 30190 30190 D NetworkSecurityConfig: No Network Security Config specified, using platform default
05-01 02:19:11.722  4039  7309 I GenerationRegistry: mBackingStore.isClosed() : false
05-01 02:19:11.722 30122 30178 W pe.app.busines: Verification of void m.kj.<clinit>() took 440.427ms (2602.02 bytecodes/s) (12880B approximate peak alloc)
05-01 02:19:11.736 30190 30190 I IndexDatabaseHelper: Using schema version: 123
05-01 02:19:11.739 30190 30190 I IndexDatabaseHelper: Index is fine
05-01 02:19:11.746 30190 30190 D ActivityThread: handleBindApplication() -- skipGraphicsSupport=false
05-01 02:19:11.763 30190 30190 D SamsungAnalytics605015: [Validation] dma pkg:712601000
05-01 02:19:11.775  4039  4053 I GenerationRegistry: mBackingStore.isClosed() : false
05-01 02:19:11.777 30190 30190 D SamsungAnalytics605015: AppVersion = 11, prefAppVerison = 11, beforeSendCommonTime = 1713986264911, success = true
05-01 02:19:11.777 30190 30190 D SamsungAnalytics605015: newThread on Executor
05-01 02:19:11.781 30190 30190 D SamsungAnalytics605015: [Tracker] Tracker start:6.05.015 , senderType : 3
05-01 02:19:11.783 30190 30218 D SamsungAnalytics605015: [Setting Sender] No status log
05-01 02:19:11.855 29948 29968 I primes_lifeboa: Waiting for a blocking GC ProfileSaver
05-01 02:19:11.961  4039  4052 D StorageManagerService: getExternalStorageMountMode: uid=10213 packageName=com.samsung.android.dynamiclock
05-01 02:19:11.963  4039  4052 D CompatibilityChangeReporter: Compat change id reported: 135634846; UID 10213; state: DISABLED
05-01 02:19:11.964  4039  4068 D CompatibilityChangeReporter: Compat change id reported: 143937733; UID 10213; state: ENABLED
05-01 02:19:11.964  4039  4052 W ActivityManager: wait for provider publish: waiters=1 callerApp=ProcessRecord{f839730 30122:com.phonepe.app.business/u0a3} cpr=ContentProviderRecord{1ca7c26 u0 com.samsung.android.dynamiclock/glance.internal.appinstall.sdk.attribution.appsflyer.AppsFlyerContentProvider}
05-01 02:19:11.967  4039  7309 D StorageManagerService: getExternalStorageMountMode: uid=10156 packageName=com.aura.oobe.samsung
05-01 02:19:11.968  4039  7309 D CompatibilityChangeReporter: Compat change id reported: 135634846; UID 10156; state: DISABLED
05-01 02:19:11.970  4039  7309 W ActivityManager: wait for provider publish: waiters=1 callerApp=ProcessRecord{f839730 30122:com.phonepe.app.business/u0a3} cpr=ContentProviderRecord{aa3de14 u0 com.aura.oobe.samsung/com.ironsource.aura.sdk.feature.attribution.referrer.AttributionReferrerContentProvider}
05-01 02:19:11.992  3603  3603 D Zygote  : Forked child process 30234
05-01 02:19:12.012  4039  4068 W ActivityManager: Slow operation: 53ms so far, now at startProcess: done updating battery stats
05-01 02:19:12.013  4039  4068 W ActivityManager: Slow operation: 53ms so far, now at startProcess: building log message
05-01 02:19:12.013  4039  4068 I ActivityManager: Start proc 30234:com.samsung.android.dynamiclock/u0a213 for content provider {com.samsung.android.dynamiclock/glance.internal.appinstall.sdk.attribution.appsflyer.AppsFlyerContentProvider}
05-01 02:19:12.013  4039  4068 W ActivityManager: Slow operation: 53ms so far, now at startProcess: starting to update pids map
05-01 02:19:12.014  4039  4068 W ActivityManager: Slow operation: 55ms so far, now at startProcess: done updating pids map
05-01 02:19:12.015  4039  4068 D CompatibilityChangeReporter: Compat change id reported: 143937733; UID 10156; state: ENABLED
05-01 02:19:12.044  3603  3603 D Zygote  : Forked child process 30244
05-01 02:19:12.052  4039  4068 W ActivityManager: Slow operation: 87ms so far, now at startProcess: returned from zygote!
05-01 02:19:12.053  4039  4068 W ActivityManager: Slow operation: 88ms so far, now at startProcess: done updating battery stats
05-01 02:19:12.054  4039  4068 W ActivityManager: Slow operation: 88ms so far, now at startProcess: building log message
05-01 02:19:12.054  4039  4068 I ActivityManager: Start proc 30244:com.aura.oobe.samsung/u0a156 for content provider {com.aura.oobe.samsung/com.ironsource.aura.sdk.feature.attribution.referrer.AttributionReferrerContentProvider}
05-01 02:19:12.054  4039  4068 W ActivityManager: Slow operation: 89ms so far, now at startProcess: starting to update pids map
05-01 02:19:12.055  4039  4068 W ActivityManager: Slow operation: 90ms so far, now at startProcess: done updating pids map
05-01 02:19:12.056 30234 30234 E oid.dynamicloc: Not starting debugger since process cannot load the jdwp agent.
05-01 02:19:12.078 30234 30234 D ActivityThread: setConscryptValidator
05-01 02:19:12.079 30234 30234 D ActivityThread: setConscryptValidator - put
05-01 02:19:12.084  4039  6819 I ActivityManager: DSS OFF for com.samsung.android.dynamiclock
05-01 02:19:12.089  4039  6819 D ActivityManager: attachApplicationLocked() app=ProcessRecord{cc78381 30234:com.samsung.android.dynamiclock/u0a213} app.isolatedEntryPoint=null instr2=null
05-01 02:19:12.092 30244 30244 E ra.oobe.samsun: Not starting debugger since process cannot load the jdwp agent.
05-01 02:19:12.108 30234 30234 D ActivityThread: handleBindApplication()++ app=com.samsung.android.dynamiclock
05-01 02:19:12.120 30244 30244 D ActivityThread: setConscryptValidator
05-01 02:19:12.120 30244 30244 D ActivityThread: setConscryptValidator - put
05-01 02:19:12.129  4039  4675 I ActivityManager: DSS OFF for com.aura.oobe.samsung
05-01 02:19:12.135  4039  4675 D ActivityManager: attachApplicationLocked() app=ProcessRecord{6ea067 30244:com.aura.oobe.samsung/u0a156} app.isolatedEntryPoint=null instr2=null
05-01 02:19:12.154 30244 30244 D ActivityThread: handleBindApplication()++ app=com.aura.oobe.samsung
05-01 02:19:12.163 30234 30234 I oid.dynamicloc: The ClassLoaderContext is a special shared library.
05-01 02:19:12.185  4039  4303 I SamsungAlarmManager: setLocked to kernel - T:2 / 20240501T021911, set=1519623, now=1520351
05-01 02:19:12.185  4039  4177 D SamsungAlarmManager: Expired : 4
05-01 02:19:12.185  4039  4303 D SamsungAlarmManager: setInexact (T:3/F:0/AC:false) 20240501T021921 now=1520352 - CU:1000/CP:4039/L:92901fd:*job.delay*
05-01 02:19:12.187  4039  4303 I SamsungAlarmManager: setLocked to kernel - T:2 / 20240501T021911, set=1519623, now=1520353
05-01 02:19:12.188  4039  4177 V SamsungAlarmManager: Sending to uid : 10003 action=null alarm=Alarm{9f74ef1 type 0 when 1714510151457 com.phonepe.app.business}
05-01 02:19:12.194  4039  4177 D ActivityManager: Received BROADCAST intent 0x415f0fa Key{broadcastIntent pkg=com.phonepe.app.business intent=cmp=com.phonepe.app.business/.transactions.datasource.network.sync.service.alarm.TxnAlarmReceiver flags=0x4000000 u=0} requestCode=1868 sent=0 from uid 1000
05-01 02:19:12.199  4039  4177 I SamsungAlarmManager: setLocked to kernel - T:2 / 20240501T022012, set=1581038, now=1520365
05-01 02:19:12.199  4039  4177 I SamsungAlarmManager: setLocked to kernel - T:3 / 20240501T021913, set=1522143, now=1520366
05-01 02:19:12.203  4039  4039 W system_server: Long monitor contention with owner SyncManager (4303) at void com.android.server.job.controllers.TimeController.checkExpiredDelaysAndResetAlarm()(TimeController.java:335) waiters=0 in void com.android.server.job.JobSchedulerService$JobHandler.handleMessage(android.os.Message) for 617ms
05-01 02:19:12.218  4039  4039 W Looper  : Slow dispatch took 646ms main h=com.android.server.job.JobSchedulerService$JobHandler c=null m=4
05-01 02:19:12.218  4039  4303 D JobServiceContext: sendStopMessageLocked stop reason: cancel() called by app, callingUid=1000 uid=1000 jobId=108895
05-01 02:19:12.219  4039  4039 W Looper  : Slow delivery took 631ms main h=com.android.server.AlarmManagerService$AlarmHandler c=null m=8
05-01 02:19:12.389  3538  3538 I io_stats: !@ 179,0 r 2891973 44985402 w 146389 2234524 d 22915 544536 f 9516 30975 iot 1050320 901223 th 51200 0 0 pt 0 inp 0 0 1520.555
05-01 02:19:12.398 29969 29991 I hbox:interacto: Waiting for a blocking GC ProfileSaver
05-01 02:19:12.416 30190 30190 D IndexDatabaseHelper: ProviderVersionedNames: com.android.cellbroadcastreceiver:30,com.android.settings:29,com.android.traceur:2,com.google.android.gms:241518027,com.google.android.gms:241518027,com.google.android.googlequicksearchbox:301336133,com.google.android.googlequicksearchbox:301336133,com.google.android.permissioncontroller:301800100,com.google.android.permissioncontroller:301800100,com.google.android.projection.gearhead:117641453,com.osp.app.signin:1490004100,com.samsung.accessibility:1250302000,com.samsung.android.accessibility.talkback:1350203000,com.samsung.android.app.cocktailbarservice:712907000,com.samsung.android.app.contacts:1272000004,com.samsung.android.app.sharelive:1361306205,com.samsung.android.app.telephonyui:1210200268,com.samsung.android.app.telephonyui:1210200268,com.samsung.android.app.telephonyui:1210200268,com.samsung.android.calendar:1221300000,com.samsung.android.fmm:731515100,com.samsung.android.forest:510000014,com.samsung.android.honeyboard:535002300,com.samsung.android.knox.containeragent:5001015,com.samsung.android.lool:1380611000,com.samsung.android.messaging:1222000151,com.samsung.android.scloud:550209000,com.samsung.android.themestore:530502100,com.sec.android.app.clockpackage:1212500000,com.sec.android.app.launcher:1210705079,com.sec.android.app.myfiles:1220904531,com.sec.android.app.samsungapps:661215110,com.sec.android.app.soundalive:954200000,com.sec.android.gallery3d:1410400002,com.sec.unifiedwfc:650189100,com.sec.android.app.voicenote:2021355160,com.android.settings.intelligence:30
05-01 02:19:12.417  4039  4039 W Looper  : Slow dispatch took 182ms main h=com.android.server.job.JobSchedulerService$JobHandler c=null m=1
05-01 02:19:12.441  4039  4303 D JobServiceContext: sendStopMessageLocked stop reason: cancel() called by app, callingUid=1000 uid=1000 jobId=103923
05-01 02:19:12.460  4039  4039 W Looper  : Drained
05-01 02:19:12.475 30244 30244 D LoadedApk: LoadedApk::makeApplication() appContext=android.app.ContextImpl@f3bef8e appContext.mOpPackageName=com.aura.oobe.samsung appContext.mBasePackageName=com.aura.oobe.samsung appContext.mPackageInfo=android.app.LoadedApk@55673af
05-01 02:19:12.476 30244 30244 D NetworkSecurityConfig: Using Network Security Config from resource network_security_config debugBuild: false
05-01 02:19:12.484 15861 15873 I .gms.persisten: ThreadFlipBegin blocked for 34.680ms
05-01 02:19:12.490 15861 27128 I .gms.persisten: IncrementDisableThreadFlip blocked for 6.563ms
05-01 02:19:12.491 15861 15861 I .gms.persisten: IncrementDisableThreadFlip blocked for 7.604ms
05-01 02:19:12.520 30244 30244 D NetworkSecurityConfig: Using Network Security Config from resource network_security_config debugBuild: false
05-01 02:19:12.590 29948 29968 I primes_lifeboa: WaitForGcToComplete blocked ProfileSaver on AddRemoveAppImageSpace for 734.954ms
05-01 02:19:12.641 29969 29991 I hbox:interacto: WaitForGcToComplete blocked ProfileSaver on AddRemoveAppImageSpace for 243.334ms
05-01 02:19:12.673 29948 29960 I primes_lifeboa: WaitForGcToComplete blocked RunEmptyCheckpoint on ProfileSaver for 71.048ms
05-01 02:19:12.729 29969 29981 I hbox:interacto: WaitForGcToComplete blocked RunEmptyCheckpoint on ProfileSaver for 86.903ms
05-01 02:19:12.754  3398  3398 I lmkd    : cached 0, sandbox(not0) 0
05-01 02:19:12.757  3398  3398 I lmkd    : Reclaim 'com.google.android.configupdater' (29923), uid 10008, oom_adj 999, state 19 to free 42848kB
05-01 02:19:12.758  3398  3398 I lmkd    : Reclaimed 42848kB at oom_adj 850
05-01 02:19:12.787  3603  3603 I Zygote  : Process 29923 exited due to signal 9 (Killed)
05-01 02:19:12.828  4039  6343 I ActivityManager: Process com.google.android.configupdater (pid 29923) has died: cch+99 CEM (39,371)
05-01 02:19:12.829  4039  4070 I libprocessgroup: Successfully killed process cgroup uid 10008 pid 29923 in 0ms
05-01 02:19:12.856  3722  4355 I CameraService: UidPolicy: No processes running for a uid=10008 disabled=0
05-01 02:19:12.916  5805 27096 E FSA2_SyncUpProgressNotifier: Current progress 17 exceeds max progress 16
05-01 02:19:12.953  4039  4635 D ApplicationPolicy: isStatusBarNotificationAllowedAsUser: packageName = com.google.android.gms,userId = 0
05-01 02:19:12.954  4039  4635 D PersonaManagerAdapter: ContainerOnlyMode - EOS
05-01 02:19:12.954  4039  4635 D ApplicationPolicy: isStatusBarNotificationAllowedAsUser: packageName = com.google.android.gms,userId = 0
05-01 02:19:12.954  4039  4635 D PersonaManagerAdapter: ContainerOnlyMode - EOS
05-01 02:19:12.967  4039  4058 W Looper  : Slow dispatch took 110ms android.fg h=android.os.Handler c=com.android.server.location.-$$Lambda$AppForegroundHelper$7asxY_maANt1D_AUTchqbCjktH0@caaf79 m=0
05-01 02:19:12.969  4039  4048 I system_server: Background young concurrent copying GC freed 419659(20MB) AllocSpace objects, 72(3152KB) LOS objects, 24% free, 70MB/92MB, paused 854us total 749.546ms
05-01 02:19:12.970  4039  4581 D BatteryService: Sending ACTION_BATTERY_CHANGED. scale:100, info:{.chargerAcOnline = false, .chargerUsbOnline = true, .chargerWirelessOnline = false, .maxChargingCurrent = 0, .maxChargingVoltage = 0, .batteryStatus = CHARGING, .batteryHealth = GOOD, .batteryPresent = true, .batteryLevel = 35, .batteryVoltage = 3871, .batteryTemperature = 321, .batteryCurrent = 260, .batteryCycleCount = 0, .batteryFullCharge = 3300000, .batteryChargeCounter = 1068000, .batteryTechnology = Li-ion}
05-01 02:19:12.971  4039  4581 D BatteryService: online:4, current avg:296, charge type:1, POGO powered:false, power sharing:false, high voltage charger:false, charger_type:0, capacity:280000, misc_event:0x0, current_event:0x8000, current_now:260
05-01 02:19:12.989  4039  4039 W system_server: Long monitor contention with owner Binder:4039_3 (4165) at void com.android.server.job.controllers.TimeController.checkExpiredDelaysAndResetAlarm()(TimeController.java:335) waiters=1 in void com.android.server.job.JobServiceContext.doCallback(com.android.server.job.JobServiceContext$JobCallback, boolean, java.lang.String) for 497ms
05-01 02:19:12.993  4039  4039 W Looper  : Slow dispatch took 504ms main h=android.app.job.JobServiceEngine$JobHandler c=null m=1
05-01 02:19:13.003  4039  4039 W Looper  : Slow delivery took 550ms main h=android.app.job.JobServiceEngine$JobHandler c=null m=0
05-01 02:19:13.018  5805 27096 I FSA2_SyncUpPhotoCursor: Start to upload photo for contact 32dbe8308fd1ed87
05-01 02:19:13.020  5805 27096 E FSA2_SyncUpPhotoCursor: Photo content is not changed, skip syncing it and clear dirty.
05-01 02:19:13.021  5805 27096 E FSA2_SyncUpProgressNotifier: Current progress 17 exceeds max progress 16
05-01 02:19:13.043  4039  6819 I GenerationRegistry: mBackingStore.isClosed() : false
05-01 02:19:13.047  4039  4303 D JobServiceContext: sendStopMessageLocked stop reason: cancel() called by app, callingUid=1000 uid=1000 jobId=100204
05-01 02:19:13.063  4039  4178 D MotionRecognitionService:   onReceive : ACTION_BATTERY_CHANGED, Plugged: 2
05-01 02:19:13.063  4039  4178 I MotionRecognitionService: [TA] In/out: true, curr state: 1
05-01 02:19:13.070  4364  4364 I PowerUI : BATTERY_HEALTH_CHECK extraHealth=2 mBatteryMiscEvent=0
05-01 02:19:13.070  4364  4364 D PowerUI : priorPlugType = 2 mPlugType = 2 priorBatteryStatus = 2 mBatteryStatus = 2
05-01 02:19:13.072  4335  4335 D SemBigDataInfoController: Intent : android.intent.action.BATTERY_CHANGED
05-01 02:19:13.072  4335  4335 D SemBigDataInfoController: Intent : android.intent.action.BATTERY_CHANGED
05-01 02:19:13.078  5805 27096 I FSA2_SyncUpPhotoCursor: Start to upload photo for contact 53a390f98d497001
05-01 02:19:13.078  5805 27096 E FSA2_SyncUpPhotoCursor: Photo content is not changed, skip syncing it and clear dirty.
05-01 02:19:13.078  5805 27096 E FSA2_SyncUpProgressNotifier: Current progress 17 exceeds max progress 16
05-01 02:19:13.083  4364  4364 D PowerUI.Notification: showChargingNotice oldChargingType : 1 currentChargingType : 1 oldChargingTime : 14494000 mChargingTime : 14494000
05-01 02:19:13.083  4364  4364 D PowerUI.Notification: There is no change about charging status, so return!
05-01 02:19:13.083  4364  4364 I PowerUI : mBatteryMiscEvent = 0
05-01 02:19:13.093  4364  4364 D KeyguardUpdateMonitor: received broadcast android.intent.action.BATTERY_CHANGED
05-01 02:19:13.094  4364  4364 I AODBatteryManager: updateBatteryData: ACTION_BATTERY_CHANGED
05-01 02:19:13.100  4364  4364 I AODBatteryManager: saveBatteryData : AOD BatteryData [mBatteryLevel=35, mBatteryStatus=CHARGING, mBatteryPlugType=USB, mBatteryPlugged=true, mRemainingChargeTime=14494000, mBatteryChargingType=1, mBatteryChargerType=NORMAL, mBatteryOnline=USB, mBatterySwellingMode=NONE]
05-01 02:19:13.122 30244 30244 D ActivityThread: handleBindApplication() -- skipGraphicsSupport=false
05-01 02:19:13.128  4364  4364 D KeyguardUpdateMonitor: handleBatteryUpdate
05-01 02:19:13.147  4039  4039 D SemWifiApBroadcastReceiver: Received : android.intent.action.BATTERY_CHANGED
05-01 02:19:13.161  5805 27096 I FSA2_SyncUpPhotoCursor: Start to upload photo for contact 3a2d1888c195a6c
05-01 02:19:13.161  5805 27096 E FSA2_SyncUpPhotoCursor: Photo content is not changed, skip syncing it and clear dirty.
05-01 02:19:13.161  5805 27096 E FSA2_SyncUpProgressNotifier: Current progress 17 exceeds max progress 16
05-01 02:19:13.173 30234 30234 I FirebaseApp: Device unlocked: initializing all Firebase APIs for app [DEFAULT]
05-01 02:19:13.175  5805 27096 I FSA2_SyncUpPhotoCursor: Start to upload photo for contact 54b0ac9d09a0bb28
05-01 02:19:13.175  5805 27096 E FSA2_SyncUpPhotoCursor: Photo content is not changed, skip syncing it and clear dirty.
05-01 02:19:13.175  5805 27096 E FSA2_SyncUpProgressNotifier: Current progress 17 exceeds max progress 16
05-01 02:19:13.179  4039  4303 D JobServiceContext: sendStopMessageLocked stop reason: cancel() called by app, callingUid=1000 uid=1000 jobId=103227
05-01 02:19:13.192  5805 27096 I FSA2_SyncUpPhotoCursor: Start to upload photo for contact 1c105667080f8b75
05-01 02:19:13.192  5805 27096 E FSA2_SyncUpPhotoCursor: Photo content is not changed, skip syncing it and clear dirty.
05-01 02:19:13.193  5805 27096 E FSA2_SyncUpProgressNotifier: Current progress 17 exceeds max progress 16
05-01 02:19:13.208  4039  4039 W Looper  : Drained
05-01 02:19:13.209  5805 27096 I FSA2_SyncUpPhotoCursor: Start to upload photo for contact 302ff568a8631ed
05-01 02:19:13.210  5805 27096 E FSA2_SyncUpPhotoCursor: Photo content is not changed, skip syncing it and clear dirty.
05-01 02:19:13.210  5805 27096 E FSA2_SyncUpProgressNotifier: Current progress 17 exceeds max progress 16
05-01 02:19:13.217  4039  4303 D SyncManager: userId - 95 auto - null
05-01 02:19:13.265  4589  4589 I Launcher.NotificationListener: onNotificationPosted : com.google.android.gms number : 0
05-01 02:19:13.266  4589  4683 I Launcher.NotificationListener: notificationIsValidForUI : com.google.android.gms missingTitleAndText : false isGroupHeader : false
05-01 02:19:13.266  4039  4303 D JobServiceContext: sendStopMessageLocked stop reason: cancel() called by app, callingUid=1000 uid=1000 jobId=102843
05-01 02:19:13.274  4364  4364 D InterruptionStateProvider: No bubble up: not allowed to bubble: 0|com.google.android.gms|3|com.google.android.gms.people.sync.focus.notification.sync_progress.tag.3e56390e833b4567|10038
05-01 02:19:13.275 30234 30284 I DynamiteModule: Considering local module com.google.android.gms.measurement.dynamite:73 and remote module com.google.android.gms.measurement.dynamite:108
05-01 02:19:13.275 30234 30284 I DynamiteModule: Selected remote version of com.google.android.gms.measurement.dynamite, version >= 108
05-01 02:19:13.277  4364  4364 D InterruptionStateProvider:  no Heads up : edgelighting enabled app. 0|com.google.android.gms|3|com.google.android.gms.people.sync.focus.notification.sync_progress.tag.3e56390e833b4567|10038
05-01 02:19:13.281  4039  6819 I GenerationRegistry: mBackingStore.isClosed() : false
05-01 02:19:13.286  4039  4303 D JobServiceContext: sendStopMessageLocked stop reason: cancel() called by app, callingUid=1000 uid=1000 jobId=105583
05-01 02:19:13.302 30234 30234 I FirebaseInitProvider: FirebaseApp initialization successful
05-01 02:19:13.304  4039  4303 D JobServiceContext: sendStopMessageLocked stop reason: cancel() called by app, callingUid=1000 uid=1000 jobId=100010
05-01 02:19:13.323  4039  4303 D JobServiceContext: sendStopMessageLocked stop reason: cancel() called by app, callingUid=1000 uid=1000 jobId=100682
05-01 02:19:13.349  4364  4364 E ExpandableNotifRow: onNotificationUpdated() NSSL is null..
05-01 02:19:13.353  4364  4364 D FaceWidgetNotificationManager: updateFaceWidgetMusicNotificationKey() return : mFaceWidgetMusicNotificationKey is empty
05-01 02:19:13.375  4039  4303 D SyncManager: userId - 0 auto - true
05-01 02:19:13.389 30234 30234 I DymLock|340025|ReferenceUtil: isTestMode() false
05-01 02:19:13.390 30234 30234 I DymLock|340025|DynamicLockProvider: onCreate() DI
05-01 02:19:13.395  4039  4303 D StorageManagerService: getExternalStorageMountMode: uid=10130 packageName=com.google.android.syncadapters.calendar
05-01 02:19:13.396  4039  4303 D CompatibilityChangeReporter: Compat change id reported: 135634846; UID 10130; state: DISABLED
05-01 02:19:13.398  4039  4068 D CompatibilityChangeReporter: Compat change id reported: 143937733; UID 10130; state: DISABLED
05-01 02:19:13.407  4039  4303 D JobServiceContext: sendStopMessageLocked stop reason: cancel() called by app, callingUid=1000 uid=1000 jobId=108077
05-01 02:19:13.431  3398  3398 I lmkd    : cached 0, sandbox(not0) 0
05-01 02:19:13.433  3398  3398 I lmkd    : Reclaim 'com.google.android.apps.photos:primes_lifeboat' (29948), uid 10164, oom_adj 999, state 19 to free 64212kB
05-01 02:19:13.434  3398  3398 I lmkd    : Reclaimed 64212kB at oom_adj 850
05-01 02:19:13.435  3603  3603 D Zygote  : Forked child process 30297
05-01 02:19:13.442  4039  4068 I ActivityManager: Start proc 30297:com.google.android.syncadapters.calendar/u0a130 for service {com.google.android.syncadapters.calendar/com.google.android.syncadapters.calendar.CalendarSyncAdapterService}
05-01 02:19:13.467  4039  4039 D StorageManagerService: getExternalStorageMountMode: uid=10164 packageName=com.google.android.apps.photos
05-01 02:19:13.468  4039  4039 D CompatibilityChangeReporter: Compat change id reported: 135634846; UID 10164; state: DISABLED
05-01 02:19:13.470  3603  3603 I Zygote  : Process 29948 exited due to signal 9 (Killed)
05-01 02:19:13.476  4039  4068 D CompatibilityChangeReporter: Compat change id reported: 143937733; UID 10164; state: ENABLED
05-01 02:19:13.476 17421 30296 I FSA2_GmsContactsSyncAdapter: @onPerformSync
05-01 02:19:13.484  4039  4053 I ActivityManager: Process com.google.android.apps.photos:primes_lifeboat (pid 29948) has died: cch+99 CEM (52,372)
05-01 02:19:13.493 30297 30297 E apters.calenda: Not starting debugger since process cannot load the jdwp agent.
05-01 02:19:13.495 30234 30284 W System  : ClassLoader referenced unknown path:
05-01 02:19:13.510 30297 30297 D ActivityThread: setConscryptValidator
05-01 02:19:13.510  4039  4070 I libprocessgroup: Successfully killed process cgroup uid 10164 pid 29948 in 0ms
05-01 02:19:13.510 30297 30297 D ActivityThread: setConscryptValidator - put
05-01 02:19:13.515 30234 30234 I DymLock|340025|DymBus: subscribe : com.samsung.android.dynamiclock.presentation.notifier.view.lss.LssNotifier@cb5485e
05-01 02:19:13.518  4039  6827 I ActivityManager: DSS OFF for com.google.android.syncadapters.calendar
05-01 02:19:13.518 30244 30287 I TetheringManager: registerTetheringEventCallback:com.aura.oobe.samsung
05-01 02:19:13.519 30244 30287 D ConnectivityManager: ConnectivityManager() mContext=com.ironsource.appmanager.app.MainApplication@b09c781 getOpPackageName()=com.aura.oobe.samsung getBasePackageName()=com.aura.oobe.samsung getPackageName()=com.aura.oobe.samsung
05-01 02:19:13.523  4039  6827 D ActivityManager: attachApplicationLocked() app=ProcessRecord{66f0b06 30297:com.google.android.syncadapters.calendar/u0a130} app.isolatedEntryPoint=null instr2=null
05-01 02:19:13.536 30234 30313 I DymLock|340025|SettingsHelperDLS: readSettingsDB()
05-01 02:19:13.538 30234 30234 I DymLock|340025|InternalCallHandler: registerNotifierHandler() handler [ia.g@bf0a43f]
05-01 02:19:13.538  4039  4635 I GenerationRegistry: mBackingStore.isClosed() : false
05-01 02:19:13.539 30234 30234 I DymLock|340025|InternalCallHandler: registerNotifierHandler() handler [ia.c@f3b510c]
05-01 02:19:13.540 30234 30234 I DymLock|340025|ReferenceUtil: isTestMode() false
05-01 02:19:13.541 30297 30297 D ActivityThread: handleBindApplication()++ app=com.google.android.syncadapters.calendar
05-01 02:19:13.546 30018 30037 I d.app.shareliv: Waiting for a blocking GC ProfileSaver
05-01 02:19:13.549  3603  3603 D Zygote  : Forked child process 30317
05-01 02:19:13.552  4039  4068 W ActivityManager: Slow operation: 86ms so far, now at startProcess: returned from zygote!
05-01 02:19:13.556 30234 30234 I DymLock|340025|FreshPackDataSource: new FreshPackDataSource
05-01 02:19:13.557  4039  4053 I GenerationRegistry: mBackingStore.isClosed() : false
05-01 02:19:13.558  4039  4068 W ActivityManager: Slow operation: 92ms so far, now at startProcess: done updating battery stats
05-01 02:19:13.558 30234 30234 I DymLock|340025|ReferenceUtil: isTestMode() false
05-01 02:19:13.558  4039  4068 W ActivityManager: Slow operation: 93ms so far, now at startProcess: building log message
05-01 02:19:13.559  4039  4068 I ActivityManager: Start proc 30317:com.google.android.apps.photos/u0a164 for service {com.google.android.apps.photos/androidx.work.impl.background.systemjob.SystemJobService}
05-01 02:19:13.559  4039  4068 W ActivityManager: Slow operation: 93ms so far, now at startProcess: starting to update pids map
05-01 02:19:13.559 30234 30234 I DymLock|340025|ReferenceUtil: isUpdateTestMode() false
05-01 02:19:13.560  4039  4068 W ActivityManager: Slow operation: 94ms so far, now at startProcess: done updating pids map
05-01 02:19:13.561 30297 30297 D ApplicationLoaders: Returning zygote-cached class loader: /system/framework/android.test.base.jar
05-01 02:19:13.589 30234 30234 I DymLock|340025|ContentValues: SEP model
05-01 02:19:13.590 30234 30313 E DymLock|340025|SettingsHelperDLS: Exception occurred
05-01 02:19:13.599 30234 30313 I DymLock|340025|SettingsHelperDLS: readSettingsDB() elapsed= 63
05-01 02:19:13.599 30234 30313 I DymLock|340025|SettingsHelperDLS: registerSettingsObserver()
05-01 02:19:13.613 30317 30317 E oid.apps.photo: Not starting debugger since process cannot load the jdwp agent.
05-01 02:19:13.618 30234 30234 W StubUtils: android.content.pm.PackageManager$NameNotFoundException: SamsungUX.DW.FreshP06.wallpapermulti
05-01 02:19:13.623 30297 30297 D LoadedApk: LoadedApk::makeApplication() appContext=android.app.ContextImpl@f3bef8e appContext.mOpPackageName=com.google.android.syncadapters.calendar appContext.mBasePackageName=com.google.android.syncadapters.calendar appContext.mPackageInfo=android.app.LoadedApk@55673af
05-01 02:19:13.623 30297 30297 D NetworkSecurityConfig: No Network Security Config specified, using platform default
05-01 02:19:13.627  4039  4039 W Looper  : Slow dispatch took 121ms main h=android.app.job.JobServiceEngine$JobHandler c=null m=0
05-01 02:19:13.630 30297 30297 D NetworkSecurityConfig: No Network Security Config specified, using platform default
05-01 02:19:13.635 30234 30234 I StubUt